Archive member included because of file (symbol)

build/z1/contiki-ng-z1.a(uart0-putchar.o)
                              udp-client.o (putchar)
build/z1/contiki-ng-z1.a(platform.o)
                              build/z1/obj/contiki-main.o (platform_init_stage_one)
build/z1/contiki-ng-z1.a(msp430.o)
                              build/z1/contiki-ng-z1.a(platform.o) (msp430_dco_required)
build/z1/contiki-ng-z1.a(clock.o)
                              build/z1/obj/contiki-main.o (clock_init)
build/z1/contiki-ng-z1.a(watchdog.o)
                              build/z1/obj/contiki-main.o (watchdog_start)
build/z1/contiki-ng-z1.a(autostart.o)
                              build/z1/obj/contiki-main.o (autostart_start)
build/z1/contiki-ng-z1.a(ctimer.o)
                              build/z1/obj/contiki-main.o (ctimer_init)
build/z1/contiki-ng-z1.a(energest.o)
                              build/z1/obj/contiki-main.o (energest_init)
build/z1/contiki-ng-z1.a(etimer.o)
                              build/z1/contiki-ng-z1.a(clock.o) (etimer_request_poll)
build/z1/contiki-ng-z1.a(log.o)
                              udp-client.o (log_6addr)
build/z1/contiki-ng-z1.a(process.o)
                              build/z1/contiki-ng-z1.a(ctimer.o) (process_current)
build/z1/contiki-ng-z1.a(rtimer.o)
                              build/z1/obj/contiki-main.o (rtimer_init)
build/z1/contiki-ng-z1.a(node-id.o)
                              build/z1/obj/contiki-main.o (node_id_init)
build/z1/contiki-ng-z1.a(timer.o)
                              build/z1/contiki-ng-z1.a(platform.o) (timer_set)
build/z1/contiki-ng-z1.a(stack-check.o)
                              build/z1/obj/contiki-main.o (stack_check_init)
build/z1/contiki-ng-z1.a(list.o)
                              build/z1/contiki-ng-z1.a(ctimer.o) (list_init)
build/z1/contiki-ng-z1.a(random.o)
                              build/z1/contiki-ng-z1.a(platform.o) (random_init)
build/z1/contiki-ng-z1.a(queuebuf.o)
                              build/z1/obj/contiki-main.o (queuebuf_init)
build/z1/contiki-ng-z1.a(packetbuf.o)
                              build/z1/contiki-ng-z1.a(queuebuf.o) (packetbuf_copyto)
build/z1/contiki-ng-z1.a(netstack.o)
                              build/z1/obj/contiki-main.o (netstack_init)
build/z1/contiki-ng-z1.a(linkaddr.o)
                              build/z1/contiki-ng-z1.a(platform.o) (linkaddr_copy)
build/z1/contiki-ng-z1.a(csma.o)
                              build/z1/obj/contiki-main.o (csma_driver)
build/z1/contiki-ng-z1.a(csma-output.o)
                              build/z1/contiki-ng-z1.a(csma.o) (csma_output_packet)
build/z1/contiki-ng-z1.a(uip-ds6.o)
                              build/z1/obj/contiki-main.o (uip_ds6_get_link_local)
build/z1/contiki-ng-z1.a(tcpip.o)
                              build/z1/obj/contiki-main.o (tcpip_process)
build/z1/contiki-ng-z1.a(uip-ds6-route.o)
                              build/z1/contiki-ng-z1.a(uip-ds6.o) (uip_ds6_route_init)
build/z1/contiki-ng-z1.a(uip-ds6-nbr.o)
                              build/z1/contiki-ng-z1.a(uip-ds6.o) (uip_ds6_neighbors_init)
build/z1/contiki-ng-z1.a(uip6.o)
                              build/z1/contiki-ng-z1.a(tcpip.o) (uip_aligned_buf)
build/z1/contiki-ng-z1.a(uip-nd6.o)
                              build/z1/contiki-ng-z1.a(uip6.o) (uip_nd6_init)
build/z1/contiki-ng-z1.a(simple-udp.o)
                              udp-client.o (simple_udp_sendto)
build/z1/contiki-ng-z1.a(sicslowpan.o)
                              build/z1/obj/contiki-main.o (sicslowpan_driver)
build/z1/contiki-ng-z1.a(uiplib.o)
                              build/z1/contiki-ng-z1.a(log.o) (uiplib_ipaddr_snprint)
build/z1/contiki-ng-z1.a(rpl.o)
                              udp-client.o (rpl_lite_driver)
build/z1/contiki-ng-z1.a(rpl-icmp6.o)
                              build/z1/contiki-ng-z1.a(rpl.o) (rpl_icmp6_init)
build/z1/contiki-ng-z1.a(rpl-dag.o)
                              build/z1/contiki-ng-z1.a(rpl.o) (curr_instance)
build/z1/contiki-ng-z1.a(rpl-dag-root.o)
                              build/z1/contiki-ng-z1.a(rpl.o) (rpl_dag_root_set_prefix)
build/z1/contiki-ng-z1.a(contiki-z1-plat)
                              build/z1/contiki-ng-z1.a(platform.o) (init_platform)
build/z1/contiki-ng-z1.a(leds.o)
                              build/z1/contiki-ng-z1.a(platform.o) (leds_init)
build/z1/contiki-ng-z1.a(xmem.o)
                              build/z1/contiki-ng-z1.a(platform.o) (xmem_init)
build/z1/contiki-ng-z1.a(spi-legacy.o)
                              build/z1/contiki-ng-z1.a(xmem.o) (spi_init)
build/z1/contiki-ng-z1.a(cc2420.o)
                              build/z1/contiki-ng-z1.a(platform.o) (cc2420_set_pan_addr)
build/z1/contiki-ng-z1.a(cc2420-arch.o)
                              build/z1/contiki-ng-z1.a(cc2420.o) (cc2420_arch_init)
build/z1/contiki-ng-z1.a(node-id-z1.o)
                              build/z1/contiki-ng-z1.a(platform.o) (node_id_z1_restore)
[...]
Memory Configuration

Name             Origin             Length             Attributes
sfr              0x0000000000000000 0x0000000000000010
peripheral_8bit  0x0000000000000010 0x00000000000000f0
peripheral_16bit 0x0000000000000100 0x0000000000000100
ram_mirror       0x0000000000000200 0x0000000000000800 xw
infomem          0x0000000000001000 0x0000000000000100
infod            0x0000000000001000 0x0000000000000040
infoc            0x0000000000001040 0x0000000000000040
infob            0x0000000000001080 0x0000000000000040
infoa            0x00000000000010c0 0x0000000000000040
ram              0x0000000000001100 0x0000000000002000 xw
rom              0x0000000000003100 0x000000000000cebe xr
vectors          0x000000000000ffc0 0x0000000000000040
far_rom          0x0000000000010000 0x000000000000a000
bsl              0x0000000000000000 0x0000000000000000
ram2             0x0000000000000000 0x0000000000000000 xw
usbram           0x0000000000000000 0x0000000000000000 xw
*default*        0x0000000000000000 0xffffffffffffffff

Linker script and memory map

LOAD /usr/lib/gcc/msp430/4.6.3/mcpu-430x/mmpy-16/crt0ivtbl32.o
                0x0000000000000041                __P1SEL2 = 0x41
                0x0000000000000045                __P5SEL2 = 0x45
                0x0000000000002ab4                _stack = _end
LOAD udp-client.o
LOAD build/z1/obj/contiki-main.o
LOAD build/z1/contiki-ng-z1.a
LOAD /usr/lib/gcc/msp430/4.6.3/mcpu-430x/mmpy-16/libgcc.a
LOAD /usr/lib/gcc/msp430/4.6.3/../../../../msp430/lib/mcpu-430x/mmpy-16/libc.a
LOAD /usr/lib/gcc/msp430/4.6.3/mcpu-430x/mmpy-16/libgcc.a
LOAD /usr/lib/gcc/msp430/4.6.3/mcpu-430x/mmpy-16/libcrt0.a
                0x0000000000000040                PROVIDE (__info_segment_size, 0x40)
                0x0000000000001000                PROVIDE (__infod, 0x1000)
                0x0000000000001040                PROVIDE (__infoc, 0x1040)
                0x0000000000001080                PROVIDE (__infob, 0x1080)
                0x00000000000010c0                PROVIDE (__infoa, 0x10c0)
                0x0000000000000000                __IE1 = 0x0
                0x0000000000000002                __IFG1 = 0x2
                0x0000000000000001                __IE2 = 0x1
                0x0000000000000003                __IFG2 = 0x3
                0x0000000000000006                __UC1IE = 0x6
                0x0000000000000007                __UC1IFG = 0x7
                0x00000000000001a0                __ADC12CTL0 = 0x1a0
                0x00000000000001a2                __ADC12CTL1 = 0x1a2
                0x00000000000001a4                __ADC12IFG = 0x1a4
                0x00000000000001a6                __ADC12IE = 0x1a6
                0x00000000000001a8                __ADC12IV = 0x1a8
                0x0000000000000140                __ADC12MEM0 = 0x140
                0x0000000000000142                __ADC12MEM1 = 0x142
                0x0000000000000144                __ADC12MEM2 = 0x144
                0x0000000000000146                __ADC12MEM3 = 0x146
                0x0000000000000148                __ADC12MEM4 = 0x148
                0x000000000000014a                __ADC12MEM5 = 0x14a
                0x000000000000014c                __ADC12MEM6 = 0x14c
                0x000000000000014e                __ADC12MEM7 = 0x14e
                0x0000000000000150                __ADC12MEM8 = 0x150
                0x0000000000000152                __ADC12MEM9 = 0x152
                0x0000000000000154                __ADC12MEM10 = 0x154
                0x0000000000000156                __ADC12MEM11 = 0x156
                0x0000000000000158                __ADC12MEM12 = 0x158
                0x000000000000015a                __ADC12MEM13 = 0x15a
                0x000000000000015c                __ADC12MEM14 = 0x15c
                0x000000000000015e                __ADC12MEM15 = 0x15e
                0x0000000000000080                __ADC12MCTL0 = 0x80
                0x0000000000000081                __ADC12MCTL1 = 0x81
                0x0000000000000082                __ADC12MCTL2 = 0x82
                0x0000000000000083                __ADC12MCTL3 = 0x83
                0x0000000000000084                __ADC12MCTL4 = 0x84
                0x0000000000000085                __ADC12MCTL5 = 0x85
                0x0000000000000086                __ADC12MCTL6 = 0x86
                0x0000000000000087                __ADC12MCTL7 = 0x87
                0x0000000000000088                __ADC12MCTL8 = 0x88
                0x0000000000000089                __ADC12MCTL9 = 0x89
                0x000000000000008a                __ADC12MCTL10 = 0x8a
                0x000000000000008b                __ADC12MCTL11 = 0x8b
                0x000000000000008c                __ADC12MCTL12 = 0x8c
                0x000000000000008d                __ADC12MCTL13 = 0x8d
                0x000000000000008e                __ADC12MCTL14 = 0x8e
                0x000000000000008f                __ADC12MCTL15 = 0x8f
                0x0000000000000056                __DCOCTL = 0x56
                0x0000000000000057                __BCSCTL1 = 0x57
                0x0000000000000058                __BCSCTL2 = 0x58
                0x0000000000000053                __BCSCTL3 = 0x53
                0x0000000000000059                __CACTL1 = 0x59
                0x000000000000005a                __CACTL2 = 0x5a
                0x000000000000005b                __CAPD = 0x5b
                0x00000000000001c0                __DAC12_0CTL = 0x1c0
                0x00000000000001c2                __DAC12_1CTL = 0x1c2
                0x00000000000001c8                __DAC12_0DAT = 0x1c8
                0x00000000000001ca                __DAC12_1DAT = 0x1ca
                0x0000000000000122                __DMACTL0 = 0x122
                0x0000000000000124                __DMACTL1 = 0x124
                0x0000000000000126                __DMAIV = 0x126
                0x00000000000001d0                __DMA0CTL = 0x1d0
                0x00000000000001dc                __DMA1CTL = 0x1dc
                0x00000000000001e8                __DMA2CTL = 0x1e8
                0x00000000000001d2                __DMA0SA = 0x1d2
                0x00000000000001d2                __DMA0SAL = 0x1d2
                0x00000000000001d6                __DMA0DA = 0x1d6
                0x00000000000001d6                __DMA0DAL = 0x1d6
                0x00000000000001da                __DMA0SZ = 0x1da
                0x00000000000001de                __DMA1SA = 0x1de
                0x00000000000001de                __DMA1SAL = 0x1de
                0x00000000000001e2                __DMA1DA = 0x1e2
                0x00000000000001e2                __DMA1DAL = 0x1e2
                0x00000000000001e6                __DMA1SZ = 0x1e6
                0x00000000000001ea                __DMA2SA = 0x1ea
                0x00000000000001ea                __DMA2SAL = 0x1ea
                0x00000000000001ee                __DMA2DA = 0x1ee
                0x00000000000001ee                __DMA2DAL = 0x1ee
                0x00000000000001f2                __DMA2SZ = 0x1f2
                0x0000000000000128                __FCTL1 = 0x128
                0x000000000000012a                __FCTL2 = 0x12a
                0x000000000000012c                __FCTL3 = 0x12c
                0x00000000000001be                __FCTL4 = 0x1be
                0x0000000000000130                __MPY = 0x130
                0x0000000000000132                __MPYS = 0x132
                0x0000000000000134                __MAC = 0x134
                0x0000000000000136                __MACS = 0x136
                0x0000000000000138                __OP2 = 0x138
                0x000000000000013a                __RESLO = 0x13a
                0x000000000000013c                __RESHI = 0x13c
                0x000000000000013e                __SUMEXT = 0x13e
                0x0000000000000020                __P1IN = 0x20
                0x0000000000000021                __P1OUT = 0x21
                0x0000000000000022                __P1DIR = 0x22
                0x0000000000000023                __P1IFG = 0x23
                0x0000000000000024                __P1IES = 0x24
                0x0000000000000025                __P1IE = 0x25
                0x0000000000000026                __P1SEL = 0x26
                0x0000000000000027                __P1REN = 0x27
                0x0000000000000028                __P2IN = 0x28
                0x0000000000000029                __P2OUT = 0x29
                0x000000000000002a                __P2DIR = 0x2a
                0x000000000000002b                __P2IFG = 0x2b
                0x000000000000002c                __P2IES = 0x2c
                0x000000000000002d                __P2IE = 0x2d
                0x000000000000002e                __P2SEL = 0x2e
                0x000000000000002f                __P2REN = 0x2f
                0x0000000000000018                __P3IN = 0x18
                0x0000000000000019                __P3OUT = 0x19
                0x000000000000001a                __P3DIR = 0x1a
                0x000000000000001b                __P3SEL = 0x1b
                0x0000000000000010                __P3REN = 0x10
                0x000000000000001c                __P4IN = 0x1c
                0x000000000000001d                __P4OUT = 0x1d
                0x000000000000001e                __P4DIR = 0x1e
                0x000000000000001f                __P4SEL = 0x1f
                0x0000000000000011                __P4REN = 0x11
                0x0000000000000030                __P5IN = 0x30
                0x0000000000000031                __P5OUT = 0x31
                0x0000000000000032                __P5DIR = 0x32
                0x0000000000000033                __P5SEL = 0x33
                0x0000000000000012                __P5REN = 0x12
                0x0000000000000034                __P6IN = 0x34
                0x0000000000000035                __P6OUT = 0x35
                0x0000000000000036                __P6DIR = 0x36
                0x0000000000000037                __P6SEL = 0x37
                0x0000000000000013                __P6REN = 0x13
                0x0000000000000038                __P7IN = 0x38
                0x000000000000003a                __P7OUT = 0x3a
                0x000000000000003c                __P7DIR = 0x3c
                0x000000000000003e                __P7SEL = 0x3e
                0x0000000000000014                __P7REN = 0x14
                0x0000000000000039                __P8IN = 0x39
                0x000000000000003b                __P8OUT = 0x3b
                0x000000000000003d                __P8DIR = 0x3d
                0x000000000000003f                __P8SEL = 0x3f
                0x0000000000000015                __P8REN = 0x15
                0x0000000000000038                __PAIN = 0x38
                0x000000000000003a                __PAOUT = 0x3a
                0x000000000000003c                __PADIR = 0x3c
                0x000000000000003e                __PASEL = 0x3e
                0x0000000000000014                __PAREN = 0x14
                0x0000000000000055                __SVSCTL = 0x55
                0x000000000000012e                __TAIV = 0x12e
                0x0000000000000160                __TACTL = 0x160
                0x0000000000000162                __TACCTL0 = 0x162
                0x0000000000000164                __TACCTL1 = 0x164
                0x0000000000000166                __TACCTL2 = 0x166
                0x0000000000000170                __TAR = 0x170
                0x0000000000000172                __TACCR0 = 0x172
                0x0000000000000174                __TACCR1 = 0x174
                0x0000000000000176                __TACCR2 = 0x176
                0x000000000000011e                __TBIV = 0x11e
                0x0000000000000180                __TBCTL = 0x180
                0x0000000000000182                __TBCCTL0 = 0x182
                0x0000000000000184                __TBCCTL1 = 0x184
                0x0000000000000186                __TBCCTL2 = 0x186
                0x0000000000000188                __TBCCTL3 = 0x188
                0x000000000000018a                __TBCCTL4 = 0x18a
                0x000000000000018c                __TBCCTL5 = 0x18c
                0x000000000000018e                __TBCCTL6 = 0x18e
                0x0000000000000190                __TBR = 0x190
                0x0000000000000192                __TBCCR0 = 0x192
                0x0000000000000194                __TBCCR1 = 0x194
                0x0000000000000196                __TBCCR2 = 0x196
                0x0000000000000198                __TBCCR3 = 0x198
                0x000000000000019a                __TBCCR4 = 0x19a
                0x000000000000019c                __TBCCR5 = 0x19c
                0x000000000000019e                __TBCCR6 = 0x19e
                0x0000000000000060                __UCA0CTL0 = 0x60
                0x0000000000000061                __UCA0CTL1 = 0x61
                0x0000000000000062                __UCA0BR0 = 0x62
                0x0000000000000063                __UCA0BR1 = 0x63
                0x0000000000000064                __UCA0MCTL = 0x64
                0x0000000000000065                __UCA0STAT = 0x65
                0x0000000000000066                __UCA0RXBUF = 0x66
                0x0000000000000067                __UCA0TXBUF = 0x67
                0x000000000000005d                __UCA0ABCTL = 0x5d
                0x000000000000005e                __UCA0IRTCTL = 0x5e
                0x000000000000005f                __UCA0IRRCTL = 0x5f
                0x0000000000000068                __UCB0CTL0 = 0x68
                0x0000000000000069                __UCB0CTL1 = 0x69
                0x000000000000006a                __UCB0BR0 = 0x6a
                0x000000000000006b                __UCB0BR1 = 0x6b
                0x000000000000006c                __UCB0I2CIE = 0x6c
                0x000000000000006d                __UCB0STAT = 0x6d
                0x000000000000006e                __UCB0RXBUF = 0x6e
                0x000000000000006f                __UCB0TXBUF = 0x6f
                0x0000000000000118                __UCB0I2COA = 0x118
                0x000000000000011a                __UCB0I2CSA = 0x11a
                0x00000000000000d0                __UCA1CTL0 = 0xd0
                0x00000000000000d1                __UCA1CTL1 = 0xd1
                0x00000000000000d2                __UCA1BR0 = 0xd2
                0x00000000000000d3                __UCA1BR1 = 0xd3
                0x00000000000000d4                __UCA1MCTL = 0xd4
                0x00000000000000d5                __UCA1STAT = 0xd5
                0x00000000000000d6                __UCA1RXBUF = 0xd6
                0x00000000000000d7                __UCA1TXBUF = 0xd7
                0x00000000000000cd                __UCA1ABCTL = 0xcd
                0x00000000000000ce                __UCA1IRTCTL = 0xce
                0x00000000000000cf                __UCA1IRRCTL = 0xcf
                0x00000000000000d8                __UCB1CTL0 = 0xd8
                0x00000000000000d9                __UCB1CTL1 = 0xd9
                0x00000000000000da                __UCB1BR0 = 0xda
                0x00000000000000db                __UCB1BR1 = 0xdb
                0x00000000000000dc                __UCB1I2CIE = 0xdc
                0x00000000000000dd                __UCB1STAT = 0xdd
                0x00000000000000de                __UCB1RXBUF = 0xde
                0x00000000000000df                __UCB1TXBUF = 0xdf
                0x000000000000017c                __UCB1I2COA = 0x17c
                0x000000000000017e                __UCB1I2CSA = 0x17e
                0x0000000000000120                __WDTCTL = 0x120
                0x00000000000010c0                __TLV_CHECKSUM = 0x10c0
                0x00000000000010f6                __TLV_DCO_30_TAG = 0x10f6
                0x00000000000010f7                __TLV_DCO_30_LEN = 0x10f7
                0x00000000000010da                __TLV_ADC12_1_TAG = 0x10da
                0x00000000000010db                __TLV_ADC12_1_LEN = 0x10db
                0x00000000000010f8                __CALDCO_16MHZ = 0x10f8
                0x00000000000010f9                __CALBC1_16MHZ = 0x10f9
                0x00000000000010fa                __CALDCO_12MHZ = 0x10fa
                0x00000000000010fb                __CALBC1_12MHZ = 0x10fb
                0x00000000000010fc                __CALDCO_8MHZ = 0x10fc
                0x00000000000010fd                __CALBC1_8MHZ = 0x10fd
                0x00000000000010fe                __CALDCO_1MHZ = 0x10fe
                0x00000000000010ff                __CALBC1_1MHZ = 0x10ff

.hash
 *(.hash)

.dynsym
 *(.dynsym)

.dynstr
 *(.dynstr)

.gnu.version
 *(.gnu.version)

.gnu.version_d
 *(.gnu.version_d)

.gnu.version_r
 *(.gnu.version_r)

.rel.init
 *(.rel.init)

.rela.init
 *(.rela.init)

.rel.fini
 *(.rel.fini)

.rela.fini
 *(.rela.fini)

.rel.text
 *(.rel.text .rel.text.* .rel.gnu.linkonce.t.*)

.rela.text
 *(.rela.text .rela.text.* .rela.gnu.linkonce.t.*)

.rel.rodata
 *(.rel.rodata .rel.rodata.* .rel.gnu.linkonce.r.*)

.rela.rodata
 *(.rela.rodata .rela.rodata.* .rela.gnu.linkonce.r.*)

.rel.data
 *(.rel.data .rel.data.* .rel.gnu.linkonce.d.*)

.rela.data
 *(.rela.data .rela.data.* .rela.gnu.linkonce.d.*)

.rel.bss
 *(.rel.bss .rel.bss.* .rel.gnu.linkonce.b.*)

.rela.bss
 *(.rela.bss .rela.bss.* .rela.gnu.linkonce.b.*)

.rel.ctors
 *(.rel.ctors)

.rela.ctors
 *(.rela.ctors)

.rel.dtors
 *(.rel.dtors)

.rela.dtors
 *(.rela.dtors)

.rel.got
 *(.rel.got)

.rela.got
 *(.rela.got)

.rel.plt
 *(.rel.plt)

.rela.plt
 *(.rela.plt)

.text           0x0000000000003100     0xb594
                0x0000000000003100                . = ALIGN (0x2)
 *(.init .init.*)
 *(.init0)
 .init0         0x0000000000003100        0x0 /usr/lib/gcc/msp430/4.6.3/mcpu-430x/mmpy-16/libcrt0.a(_reset_vector__.o)
                0x0000000000003100                _reset_vector__
 *(.init1)
 .init1         0x0000000000003100        0xc /usr/lib/gcc/msp430/4.6.3/mcpu-430x/mmpy-16/libcrt0.a(__watchdog_support.o)
                0x0000000000003100                __watchdog_support
 *(.init2)
 .init2         0x000000000000310c        0x4 /usr/lib/gcc/msp430/4.6.3/mcpu-430x/mmpy-16/libcrt0.a(__init_stack.o)
                0x000000000000310c                __init_stack
 *(.init3)
 .init3         0x0000000000003110        0x0 /usr/lib/gcc/msp430/4.6.3/mcpu-430x/mmpy-16/libcrt0.a(__low_level_init.o)
                0x0000000000003110                __low_level_init
 *(.init4)
 .init4         0x0000000000003110       0x18 /usr/lib/gcc/msp430/4.6.3/mcpu-430x/mmpy-16/libcrt0.a(_copy_data.o)
                0x0000000000003110                __do_copy_data
 .init4         0x0000000000003128       0x16 /usr/lib/gcc/msp430/4.6.3/mcpu-430x/mmpy-16/libcrt0.a(_clear_bss.o)
                0x0000000000003128                __do_clear_bss
 *(.init5)
 *(.init6)
 *(.init7)
 *(.init8)
 *(.init9)
 .init9         0x000000000000313e      0x232 build/z1/obj/contiki-main.o
                0x000000000000313e                main
 *(.fini9)
 .fini9         0x0000000000003370        0x0 /usr/lib/gcc/msp430/4.6.3/mcpu-430x/mmpy-16/libcrt0.a(__stop_progExec__.o)
                0x0000000000003370                __stop_progExec__
 *(.fini8)
 *(.fini7)
 *(.fini6)
 *(.fini5)
 *(.fini4)
 *(.fini3)
 *(.fini2)
 *(.fini1)
 *(.fini0)
 .fini0         0x0000000000003370        0x6 /usr/lib/gcc/msp430/4.6.3/mcpu-430x/mmpy-16/libcrt0.a(_endless_loop__.o)
                0x0000000000003370                _endless_loop__
 *(.fini .fini.*)
                0x0000000000003376                . = ALIGN (0x2)
                0x0000000000003376                __ctors_start = .
 *(.ctors)
                0x0000000000003376                __ctors_end = .
                0x0000000000003376                __dtors_start = .
 *(.dtors)
                0x0000000000003376                __dtors_end = .
                0x0000000000003376                . = ALIGN (0x2)
 *(.text .text.* .gnu.linkonce.t.*)
 .text          0x0000000000003376        0x4 /usr/lib/gcc/msp430/4.6.3/mcpu-430x/mmpy-16/crt0ivtbl32.o
                0x0000000000003376                __isr_14
                0x0000000000003376                __isr_4
                0x0000000000003376                __isr_29
                0x0000000000003376                __isr_11
                0x0000000000003376                __isr_5
                0x0000000000003376                __isr_2
                0x0000000000003376                __isr_10
                0x0000000000003376                __isr_7
                0x0000000000003376                __isr_0
                0x0000000000003376                __isr_28
                0x0000000000003376                __isr_8
                0x0000000000003376                __isr_20
                0x0000000000003376                __isr_3
                0x0000000000003376                __isr_12
                0x0000000000003376                __isr_13
                0x0000000000003376                __isr_27
                0x0000000000003376                __isr_9
                0x0000000000003376                __isr_30
                0x0000000000003376                __isr_6
                0x0000000000003376                __isr_22
                0x0000000000003376                __isr_1
                0x0000000000003376                __isr_15
                0x0000000000003376                __isr_21
 .text.crt0     0x000000000000337a        0x0 /usr/lib/gcc/msp430/4.6.3/mcpu-430x/mmpy-16/crt0ivtbl32.o
 .text          0x000000000000337a      0x15e udp-client.o
 .text          0x00000000000034d8        0x0 build/z1/obj/contiki-main.o
 .text          0x00000000000034d8       0x10 build/z1/contiki-ng-z1.a(uart0-putchar.o)
                0x00000000000034d8                putchar
 .text          0x00000000000034e8      0x198 build/z1/contiki-ng-z1.a(platform.o)
                0x00000000000034e8                uip_log
                0x00000000000034ee                platform_init_stage_one
                0x0000000000003500                platform_init_stage_two
                0x00000000000035ba                platform_init_stage_three
                0x000000000000362c                platform_idle
 .text          0x0000000000003680       0xe8 build/z1/contiki-ng-z1.a(msp430.o)
                0x0000000000003680                msp430_init_dco
                0x00000000000036a8                msp430_add_lpm_req
                0x00000000000036b4                msp430_remove_lpm_req
                0x00000000000036c0                splhigh_
                0x00000000000036c8                msp430_sync_dco
                0x000000000000373a                msp430_cpu_init
 .text          0x0000000000003768      0x1ae build/z1/contiki-ng-z1.a(clock.o)
                0x0000000000003768                __isr_24
                0x0000000000003768                timera1
                0x0000000000003838                clock_time
                0x0000000000003852                clock_set
                0x0000000000003868                clock_fine_max
                0x000000000000386e                clock_fine
                0x000000000000387a                clock_init
                0x00000000000038a2                clock_delay
                0x00000000000038ae                clock_wait
                0x00000000000038d6                clock_set_seconds
                0x00000000000038ee                clock_seconds
                0x0000000000003908                clock_counter
 .text          0x0000000000003916       0x5c build/z1/contiki-ng-z1.a(watchdog.o)
                0x0000000000003916                __isr_26
                0x0000000000003916                watchdog_interrupt
                0x000000000000391c                watchdog_start
                0x0000000000003930                watchdog_periodic
                0x0000000000003942                watchdog_stop
                0x0000000000003958                watchdog_init
                0x000000000000396c                watchdog_reboot
 .text          0x0000000000003972       0x2a build/z1/contiki-ng-z1.a(autostart.o)
                0x0000000000003972                autostart_start
                0x0000000000003988                autostart_exit
 .text          0x000000000000399c      0x1c4 build/z1/contiki-ng-z1.a(ctimer.o)
                0x0000000000003a38                ctimer_init
                0x0000000000003a50                ctimer_set_with_process
                0x0000000000003a9e                ctimer_set
                0x0000000000003aae                ctimer_reset
                0x0000000000003ada                ctimer_restart
                0x0000000000003b06                ctimer_stop
                0x0000000000003b2e                ctimer_expired
 .text          0x0000000000003b60        0xe build/z1/contiki-ng-z1.a(energest.o)
                0x0000000000003b60                energest_init
                0x0000000000003b62                energest_flush
                0x0000000000003b64                energest_get_total_time
 .text          0x0000000000003b6e      0x270 build/z1/contiki-ng-z1.a(etimer.o)
                0x0000000000003bde                etimer_request_poll
                0x0000000000003ce8                etimer_set
                0x0000000000003cfa                etimer_reset_with_new_interval
                0x0000000000003d18                etimer_reset
                0x0000000000003d2a                etimer_restart
                0x0000000000003d3c                etimer_adjust
                0x0000000000003d56                etimer_expired
                0x0000000000003d64                etimer_expiration_time
                0x0000000000003d78                etimer_start_time
                0x0000000000003d80                etimer_pending
                0x0000000000003d8c                etimer_next_expiration_time
                0x0000000000003da2                etimer_stop
 .text          0x0000000000003dde      0x1dc build/z1/contiki-ng-z1.a(log.o)
                0x0000000000003dde                log_6addr
                0x0000000000003e10                log_6addr_compact_snprint
                0x0000000000003e6c                log_6addr_compact
                0x0000000000003e9a                log_lladdr
                0x0000000000003eda                log_lladdr_compact
                0x0000000000003f18                log_set_level
                0x0000000000003f64                log_get_level
                0x0000000000003fa6                log_level_to_str
 .text          0x0000000000003fba      0x282 build/z1/contiki-ng-z1.a(process.o)
                0x00000000000040ba                process_alloc_event
                0x00000000000040c8                process_exit
                0x00000000000040d2                process_init
                0x00000000000040ee                process_run
                0x000000000000417a                process_nevents
                0x0000000000004188                process_post
                0x00000000000041d2                process_post_synch
                0x00000000000041e4                process_start
                0x0000000000004216                process_poll
                0x000000000000422e                process_is_running
 .text          0x000000000000423c       0x50 build/z1/contiki-ng-z1.a(rtimer.o)
                0x000000000000423c                rtimer_init
                0x0000000000004242                rtimer_set
                0x0000000000004266                rtimer_run_next
 .text          0x000000000000428c       0x14 build/z1/contiki-ng-z1.a(node-id.o)
                0x000000000000428c                node_id_init
 .text          0x00000000000042a0       0x9a build/z1/contiki-ng-z1.a(timer.o)
                0x00000000000042a0                timer_set
                0x00000000000042bc                timer_restart
                0x00000000000042d0                timer_expired
                0x00000000000042fa                timer_reset
                0x0000000000004316                timer_remaining
 .text          0x000000000000433a      0x178 build/z1/contiki-ng-z1.a(stack-check.o)
                0x000000000000433a                stack_check_init
                0x0000000000004368                stack_check_get_usage
                0x0000000000004496                stack_check_get_reserved_size
 .text          0x00000000000044b2      0x114 build/z1/contiki-ng-z1.a(list.o)
                0x00000000000044b2                list_init
                0x00000000000044b8                list_head
                0x00000000000044bc                list_copy
                0x00000000000044c2                list_tail
                0x00000000000044d4                list_chop
                0x00000000000044f8                list_pop
                0x0000000000004506                list_remove
                0x000000000000453a                list_push
                0x0000000000004550                list_add
                0x0000000000004576                list_length
                0x0000000000004586                list_insert
                0x00000000000045a8                list_item_next
                0x00000000000045b4                list_contains
 .text          0x00000000000045c6        0xc build/z1/contiki-ng-z1.a(random.o)
                0x00000000000045c6                random_init
                0x00000000000045cc                random_rand
 .text          0x00000000000045d2      0x13c build/z1/contiki-ng-z1.a(queuebuf.o)
                0x00000000000045d2                queuebuf_init
                0x00000000000045e4                queuebuf_numfree
                0x00000000000045ee                queuebuf_new_from_packetbuf
                0x000000000000463c                queuebuf_update_attr_from_packetbuf
                0x000000000000464e                queuebuf_update_from_packetbuf
                0x0000000000004670                queuebuf_free
                0x000000000000469a                queuebuf_to_packetbuf
                0x00000000000046cc                queuebuf_dataptr
                0x00000000000046e8                queuebuf_datalen
                0x00000000000046f0                queuebuf_addr
                0x00000000000046fe                queuebuf_attr
                0x000000000000470c                queuebuf_debug_print
 .text          0x000000000000470e      0x1c0 build/z1/contiki-ng-z1.a(packetbuf.o)
                0x000000000000470e                packetbuf_hdrreduce
                0x0000000000004728                packetbuf_set_datalen
                0x000000000000472e                packetbuf_hdrptr
                0x0000000000004734                packetbuf_datalen
                0x000000000000473a                packetbuf_hdrlen
                0x0000000000004744                packetbuf_dataptr
                0x0000000000004750                packetbuf_copyto
                0x000000000000478a                packetbuf_totlen
                0x0000000000004796                packetbuf_hdralloc
                0x00000000000047d0                packetbuf_remaininglen
                0x00000000000047de                packetbuf_attr_clear
                0x0000000000004806                packetbuf_clear
                0x0000000000004818                packetbuf_copyfrom
                0x0000000000004842                packetbuf_attr_copyto
                0x0000000000004864                packetbuf_attr_copyfrom
                0x0000000000004888                packetbuf_set_attr
                0x0000000000004894                packetbuf_attr
                0x000000000000489e                packetbuf_set_addr
                0x00000000000048b2                packetbuf_addr
                0x00000000000048c0                packetbuf_holds_broadcast
 .text          0x00000000000048ce       0x74 build/z1/contiki-ng-z1.a(netstack.o)
                0x00000000000048ce                netstack_process_ip_callback
                0x0000000000004918                netstack_ip_packet_processor_add
                0x0000000000004928                uip_ds6_ip_packet_processor_rm
                0x0000000000004934                netstack_init
 .text          0x0000000000004942       0x26 build/z1/contiki-ng-z1.a(linkaddr.o)
                0x0000000000004942                linkaddr_copy
                0x000000000000494a                linkaddr_cmp
                0x000000000000495c                linkaddr_set_node_addr
 .text          0x0000000000004968       0x86 build/z1/contiki-ng-z1.a(csma.o)
 .text          0x00000000000049ee      0x414 build/z1/contiki-ng-z1.a(csma-output.o)
                0x0000000000004c78                csma_output_packet
                0x0000000000004de8                csma_output_init
 .text          0x0000000000004e02      0x6ea build/z1/contiki-ng-z1.a(uip-ds6.o)
                0x0000000000004e02                uip_ds6_default_prefix
                0x0000000000004e08                uip_ds6_set_default_prefix
                0x0000000000004e18                uip_ds6_list_loop
                0x0000000000004e8a                uip_ds6_prefix_add
                0x0000000000004efa                uip_ds6_prefix_rm
                0x0000000000004f04                uip_ds6_prefix_lookup
                0x0000000000004f2c                uip_ds6_is_addr_onlink
                0x0000000000004f6e                uip_ds6_addr_lookup
                0x0000000000004f98                uip_ds6_get_link_local
                0x0000000000004fd6                uip_ds6_get_global
                0x0000000000005014                uip_ds6_maddr_add
                0x000000000000505c                uip_ds6_addr_add
                0x0000000000005110                uip_ds6_maddr_rm
                0x000000000000511a                uip_ds6_maddr_lookup
                0x0000000000005144                uip_ds6_addr_rm
                0x0000000000005198                uip_ds6_periodic
                0x00000000000051de                uip_ds6_aaddr_add
                0x0000000000005224                uip_ds6_aaddr_rm
                0x000000000000522e                uip_ds6_aaddr_lookup
                0x0000000000005256                uip_ds6_set_addr_iid
                0x000000000000526a                uip_ds6_set_lladdr_from_iid
                0x000000000000527e                get_match_length
                0x00000000000052b8                uip_ds6_select_src
                0x0000000000005352                uip_ds6_compute_reachable_time
                0x0000000000005388                uip_ds6_init
 .text          0x00000000000054ec      0x2c0 build/z1/contiki-ng-z1.a(tcpip.o)
                0x00000000000054ec                tcpip_output
                0x000000000000550e                udp_attach
                0x000000000000551a                udp_new
                0x0000000000005534                udp_broadcast_new
                0x000000000000557a                tcpip_input
                0x0000000000005598                tcpip_ipv6_output
                0x0000000000005774                tcpip_poll_udp
                0x0000000000005782                tcpip_uipcall
 .text          0x00000000000057ac      0x182 build/z1/contiki-ng-z1.a(uip-ds6-route.o)
                0x00000000000057ac                uip_ds6_route_init
                0x00000000000057be                uip_ds6_route_nexthop
                0x00000000000057c2                uip_ds6_route_head
                0x00000000000057c6                uip_ds6_route_next
                0x00000000000057ca                uip_ds6_route_is_nexthop
                0x00000000000057ce                uip_ds6_route_num_routes
                0x00000000000057d2                uip_ds6_route_lookup
                0x00000000000057d6                uip_ds6_route_add
                0x00000000000057da                uip_ds6_route_rm
                0x00000000000057dc                uip_ds6_route_rm_by_nexthop
                0x00000000000057de                uip_ds6_defrt_head
                0x00000000000057e8                uip_ds6_defrt_rm
                0x0000000000005820                uip_ds6_defrt_lookup
                0x000000000000585a                uip_ds6_defrt_add
                0x00000000000058c0                uip_ds6_defrt_choose
                0x00000000000058f6                uip_ds6_defrt_periodic
 .text          0x000000000000592e      0x176 build/z1/contiki-ng-z1.a(uip-ds6-nbr.o)
                0x000000000000592e                uip_ds6_nbr_rm
                0x000000000000594c                uip_ds6_neighbors_init
                0x000000000000595e                uip_ds6_nbr_add
                0x0000000000005994                uip_ds6_nbr_get_ipaddr
                0x0000000000005996                uip_ds6_nbr_get_ll
                0x00000000000059a2                uip_ds6_nbr_num
                0x00000000000059c6                uip_ds6_nbr_head
                0x00000000000059d0                uip_ds6_nbr_next
                0x00000000000059dc                uip_ds6_nbr_lookup
                0x0000000000005a10                uip_ds6_nbr_ll_lookup
                0x0000000000005a1c                uip_ds6_nbr_update_ll
                0x0000000000005a8a                uip_ds6_nbr_ipaddr_from_lladdr
                0x0000000000005a90                uip_ds6_nbr_lladdr_from_ipaddr
                0x0000000000005aa2                uip_ds6_link_callback
 .text          0x0000000000005aa4      0x79e build/z1/contiki-ng-z1.a(uip6.o)
                0x0000000000005b2c                uip_chksum
                0x0000000000005b44                uip_icmp6chksum
                0x0000000000005b4e                uip_udpchksum
                0x0000000000005b58                uip_init
                0x0000000000005b94                uip_remove_ext_hdr
                0x0000000000005bf2                uip_udp_new
                0x0000000000005c90                uip_process
                0x0000000000006190                uip_htons
                0x000000000000619c                uip_htonl
                0x00000000000061c6                uip_send
 .text.unlikely
                0x0000000000006242       0xc6 build/z1/contiki-ng-z1.a(uip6.o)
 .text          0x0000000000006308      0x286 build/z1/contiki-ng-z1.a(uip-nd6.o)
                0x0000000000006584                uip_nd6_init
 .text          0x000000000000658e      0x1a8 build/z1/contiki-ng-z1.a(simple-udp.o)
                0x0000000000006634                simple_udp_send
                0x000000000000665e                simple_udp_sendto
                0x0000000000006686                simple_udp_sendto_port
                0x00000000000066ac                simple_udp_register
 .text          0x0000000000006736     0x1436 build/z1/contiki-ng-z1.a(sicslowpan.o)
                0x000000000000678a                sicslowpan_init
                0x0000000000007b5a                netstack_sniffer_add
                0x0000000000007b60                netstack_sniffer_remove
                0x0000000000007b66                sicslowpan_get_last_rssi
 .text          0x0000000000007b6c      0x2ba build/z1/contiki-ng-z1.a(uiplib.o)
                0x0000000000007b6c                uiplib_ip6addrconv
                0x0000000000007c68                uiplib_ip4addrconv
                0x0000000000007ce2                uiplib_ipaddr_snprint
                0x0000000000007df4                uiplib_ipaddr_print
 .text          0x0000000000007e26      0x29c build/z1/contiki-ng-z1.a(rpl.o)
                0x0000000000007e26                rpl_has_joined
                0x0000000000007e3c                rpl_is_reachable
                0x0000000000007ef8                rpl_link_callback
                0x0000000000007f16                rpl_lollipop_greater_than
                0x0000000000007f5a                rpl_get_global_address
                0x0000000000007fe2                rpl_reset_prefix
                0x0000000000008006                rpl_set_prefix_from_addr
                0x0000000000008088                rpl_set_prefix
                0x00000000000080b6                rpl_set_leaf_only
                0x00000000000080bc                rpl_get_leaf_only
 .text          0x00000000000080c2      0x824 build/z1/contiki-ng-z1.a(rpl-icmp6.o)
                0x000000000000853c                rpl_icmp6_update_nbr_table
                0x000000000000856a                rpl_icmp6_dis_output
                0x000000000000859e                rpl_icmp6_dio_output
                0x00000000000087b0                rpl_icmp6_dao_output
                0x0000000000008884                rpl_icmp6_dao_ack_output
                0x00000000000088c4                rpl_icmp6_init
 .text          0x00000000000088e6      0x786 build/z1/contiki-ng-z1.a(rpl-dag.o)
                0x00000000000089f0                rpl_dag_state_to_str
                0x0000000000008a02                rpl_dag_get_root_ipaddr
                0x0000000000008a24                rpl_dag_leave
                0x0000000000008a70                rpl_dag_poison_and_leave
                0x0000000000008a7c                rpl_dag_periodic
                0x0000000000008ae6                rpl_is_addr_in_our_dag
                0x0000000000008b0c                rpl_get_default_instance
                0x0000000000008b1c                rpl_get_any_dag
                0x0000000000008b2c                rpl_refresh_routes
                0x0000000000008b50                rpl_local_repair
                0x0000000000008b7a                rpl_global_repair
                0x0000000000008ba8                rpl_dag_ready_to_advertise
                0x0000000000008bce                rpl_dag_update_state
                0x0000000000008cfe                rpl_process_dio
                0x0000000000008eb2                rpl_process_dis
                0x0000000000008edc                rpl_process_dao
                0x0000000000008f38                rpl_process_dao_ack
                0x0000000000008f88                rpl_process_hbh
                0x0000000000008fae                rpl_dag_init_root
                0x000000000000905c                rpl_dag_init
 .text          0x000000000000906c      0x134 build/z1/contiki-ng-z1.a(rpl-dag-root.o)
                0x000000000000906c                rpl_dag_root_set_prefix
                0x00000000000090ca                rpl_dag_root_start
                0x000000000000914a                rpl_dag_root_is_root
                0x0000000000009162                rpl_dag_root_print_links
 .text          0x00000000000091a0        0xc build/z1/contiki-ng-z1.a(contiki-z1-plat)
                0x00000000000091a0                init_platform
 .text          0x00000000000091ac       0x6a build/z1/contiki-ng-z1.a(leds.o)
                0x00000000000091ac                leds_init
                0x00000000000091b2                leds_get
                0x00000000000091b8                leds_set
                0x00000000000091be                leds_on
                0x00000000000091d0                leds_off
                0x00000000000091e2                leds_toggle
                0x00000000000091f4                leds_blink
 .text          0x0000000000009216      0x2d8 build/z1/contiki-ng-z1.a(xmem.o)
                0x000000000000928e                xmem_init
                0x00000000000092ac                xmem_pread
                0x0000000000009342                xmem_pwrite
                0x0000000000009438                xmem_erase
 .text          0x00000000000094ee       0x38 build/z1/contiki-ng-z1.a(spi-legacy.o)
                0x00000000000094ee                spi_init
 .text          0x0000000000009526      0xb38 build/z1/contiki-ng-z1.a(cc2420.o)
                0x00000000000098f8                cc2420_on
                0x000000000000998e                cc2420_off
                0x0000000000009bc0                cc2420_get_channel
                0x0000000000009bc6                cc2420_set_channel
                0x0000000000009c00                cc2420_set_pan_addr
                0x0000000000009c4c                cc2420_interrupt
                0x0000000000009c64                cc2420_set_txpower
                0x0000000000009c92                cc2420_get_txpower
                0x0000000000009cb0                cc2420_rssi
                0x0000000000009e0c                cc2420_set_cca_threshold
                0x0000000000009f6e                cc2420_init
 .text          0x000000000000a05e       0x1a build/z1/contiki-ng-z1.a(cc2420-arch.o)
                0x000000000000a05e                cc2420_arch_init
 .text          0x000000000000a078       0x9a build/z1/contiki-ng-z1.a(node-id-z1.o)
                0x000000000000a078                node_id_z1_restore
                0x000000000000a0c4                node_id_z1_burn
 .text          0x000000000000a112      0x158 build/z1/contiki-ng-z1.a(sensors.o)
                0x000000000000a1d0                sensors_first
                0x000000000000a1d6                sensors_next
                0x000000000000a202                sensors_changed
                0x000000000000a22c                sensors_find
 .text          0x000000000000a26a       0xac build/z1/contiki-ng-z1.a(uart0.o)
                0x000000000000a26a                uart0_active
                0x000000000000a278                uart0_set_input
                0x000000000000a27e                uart0_writeb
                0x000000000000a296                uart0_init
                0x000000000000a2ea                __isr_23
                0x000000000000a2ea                uart0_rx_interrupt
 .text          0x000000000000a316        0x0 build/z1/contiki-ng-z1.a(z1-sensors.o)
 .text          0x000000000000a316      0x35a build/z1/contiki-ng-z1.a(adxl345.o)
                0x000000000000a42a                accm_read_axis
                0x000000000000a4b0                accm_set_grange
                0x000000000000a4e0                accm_init
                0x000000000000a556                accm_stop
                0x000000000000a5ae                accm_set_irq
                0x000000000000a5e6                port1_isr
                0x000000000000a5e6                __isr_18
 .text          0x000000000000a670      0x172 build/z1/contiki-ng-z1.a(tmp102.o)
                0x000000000000a682                tmp102_init
                0x000000000000a6a6                tmp102_stop
                0x000000000000a6d8                tmp102_write_reg
                0x000000000000a710                tmp102_read_reg
                0x000000000000a770                tmp102_read_temp_raw
                0x000000000000a778                tmp102_read_temp_x100
                0x000000000000a7d4                tmp102_read_temp_simple
 .text          0x000000000000a7e2       0x84 build/z1/contiki-ng-z1.a(leds-arch.o)
                0x000000000000a7e2                leds_arch_init
                0x000000000000a7f0                leds_arch_get
                0x000000000000a826                leds_arch_set
 .text          0x000000000000a866       0x44 build/z1/contiki-ng-z1.a(rtimer-arch.o)
                0x000000000000a866                __isr_25
                0x000000000000a866                timera0
                0x000000000000a888                rtimer_arch_init
                0x000000000000a896                rtimer_arch_now
                0x000000000000a8a4                rtimer_arch_schedule
 .text          0x000000000000a8aa       0xb2 build/z1/contiki-ng-z1.a(stimer.o)
                0x000000000000a8aa                stimer_set
                0x000000000000a8c6                stimer_restart
                0x000000000000a8da                stimer_expired
                0x000000000000a90a                stimer_reset
                0x000000000000a926                stimer_remaining
                0x000000000000a94a                stimer_elapsed
 .text          0x000000000000a95c      0x102 build/z1/contiki-ng-z1.a(memb.o)
                0x000000000000a95c                memb_init
                0x000000000000a992                memb_alloc
                0x000000000000a9d0                memb_free
                0x000000000000aa0a                memb_inmemb
                0x000000000000aa38                memb_numfree
 .text          0x000000000000aa5e      0x4da build/z1/contiki-ng-z1.a(nbr-table.o)
                0x000000000000abe4                nbr_table_is_registered
                0x000000000000ac0a                nbr_table_register
                0x000000000000ac46                nbr_table_next
                0x000000000000acbe                nbr_table_head
                0x000000000000acf0                nbr_table_add_lladdr
                0x000000000000ae56                nbr_table_get_from_lladdr
                0x000000000000ae9a                nbr_table_remove
                0x000000000000aec4                nbr_table_lock
                0x000000000000aed4                nbr_table_unlock
                0x000000000000aee4                nbr_table_get_lladdr
 .text          0x000000000000af38      0x270 build/z1/contiki-ng-z1.a(link-stats.o)
                0x000000000000af64                link_stats_from_lladdr
                0x000000000000af70                link_stats_get_lladdr
                0x000000000000af7c                link_stats_is_fresh
                0x000000000000afaa                guess_etx_from_rssi
                0x000000000000afec                link_stats_packet_sent
                0x000000000000b0b0                link_stats_input_callback
                0x000000000000b15c                link_stats_reset
                0x000000000000b186                link_stats_init
 .text          0x000000000000b1a8       0xea build/z1/contiki-ng-z1.a(mac-sequence.o)
                0x000000000000b1a8                mac_sequence_is_duplicate
                0x000000000000b20a                mac_sequence_register_seqno
 .text          0x000000000000b292       0x14 build/z1/contiki-ng-z1.a(mac.o)
                0x000000000000b292                mac_call_sent_callback
 .text          0x000000000000b2a6      0x236 build/z1/contiki-ng-z1.a(framer-802154.o)
                0x000000000000b342                framer_802154_setup_params
 .text          0x000000000000b4dc      0x5f4 build/z1/contiki-ng-z1.a(frame802154.o)
                0x000000000000b4dc                frame802154_get_pan_id
                0x000000000000b4e2                frame802154_set_pan_id
                0x000000000000b4e8                frame802154_has_panid
                0x000000000000b672                frame802154_check_dest_panid
                0x000000000000b6aa                frame802154_is_broadcast_addr
                0x000000000000b6ce                frame802154_extract_linkaddr
                0x000000000000b75a                frame802154_hdrlen
                0x000000000000b78c                frame802154_create_fcf
                0x000000000000b7fa                frame802154_create
                0x000000000000b8ce                frame802154_parse_fcf
                0x000000000000b958                frame802154_parse
 .text          0x000000000000bad0       0x16 build/z1/contiki-ng-z1.a(csma-security.o)
                0x000000000000bad0                csma_security_create_frame
                0x000000000000bae0                csma_security_parse_frame
 .text          0x000000000000bae6      0x20a build/z1/contiki-ng-z1.a(uipbuf.o)
                0x000000000000bae6                uipbuf_add_ext_hdr
                0x000000000000bb02                uipbuf_set_len
                0x000000000000bb14                uipbuf_set_len_field
                0x000000000000bb22                uipbuf_get_len_field
                0x000000000000bb30                uipbuf_get_next_header
                0x000000000000bb8a                uipbuf_get_last_header
                0x000000000000bbe8                uipbuf_search_header
                0x000000000000bc54                uipbuf_get_attr
                0x000000000000bc68                uipbuf_set_attr
                0x000000000000bc7e                uipbuf_set_default_attr
                0x000000000000bc94                uipbuf_clear_attr
                0x000000000000bca6                uipbuf_clear
                0x000000000000bcb8                uipbuf_set_attr_flag
                0x000000000000bcbe                uipbuf_clr_attr_flag
                0x000000000000bcc4                uipbuf_is_attr_flag
                0x000000000000bcd6                uipbuf_init
 .text          0x000000000000bcf0      0x31e build/z1/contiki-ng-z1.a(uip-icmp6.o)
                0x000000000000bdd6                uip_icmp6_input
                0x000000000000be16                uip_icmp6_register_input_handler
                0x000000000000be22                uip_icmp6_error_output
                0x000000000000bf58                uip_icmp6_send
                0x000000000000bfd8                uip_icmp6_echo_reply_callback_add
                0x000000000000bff0                uip_icmp6_echo_reply_callback_rm
                0x000000000000bffc                uip_icmp6_init
 .text          0x000000000000c00e      0x346 build/z1/contiki-ng-z1.a(uip-sr.o)
                0x000000000000c00e                uip_sr_num_nodes
                0x000000000000c014                uip_sr_get_node
                0x000000000000c060                uip_sr_is_addr_reachable
                0x000000000000c0aa                uip_sr_expire_parent
                0x000000000000c0f8                uip_sr_update_node
                0x000000000000c1a4                uip_sr_init
                0x000000000000c1ba                uip_sr_node_head
                0x000000000000c1c4                uip_sr_node_next
                0x000000000000c1ca                uip_sr_periodic
                0x000000000000c254                uip_sr_free_all
                0x000000000000c28c                uip_sr_link_snprint
 .text          0x000000000000c354       0x80 build/z1/contiki-ng-z1.a(uip-udp-packet.)
                0x000000000000c354                uip_udp_packet_send
                0x000000000000c37e                uip_udp_packet_sendto
 .text          0x000000000000c3d4       0xba build/z1/contiki-ng-z1.a(rpl-nbr-policy.)
                0x000000000000c440                rpl_nbr_policy_find_removable
 .text          0x000000000000c48e      0x4aa build/z1/contiki-ng-z1.a(rpl-neighbor.o)
                0x000000000000c4ee                rpl_neighbor_count
                0x000000000000c51a                rpl_neighbor_get_from_lladdr
                0x000000000000c526                rpl_neighbor_is_acceptable_parent
                0x000000000000c542                rpl_neighbor_get_link_metric
                0x000000000000c55e                rpl_neighbor_rank_via_nbr
                0x000000000000c57a                rpl_neighbor_get_lladdr
                0x000000000000c586                rpl_neighbor_get_ipaddr
                0x000000000000c590                rpl_neighbor_get_link_stats
                0x000000000000c59a                rpl_neighbor_is_fresh
                0x000000000000c60e                rpl_neighbor_snprint
                0x000000000000c7d8                rpl_neighbor_print_list
                0x000000000000c812                rpl_neighbor_is_reachable
                0x000000000000c83e                rpl_neighbor_is_parent
                0x000000000000c856                rpl_neighbor_set_preferred_parent
                0x000000000000c89a                rpl_neighbor_remove_all
                0x000000000000c8c4                rpl_neighbor_get_from_ipaddr
                0x000000000000c8d8                rpl_neighbor_select_best
                0x000000000000c92a                rpl_neighbor_init
 .text          0x000000000000c938      0x5a2 build/z1/contiki-ng-z1.a(rpl-timers.o)
                0x000000000000cade                rpl_timers_schedule_periodic_dis
                0x000000000000cb7a                rpl_timers_dio_reset
                0x000000000000cb9a                rpl_timers_schedule_unicast_dio
                0x000000000000cbba                rpl_timers_schedule_dao
                0x000000000000cbf4                rpl_timers_schedule_dao_ack
                0x000000000000cc28                rpl_timers_notify_dao_ack
                0x000000000000cc98                get_probing_delay
                0x000000000000ccb4                get_probing_target
                0x000000000000cd8c                rpl_schedule_probing
                0x000000000000cdd2                rpl_schedule_probing_now
                0x000000000000ce00                rpl_timers_unschedule_leaving
                0x000000000000ce1c                rpl_timers_schedule_leaving
                0x000000000000ce46                rpl_timers_init
                0x000000000000ce62                rpl_timers_stop_dag_timers
                0x000000000000ceae                rpl_timers_unschedule_state_update
                0x000000000000cebe                rpl_timers_schedule_state_update
 .text          0x000000000000ceda      0x5f0 build/z1/contiki-ng-z1.a(rpl-ext-header.)
                0x000000000000cf28                rpl_ext_header_srh_get_next_hop
                0x000000000000cfa6                rpl_ext_header_srh_update
                0x000000000000d07a                rpl_ext_header_hbh_update
                0x000000000000d10a                rpl_ext_header_remove
                0x000000000000d240                rpl_ext_header_update
 .text          0x000000000000d4ca      0x192 build/z1/contiki-ng-z1.a(rpl-mrhof.o)
 .text          0x000000000000d65c      0x1b2 build/z1/contiki-ng-z1.a(i2cmaster.o)
                0x000000000000d65c                i2c_setrate
                0x000000000000d662                i2c_receiveinit
                0x000000000000d69a                i2c_transmitinit
                0x000000000000d6cc                i2c_receive_n
                0x000000000000d710                i2c_busy
                0x000000000000d71a                i2c_enable
                0x000000000000d73e                i2c_disable
                0x000000000000d758                i2c_transmit_n
                0x000000000000d76c                __isr_16
                0x000000000000d76c                i2c_tx_interrupt
                0x000000000000d7f6                i2c_rx_interrupt
                0x000000000000d7f6                __isr_17
 .text          0x000000000000d80e       0xc6 build/z1/contiki-ng-z1.a(button-sensor.o)
                0x000000000000d898                irq_p2
                0x000000000000d898                __isr_19
 .text          0x000000000000d8d4        0x0 /usr/lib/gcc/msp430/4.6.3/mcpu-430x/mmpy-16/libgcc.a(_mulsi3.o)
 .text.libgcc   0x000000000000d8d4       0x2a /usr/lib/gcc/msp430/4.6.3/mcpu-430x/mmpy-16/libgcc.a(_mulsi3.o)
                0x000000000000d8d4                __mulsi3
 .text          0x000000000000d8fe        0x0 /usr/lib/gcc/msp430/4.6.3/mcpu-430x/mmpy-16/libgcc.a(_udivmod16.o)
 .text.libgcc   0x000000000000d8fe       0x22 /usr/lib/gcc/msp430/4.6.3/mcpu-430x/mmpy-16/libgcc.a(_udivmod16.o)
                0x000000000000d8fe                __udivhi3
                0x000000000000d8fe                __ext_udivmod16
                0x000000000000d918                __umodhi3
 .text          0x000000000000d920        0x0 /usr/lib/gcc/msp430/4.6.3/mcpu-430x/mmpy-16/libgcc.a(_divmod16.o)
 .text.libgcc   0x000000000000d920       0x3a /usr/lib/gcc/msp430/4.6.3/mcpu-430x/mmpy-16/libgcc.a(_divmod16.o)
                0x000000000000d920                __ext_divmod16
                0x000000000000d920                __divhi3
                0x000000000000d952                __modhi3
 .text          0x000000000000d95a        0x0 /usr/lib/gcc/msp430/4.6.3/mcpu-430x/mmpy-16/libgcc.a(_udivmod32.o)
 .text.libgcc   0x000000000000d95a       0x38 /usr/lib/gcc/msp430/4.6.3/mcpu-430x/mmpy-16/libgcc.a(_udivmod32.o)
                0x000000000000d95a                __udivsi3
                0x000000000000d95a                __ext_udivmod32
                0x000000000000d988                __umodsi3
 .text          0x000000000000d992        0x0 /usr/lib/gcc/msp430/4.6.3/mcpu-430x/mmpy-16/libgcc.a(_divmod32.o)
 .text.libgcc   0x000000000000d992       0x4c /usr/lib/gcc/msp430/4.6.3/mcpu-430x/mmpy-16/libgcc.a(_divmod32.o)
                0x000000000000d992                __ext_divmod32
                0x000000000000d992                __divsi3
                0x000000000000d9d4                __modsi3
 .text          0x000000000000d9de       0x1e /usr/lib/gcc/msp430/4.6.3/../../../../msp430/lib/mcpu-430x/mmpy-16/libc.a(strcmp.o)
                0x000000000000d9de                strcmp
 .text          0x000000000000d9fc       0x28 /usr/lib/gcc/msp430/4.6.3/../../../../msp430/lib/mcpu-430x/mmpy-16/libc.a(strncmp.o)
                0x000000000000d9fc                strncmp
 .text          0x000000000000da24       0x20 /usr/lib/gcc/msp430/4.6.3/../../../../msp430/lib/mcpu-430x/mmpy-16/libc.a(memcmp.o)
                0x000000000000da24                memcmp
 .text          0x000000000000da44       0xe4 /usr/lib/gcc/msp430/4.6.3/../../../../msp430/lib/mcpu-430x/mmpy-16/libc.a(memcpy.o)
                0x000000000000da44                memcpy
 .text          0x000000000000db28       0xe4 /usr/lib/gcc/msp430/4.6.3/../../../../msp430/lib/mcpu-430x/mmpy-16/libc.a(memmove.o)
                0x000000000000db28                memmove
 .text          0x000000000000dc0c       0x5c /usr/lib/gcc/msp430/4.6.3/../../../../msp430/lib/mcpu-430x/mmpy-16/libc.a(memset.o)
                0x000000000000dc0c                memset
 .text          0x000000000000dc68       0x1e /usr/lib/gcc/msp430/4.6.3/../../../../msp430/lib/mcpu-430x/mmpy-16/libc.a(printf.o)
                0x000000000000dc68                printf
                0x000000000000dc78                vprintf
 .text          0x000000000000dc86       0xb8 /usr/lib/gcc/msp430/4.6.3/../../../../msp430/lib/mcpu-430x/mmpy-16/libc.a(sprintf.o)
                0x000000000000dce0                sprintf
                0x000000000000dcfc                snprintf
                0x000000000000dd16                vsprintf
                0x000000000000dd2c                vsnprintf
 .text          0x000000000000dd3e      0x818 /usr/lib/gcc/msp430/4.6.3/../../../../msp430/lib/mcpu-430x/mmpy-16/libc.a(vuprintf.o)
                0x000000000000deba                vuprintf
 .text          0x000000000000e556       0x2c /usr/lib/gcc/msp430/4.6.3/../../../../msp430/lib/mcpu-430x/mmpy-16/libc.a(puts.o)
                0x000000000000e556                puts
 .text          0x000000000000e582       0x54 /usr/lib/gcc/msp430/4.6.3/../../../../msp430/lib/mcpu-430x/mmpy-16/libc.a(rand.o)
                0x000000000000e582                rand_r
                0x000000000000e5a6                rand
                0x000000000000e5cc                srand
 .text          0x000000000000e5d6        0x0 /usr/lib/gcc/msp430/4.6.3/mcpu-430x/mmpy-16/libgcc.a(_udivmod64.o)
 .text.libgcc   0x000000000000e5d6       0xbc /usr/lib/gcc/msp430/4.6.3/mcpu-430x/mmpy-16/libgcc.a(_udivmod64.o)
                0x000000000000e5d6                __xabi_udivmod64
                0x000000000000e628                __udivdi3
                0x000000000000e642                __umoddi3
                0x000000000000e664                __udivmoddi4
 .text          0x000000000000e692        0x0 /usr/lib/gcc/msp430/4.6.3/mcpu-430x/mmpy-16/libcrt0.a(_reset_vector__.o)
 .text          0x000000000000e692        0x0 /usr/lib/gcc/msp430/4.6.3/mcpu-430x/mmpy-16/libcrt0.a(__watchdog_support.o)
 .text          0x000000000000e692        0x0 /usr/lib/gcc/msp430/4.6.3/mcpu-430x/mmpy-16/libcrt0.a(__init_stack.o)
 .text          0x000000000000e692        0x0 /usr/lib/gcc/msp430/4.6.3/mcpu-430x/mmpy-16/libcrt0.a(__low_level_init.o)
 .text          0x000000000000e692        0x0 /usr/lib/gcc/msp430/4.6.3/mcpu-430x/mmpy-16/libcrt0.a(_copy_data.o)
 .text          0x000000000000e692        0x0 /usr/lib/gcc/msp430/4.6.3/mcpu-430x/mmpy-16/libcrt0.a(_clear_bss.o)
 .text          0x000000000000e692        0x0 /usr/lib/gcc/msp430/4.6.3/mcpu-430x/mmpy-16/libcrt0.a(__stop_progExec__.o)
 .text          0x000000000000e692        0x0 /usr/lib/gcc/msp430/4.6.3/mcpu-430x/mmpy-16/libcrt0.a(_endless_loop__.o)
 .text          0x000000000000e692        0x0 /usr/lib/gcc/msp430/4.6.3/mcpu-430x/mmpy-16/libcrt0.a(_unexpected_.o)
 .text.crt0     0x000000000000e692        0x2 /usr/lib/gcc/msp430/4.6.3/mcpu-430x/mmpy-16/libcrt0.a(_unexpected_.o)
                0x000000000000e692                _unexpected_
                0x000000000000e694                . = ALIGN (0x2)

.rodata         0x000000000000e694      0x624
                0x000000000000e694                . = ALIGN (0x2)
 *(.rodata .rodata.* .gnu.linkonce.r.*)
 .rodata        0x000000000000e694       0x7a udp-client.o
                0x000000000000e6fe                autostart_processes
 .rodata        0x000000000000e70e       0xee build/z1/obj/contiki-main.o
 .rodata        0x000000000000e7fc       0x30 build/z1/contiki-ng-z1.a(platform.o)
 .rodata        0x000000000000e82c        0xf build/z1/contiki-ng-z1.a(ctimer.o)
 .rodata        0x000000000000e83b        0xc build/z1/contiki-ng-z1.a(etimer.o)
 *fill*         0x000000000000e847        0x1 00
 .rodata        0x000000000000e848       0xb2 build/z1/contiki-ng-z1.a(log.o)
 .rodata        0x000000000000e8fa       0x6a build/z1/contiki-ng-z1.a(stack-check.o)
 .rodata        0x000000000000e964        0x8 build/z1/contiki-ng-z1.a(linkaddr.o)
                0x000000000000e964                linkaddr_null
 .rodata        0x000000000000e96c       0x14 build/z1/contiki-ng-z1.a(csma.o)
                0x000000000000e972                csma_driver
 .rodata        0x000000000000e980        0xd build/z1/contiki-ng-z1.a(tcpip.o)
 .rodata        0x000000000000e98d       0x13 build/z1/contiki-ng-z1.a(simple-udp.o)
 .rodata        0x000000000000e9a0       0x26 build/z1/contiki-ng-z1.a(sicslowpan.o)
                0x000000000000e9ac                sicslowpan_driver
                0x000000000000e9b4                llprefix
                0x000000000000e9b6                unc_mxconf
                0x000000000000e9ba                unc_ctxconf
                0x000000000000e9be                unc_llconf
 .rodata        0x000000000000e9c6       0x2d build/z1/contiki-ng-z1.a(uiplib.o)
 *fill*         0x000000000000e9f3        0x1 00
 .rodata        0x000000000000e9f4       0x32 build/z1/contiki-ng-z1.a(rpl.o)
                0x000000000000e9fe                rpl_lite_driver
 .rodata        0x000000000000ea26       0xe0 build/z1/contiki-ng-z1.a(rpl-dag.o)
 .rodata        0x000000000000eb06       0x2c build/z1/contiki-ng-z1.a(xmem.o)
 .rodata        0x000000000000eb32       0x72 build/z1/contiki-ng-z1.a(cc2420.o)
                0x000000000000eb66                cc2420_aes_128_driver
                0x000000000000eb6a                cc2420_driver
 .rodata        0x000000000000eba4        0x8 build/z1/contiki-ng-z1.a(sensors.o)
 .rodata        0x000000000000ebac       0x2e build/z1/contiki-ng-z1.a(adxl345.o)
                0x000000000000ebbc                adxl345
 .rodata        0x000000000000ebda       0x16 build/z1/contiki-ng-z1.a(tmp102.o)
                0x000000000000ebe8                tmp102
 .rodata        0x000000000000ebf0        0x6 build/z1/contiki-ng-z1.a(framer-802154.o)
                0x000000000000ebf0                framer_802154
 .rodata        0x000000000000ebf6        0x2 build/z1/contiki-ng-z1.a(frame802154.o)
 .rodata        0x000000000000ebf8       0x44 build/z1/contiki-ng-z1.a(uip-sr.o)
 .rodata        0x000000000000ec3c       0x58 build/z1/contiki-ng-z1.a(rpl-neighbor.o)
 .rodata        0x000000000000ec94        0xc build/z1/contiki-ng-z1.a(rpl-timers.o)
 .rodata        0x000000000000eca0       0x10 build/z1/contiki-ng-z1.a(button-sensor.o)
                0x000000000000eca8                button_sensor
 .rodata        0x000000000000ecb0        0x7 /usr/lib/gcc/msp430/4.6.3/../../../../msp430/lib/mcpu-430x/mmpy-16/libc.a(vuprintf.o)
                0x000000000000ecb8                . = ALIGN (0x2)
 *fill*         0x000000000000ecb7        0x1 00
                0x000000000000ecb8                _etext = .

.data           0x0000000000001100      0x164 load address 0x000000000000ecb8
                0x0000000000001100                . = ALIGN (0x2)
                0x0000000000001100                PROVIDE (__data_start, .)
 *(.data .data.* .gnu.linkonce.d.*)
 .data          0x0000000000001100        0x0 /usr/lib/gcc/msp430/4.6.3/mcpu-430x/mmpy-16/crt0ivtbl32.o
 .data          0x0000000000001100        0xa udp-client.o
                0x0000000000001100                udp_client_process
 .data          0x000000000000110a        0x0 build/z1/obj/contiki-main.o
 .data          0x000000000000110a        0x0 build/z1/contiki-ng-z1.a(uart0-putchar.o)
 .data          0x000000000000110a        0x0 build/z1/contiki-ng-z1.a(platform.o)
 .data          0x000000000000110a        0x2 build/z1/contiki-ng-z1.a(msp430.o)
 .data          0x000000000000110c        0x0 build/z1/contiki-ng-z1.a(clock.o)
 .data          0x000000000000110c        0x0 build/z1/contiki-ng-z1.a(watchdog.o)
 .data          0x000000000000110c        0x0 build/z1/contiki-ng-z1.a(autostart.o)
 .data          0x000000000000110c        0xa build/z1/contiki-ng-z1.a(ctimer.o)
                0x000000000000110c                ctimer_process
 .data          0x0000000000001116        0x0 build/z1/contiki-ng-z1.a(energest.o)
 .data          0x0000000000001116        0xa build/z1/contiki-ng-z1.a(etimer.o)
                0x0000000000001116                etimer_process
 .data          0x0000000000001120       0x4a build/z1/contiki-ng-z1.a(log.o)
                0x0000000000001120                all_modules
                0x0000000000001168                curr_log_level_main
 .data          0x000000000000116a        0x0 build/z1/contiki-ng-z1.a(process.o)
 .data          0x000000000000116a        0x0 build/z1/contiki-ng-z1.a(rtimer.o)
 .data          0x000000000000116a        0x0 build/z1/contiki-ng-z1.a(node-id.o)
 .data          0x000000000000116a        0x0 build/z1/contiki-ng-z1.a(timer.o)
 .data          0x000000000000116a        0xa build/z1/contiki-ng-z1.a(stack-check.o)
                0x000000000000116a                stack_check_process
 .data          0x0000000000001174        0x0 build/z1/contiki-ng-z1.a(list.o)
 .data          0x0000000000001174        0x0 build/z1/contiki-ng-z1.a(random.o)
 .data          0x0000000000001174       0x10 build/z1/contiki-ng-z1.a(queuebuf.o)
 .data          0x0000000000001184        0x0 build/z1/contiki-ng-z1.a(packetbuf.o)
 .data          0x0000000000001184        0x0 build/z1/contiki-ng-z1.a(netstack.o)
 .data          0x0000000000001184        0x0 build/z1/contiki-ng-z1.a(linkaddr.o)
 .data          0x0000000000001184        0x0 build/z1/contiki-ng-z1.a(csma.o)
 .data          0x0000000000001184       0x18 build/z1/contiki-ng-z1.a(csma-output.o)
 .data          0x000000000000119c        0x0 build/z1/contiki-ng-z1.a(uip-ds6.o)
 .data          0x000000000000119c        0xa build/z1/contiki-ng-z1.a(tcpip.o)
                0x000000000000119c                tcpip_process
 .data          0x00000000000011a6        0x8 build/z1/contiki-ng-z1.a(uip-ds6-route.o)
 .data          0x00000000000011ae        0x8 build/z1/contiki-ng-z1.a(uip-ds6-nbr.o)
 .data          0x00000000000011b6        0x0 build/z1/contiki-ng-z1.a(uip6.o)
 .data          0x00000000000011b6        0x6 build/z1/contiki-ng-z1.a(uip-nd6.o)
 .data          0x00000000000011bc        0xa build/z1/contiki-ng-z1.a(simple-udp.o)
                0x00000000000011bc                simple_udp_process
 .data          0x00000000000011c6        0x0 build/z1/contiki-ng-z1.a(sicslowpan.o)
 .data          0x00000000000011c6        0x0 build/z1/contiki-ng-z1.a(uiplib.o)
 .data          0x00000000000011c6        0x0 build/z1/contiki-ng-z1.a(rpl.o)
 .data          0x00000000000011c6       0x18 build/z1/contiki-ng-z1.a(rpl-icmp6.o)
 .data          0x00000000000011de        0x0 build/z1/contiki-ng-z1.a(rpl-dag.o)
 .data          0x00000000000011de        0x0 build/z1/contiki-ng-z1.a(rpl-dag-root.o)
 .data          0x00000000000011de        0x0 build/z1/contiki-ng-z1.a(contiki-z1-plat)
 .data          0x00000000000011de        0x0 build/z1/contiki-ng-z1.a(leds.o)
 .data          0x00000000000011de        0x0 build/z1/contiki-ng-z1.a(xmem.o)
 .data          0x00000000000011de        0x0 build/z1/contiki-ng-z1.a(spi-legacy.o)
 .data          0x00000000000011de        0xc build/z1/contiki-ng-z1.a(cc2420.o)
                0x00000000000011de                cc2420_process
 .data          0x00000000000011ea        0x0 build/z1/contiki-ng-z1.a(cc2420-arch.o)
 .data          0x00000000000011ea        0x0 build/z1/contiki-ng-z1.a(node-id-z1.o)
 .data          0x00000000000011ea        0xa build/z1/contiki-ng-z1.a(sensors.o)
                0x00000000000011ea                sensors_process
 .data          0x00000000000011f4        0x0 build/z1/contiki-ng-z1.a(uart0.o)
 .data          0x00000000000011f4        0x8 build/z1/contiki-ng-z1.a(z1-sensors.o)
                0x00000000000011f4                sensors
 .data          0x00000000000011fc       0x20 build/z1/contiki-ng-z1.a(adxl345.o)
                0x00000000000011fc                accmeter_process
 .data          0x000000000000121c        0x0 build/z1/contiki-ng-z1.a(tmp102.o)
 .data          0x000000000000121c        0x0 build/z1/contiki-ng-z1.a(leds-arch.o)
 .data          0x000000000000121c        0x0 build/z1/contiki-ng-z1.a(rtimer-arch.o)
 .data          0x000000000000121c        0x0 build/z1/contiki-ng-z1.a(stimer.o)
 .data          0x000000000000121c        0x0 build/z1/contiki-ng-z1.a(memb.o)
 .data          0x000000000000121c        0x8 build/z1/contiki-ng-z1.a(nbr-table.o)
 .data          0x0000000000001224        0x8 build/z1/contiki-ng-z1.a(link-stats.o)
 .data          0x000000000000122c        0x0 build/z1/contiki-ng-z1.a(mac-sequence.o)
 .data          0x000000000000122c        0x0 build/z1/contiki-ng-z1.a(mac.o)
 .data          0x000000000000122c        0x0 build/z1/contiki-ng-z1.a(framer-802154.o)
 .data          0x000000000000122c        0x2 build/z1/contiki-ng-z1.a(frame802154.o)
 .data          0x000000000000122e        0x0 build/z1/contiki-ng-z1.a(csma-security.o)
 .data          0x000000000000122e        0x0 build/z1/contiki-ng-z1.a(uipbuf.o)
 .data          0x000000000000122e        0xc build/z1/contiki-ng-z1.a(uip-icmp6.o)
 .data          0x000000000000123a        0x8 build/z1/contiki-ng-z1.a(uip-sr.o)
 .data          0x0000000000001242        0x0 build/z1/contiki-ng-z1.a(uip-udp-packet.)
 .data          0x0000000000001242        0x0 build/z1/contiki-ng-z1.a(rpl-nbr-policy.)
 .data          0x0000000000001242        0xa build/z1/contiki-ng-z1.a(rpl-neighbor.o)
                0x0000000000001242                rpl_neighbors
 .data          0x000000000000124c        0x0 build/z1/contiki-ng-z1.a(rpl-timers.o)
 .data          0x000000000000124c        0x0 build/z1/contiki-ng-z1.a(rpl-ext-header.)
 .data          0x000000000000124c       0x12 build/z1/contiki-ng-z1.a(rpl-mrhof.o)
                0x000000000000124c                rpl_mrhof
 .data          0x000000000000125e        0x1 build/z1/contiki-ng-z1.a(i2cmaster.o)
                0x000000000000125e                prescale_lsb
 .data          0x000000000000125f        0x0 build/z1/contiki-ng-z1.a(button-sensor.o)
 .data          0x000000000000125f        0x0 /usr/lib/gcc/msp430/4.6.3/mcpu-430x/mmpy-16/libgcc.a(_mulsi3.o)
 .data          0x000000000000125f        0x0 /usr/lib/gcc/msp430/4.6.3/mcpu-430x/mmpy-16/libgcc.a(_udivmod16.o)
 .data          0x000000000000125f        0x0 /usr/lib/gcc/msp430/4.6.3/mcpu-430x/mmpy-16/libgcc.a(_divmod16.o)
 .data          0x000000000000125f        0x0 /usr/lib/gcc/msp430/4.6.3/mcpu-430x/mmpy-16/libgcc.a(_udivmod32.o)
 .data          0x000000000000125f        0x0 /usr/lib/gcc/msp430/4.6.3/mcpu-430x/mmpy-16/libgcc.a(_divmod32.o)
 .data          0x000000000000125f        0x0 /usr/lib/gcc/msp430/4.6.3/../../../../msp430/lib/mcpu-430x/mmpy-16/libc.a(strcmp.o)
 .data          0x000000000000125f        0x0 /usr/lib/gcc/msp430/4.6.3/../../../../msp430/lib/mcpu-430x/mmpy-16/libc.a(strncmp.o)
 .data          0x000000000000125f        0x0 /usr/lib/gcc/msp430/4.6.3/../../../../msp430/lib/mcpu-430x/mmpy-16/libc.a(memcmp.o)
 .data          0x000000000000125f        0x0 /usr/lib/gcc/msp430/4.6.3/../../../../msp430/lib/mcpu-430x/mmpy-16/libc.a(memcpy.o)
 .data          0x000000000000125f        0x0 /usr/lib/gcc/msp430/4.6.3/../../../../msp430/lib/mcpu-430x/mmpy-16/libc.a(memmove.o)
 .data          0x000000000000125f        0x0 /usr/lib/gcc/msp430/4.6.3/../../../../msp430/lib/mcpu-430x/mmpy-16/libc.a(memset.o)
 .data          0x000000000000125f        0x0 /usr/lib/gcc/msp430/4.6.3/../../../../msp430/lib/mcpu-430x/mmpy-16/libc.a(printf.o)
 .data          0x000000000000125f        0x0 /usr/lib/gcc/msp430/4.6.3/../../../../msp430/lib/mcpu-430x/mmpy-16/libc.a(sprintf.o)
 .data          0x000000000000125f        0x0 /usr/lib/gcc/msp430/4.6.3/../../../../msp430/lib/mcpu-430x/mmpy-16/libc.a(vuprintf.o)
 .data          0x000000000000125f        0x0 /usr/lib/gcc/msp430/4.6.3/../../../../msp430/lib/mcpu-430x/mmpy-16/libc.a(puts.o)
 *fill*         0x000000000000125f        0x1 00
 .data          0x0000000000001260        0x4 /usr/lib/gcc/msp430/4.6.3/../../../../msp430/lib/mcpu-430x/mmpy-16/libc.a(rand.o)
 .data          0x0000000000001264        0x0 /usr/lib/gcc/msp430/4.6.3/mcpu-430x/mmpy-16/libgcc.a(_udivmod64.o)
 .data          0x0000000000001264        0x0 /usr/lib/gcc/msp430/4.6.3/mcpu-430x/mmpy-16/libcrt0.a(_reset_vector__.o)
 .data          0x0000000000001264        0x0 /usr/lib/gcc/msp430/4.6.3/mcpu-430x/mmpy-16/libcrt0.a(__watchdog_support.o)
 .data          0x0000000000001264        0x0 /usr/lib/gcc/msp430/4.6.3/mcpu-430x/mmpy-16/libcrt0.a(__init_stack.o)
 .data          0x0000000000001264        0x0 /usr/lib/gcc/msp430/4.6.3/mcpu-430x/mmpy-16/libcrt0.a(__low_level_init.o)
 .data          0x0000000000001264        0x0 /usr/lib/gcc/msp430/4.6.3/mcpu-430x/mmpy-16/libcrt0.a(_copy_data.o)
 .data          0x0000000000001264        0x0 /usr/lib/gcc/msp430/4.6.3/mcpu-430x/mmpy-16/libcrt0.a(_clear_bss.o)
 .data          0x0000000000001264        0x0 /usr/lib/gcc/msp430/4.6.3/mcpu-430x/mmpy-16/libcrt0.a(__stop_progExec__.o)
 .data          0x0000000000001264        0x0 /usr/lib/gcc/msp430/4.6.3/mcpu-430x/mmpy-16/libcrt0.a(_endless_loop__.o)
 .data          0x0000000000001264        0x0 /usr/lib/gcc/msp430/4.6.3/mcpu-430x/mmpy-16/libcrt0.a(_unexpected_.o)
                0x0000000000001264                . = ALIGN (0x2)
                0x0000000000001264                _edata = .
                0x000000000000ecb8                PROVIDE (__data_load_start, LOADADDR (.data))
                0x0000000000000164                PROVIDE (__data_size, SIZEOF (.data))

.bss            0x0000000000001264     0x184e load address 0x000000000000ee1c
                0x0000000000001264                PROVIDE (__bss_start, .)
 *(.bss .bss.*)
 .bss           0x0000000000001264        0x0 /usr/lib/gcc/msp430/4.6.3/mcpu-430x/mmpy-16/crt0ivtbl32.o
 .bss           0x0000000000001264       0x4a udp-client.o
 .bss           0x00000000000012ae        0x0 build/z1/obj/contiki-main.o
 .bss           0x00000000000012ae        0x0 build/z1/contiki-ng-z1.a(uart0-putchar.o)
 .bss           0x00000000000012ae        0x8 build/z1/contiki-ng-z1.a(platform.o)
 .bss           0x00000000000012b6        0x0 build/z1/contiki-ng-z1.a(msp430.o)
 .bss           0x00000000000012b6        0xa build/z1/contiki-ng-z1.a(clock.o)
 .bss           0x00000000000012c0        0x2 build/z1/contiki-ng-z1.a(watchdog.o)
 .bss           0x00000000000012c2        0x0 build/z1/contiki-ng-z1.a(autostart.o)
 .bss           0x00000000000012c2        0x4 build/z1/contiki-ng-z1.a(ctimer.o)
 .bss           0x00000000000012c6        0x0 build/z1/contiki-ng-z1.a(energest.o)
 .bss           0x00000000000012c6        0x6 build/z1/contiki-ng-z1.a(etimer.o)
 .bss           0x00000000000012cc       0x14 build/z1/contiki-ng-z1.a(log.o)
                0x00000000000012cc                curr_log_level_lwm2m
                0x00000000000012ce                curr_log_level_coap
                0x00000000000012d0                curr_log_level_6top
                0x00000000000012d2                curr_log_level_framer
                0x00000000000012d4                curr_log_level_mac
                0x00000000000012d6                curr_log_level_nullnet
                0x00000000000012d8                curr_log_level_6lowpan
                0x00000000000012da                curr_log_level_ipv6
                0x00000000000012dc                curr_log_level_tcpip
                0x00000000000012de                curr_log_level_rpl
 .bss           0x00000000000012e0       0x38 build/z1/contiki-ng-z1.a(process.o)
                0x00000000000012e0                process_current
                0x00000000000012e2                process_list
 .bss           0x0000000000001318        0x2 build/z1/contiki-ng-z1.a(rtimer.o)
 .bss           0x000000000000131a        0x2 build/z1/contiki-ng-z1.a(node-id.o)
                0x000000000000131a                node_id
 .bss           0x000000000000131c        0x0 build/z1/contiki-ng-z1.a(timer.o)
 .bss           0x000000000000131c        0xe build/z1/contiki-ng-z1.a(stack-check.o)
 .bss           0x000000000000132a        0x0 build/z1/contiki-ng-z1.a(list.o)
 .bss           0x000000000000132a        0x0 build/z1/contiki-ng-z1.a(random.o)
 .bss           0x000000000000132a      0x580 build/z1/contiki-ng-z1.a(queuebuf.o)
 .bss           0x00000000000018aa       0x86 build/z1/contiki-ng-z1.a(packetbuf.o)
 .bss           0x0000000000001930        0x2 build/z1/contiki-ng-z1.a(netstack.o)
 .bss           0x0000000000001932        0x0 build/z1/contiki-ng-z1.a(linkaddr.o)
 .bss           0x0000000000001932        0x0 build/z1/contiki-ng-z1.a(csma.o)
 .bss           0x0000000000001932       0xbe build/z1/contiki-ng-z1.a(csma-output.o)
 .bss           0x00000000000019f0       0x28 build/z1/contiki-ng-z1.a(uip-ds6.o)
 .bss           0x0000000000001a18        0xc build/z1/contiki-ng-z1.a(tcpip.o)
 .bss           0x0000000000001a24       0x3c build/z1/contiki-ng-z1.a(uip-ds6-route.o)
 .bss           0x0000000000001a60       0xb4 build/z1/contiki-ng-z1.a(uip-ds6-nbr.o)
 .bss           0x0000000000001b14        0x8 build/z1/contiki-ng-z1.a(uip6.o)
                0x0000000000001b14                uip_last_proto
                0x0000000000001b16                uip_ext_len
                0x0000000000001b18                uip_ext_bitmap
 .bss           0x0000000000001b1c        0x8 build/z1/contiki-ng-z1.a(uip-nd6.o)
 .bss           0x0000000000001b24       0x8e build/z1/contiki-ng-z1.a(simple-udp.o)
 .bss           0x0000000000001bb2      0x6e0 build/z1/contiki-ng-z1.a(sicslowpan.o)
 .bss           0x0000000000002292        0x0 build/z1/contiki-ng-z1.a(uiplib.o)
 .bss           0x0000000000002292        0x1 build/z1/contiki-ng-z1.a(rpl.o)
 .bss           0x0000000000002293        0x0 build/z1/contiki-ng-z1.a(rpl-icmp6.o)
 .bss           0x0000000000002293        0x0 build/z1/contiki-ng-z1.a(rpl-dag.o)
 *fill*         0x0000000000002293        0x1 00
 .bss           0x0000000000002294       0x12 build/z1/contiki-ng-z1.a(rpl-dag-root.o)
 .bss           0x00000000000022a6        0x0 build/z1/contiki-ng-z1.a(contiki-z1-plat)
 .bss           0x00000000000022a6        0x0 build/z1/contiki-ng-z1.a(leds.o)
 .bss           0x00000000000022a6        0x0 build/z1/contiki-ng-z1.a(xmem.o)
 .bss           0x00000000000022a6        0x2 build/z1/contiki-ng-z1.a(spi-legacy.o)
                0x00000000000022a6                spi_busy
 .bss           0x00000000000022a8       0x10 build/z1/contiki-ng-z1.a(cc2420.o)
 .bss           0x00000000000022b8        0x0 build/z1/contiki-ng-z1.a(cc2420-arch.o)
 .bss           0x00000000000022b8        0x0 build/z1/contiki-ng-z1.a(node-id-z1.o)
 .bss           0x00000000000022b8        0x6 build/z1/contiki-ng-z1.a(sensors.o)
 .bss           0x00000000000022be        0x4 build/z1/contiki-ng-z1.a(uart0.o)
 .bss           0x00000000000022c2        0x0 build/z1/contiki-ng-z1.a(z1-sensors.o)
 .bss           0x00000000000022c2       0x16 build/z1/contiki-ng-z1.a(adxl345.o)
 .bss           0x00000000000022d8        0x1 build/z1/contiki-ng-z1.a(tmp102.o)
 .bss           0x00000000000022d9        0x0 build/z1/contiki-ng-z1.a(leds-arch.o)
 .bss           0x00000000000022d9        0x0 build/z1/contiki-ng-z1.a(rtimer-arch.o)
 .bss           0x00000000000022d9        0x0 build/z1/contiki-ng-z1.a(stimer.o)
 .bss           0x00000000000022d9        0x0 build/z1/contiki-ng-z1.a(memb.o)
 *fill*         0x00000000000022d9        0x1 00
 .bss           0x00000000000022da       0x96 build/z1/contiki-ng-z1.a(nbr-table.o)
 .bss           0x0000000000002370       0x64 build/z1/contiki-ng-z1.a(link-stats.o)
 .bss           0x00000000000023d4       0xe0 build/z1/contiki-ng-z1.a(mac-sequence.o)
 .bss           0x00000000000024b4        0x0 build/z1/contiki-ng-z1.a(mac.o)
 .bss           0x00000000000024b4        0x2 build/z1/contiki-ng-z1.a(framer-802154.o)
 .bss           0x00000000000024b6        0x0 build/z1/contiki-ng-z1.a(frame802154.o)
 .bss           0x00000000000024b6        0x0 build/z1/contiki-ng-z1.a(csma-security.o)
 .bss           0x00000000000024b6       0x18 build/z1/contiki-ng-z1.a(uipbuf.o)
 .bss           0x00000000000024ce       0x14 build/z1/contiki-ng-z1.a(uip-icmp6.o)
 .bss           0x00000000000024e2       0xc2 build/z1/contiki-ng-z1.a(uip-sr.o)
 .bss           0x00000000000025a4        0x0 build/z1/contiki-ng-z1.a(uip-udp-packet.)
 .bss           0x00000000000025a4        0x8 build/z1/contiki-ng-z1.a(rpl-nbr-policy.)
 .bss           0x00000000000025ac       0x50 build/z1/contiki-ng-z1.a(rpl-neighbor.o)
 .bss           0x00000000000025fc       0x28 build/z1/contiki-ng-z1.a(rpl-timers.o)
 .bss           0x0000000000002624        0x0 build/z1/contiki-ng-z1.a(rpl-ext-header.)
 .bss           0x0000000000002624        0x0 build/z1/contiki-ng-z1.a(rpl-mrhof.o)
 .bss           0x0000000000002624        0x4 build/z1/contiki-ng-z1.a(i2cmaster.o)
                0x0000000000002624                prescale_msb
 .bss           0x0000000000002628        0x8 build/z1/contiki-ng-z1.a(button-sensor.o)
 .bss           0x0000000000002630        0x0 /usr/lib/gcc/msp430/4.6.3/mcpu-430x/mmpy-16/libgcc.a(_mulsi3.o)
 .bss           0x0000000000002630        0x0 /usr/lib/gcc/msp430/4.6.3/mcpu-430x/mmpy-16/libgcc.a(_udivmod16.o)
 .bss           0x0000000000002630        0x0 /usr/lib/gcc/msp430/4.6.3/mcpu-430x/mmpy-16/libgcc.a(_divmod16.o)
 .bss           0x0000000000002630        0x0 /usr/lib/gcc/msp430/4.6.3/mcpu-430x/mmpy-16/libgcc.a(_udivmod32.o)
 .bss           0x0000000000002630        0x0 /usr/lib/gcc/msp430/4.6.3/mcpu-430x/mmpy-16/libgcc.a(_divmod32.o)
 .bss           0x0000000000002630        0x0 /usr/lib/gcc/msp430/4.6.3/../../../../msp430/lib/mcpu-430x/mmpy-16/libc.a(strcmp.o)
 .bss           0x0000000000002630        0x0 /usr/lib/gcc/msp430/4.6.3/../../../../msp430/lib/mcpu-430x/mmpy-16/libc.a(strncmp.o)
 .bss           0x0000000000002630        0x0 /usr/lib/gcc/msp430/4.6.3/../../../../msp430/lib/mcpu-430x/mmpy-16/libc.a(memcmp.o)
 .bss           0x0000000000002630        0x0 /usr/lib/gcc/msp430/4.6.3/../../../../msp430/lib/mcpu-430x/mmpy-16/libc.a(memcpy.o)
 .bss           0x0000000000002630        0x0 /usr/lib/gcc/msp430/4.6.3/../../../../msp430/lib/mcpu-430x/mmpy-16/libc.a(memmove.o)
 .bss           0x0000000000002630        0x0 /usr/lib/gcc/msp430/4.6.3/../../../../msp430/lib/mcpu-430x/mmpy-16/libc.a(memset.o)
 .bss           0x0000000000002630        0x0 /usr/lib/gcc/msp430/4.6.3/../../../../msp430/lib/mcpu-430x/mmpy-16/libc.a(printf.o)
 .bss           0x0000000000002630        0x4 /usr/lib/gcc/msp430/4.6.3/../../../../msp430/lib/mcpu-430x/mmpy-16/libc.a(sprintf.o)
 .bss           0x0000000000002634        0x0 /usr/lib/gcc/msp430/4.6.3/../../../../msp430/lib/mcpu-430x/mmpy-16/libc.a(vuprintf.o)
 .bss           0x0000000000002634        0x0 /usr/lib/gcc/msp430/4.6.3/../../../../msp430/lib/mcpu-430x/mmpy-16/libc.a(puts.o)
 .bss           0x0000000000002634        0x0 /usr/lib/gcc/msp430/4.6.3/../../../../msp430/lib/mcpu-430x/mmpy-16/libc.a(rand.o)
 .bss           0x0000000000002634        0x0 /usr/lib/gcc/msp430/4.6.3/mcpu-430x/mmpy-16/libgcc.a(_udivmod64.o)
 .bss           0x0000000000002634        0x0 /usr/lib/gcc/msp430/4.6.3/mcpu-430x/mmpy-16/libcrt0.a(_reset_vector__.o)
 .bss           0x0000000000002634        0x0 /usr/lib/gcc/msp430/4.6.3/mcpu-430x/mmpy-16/libcrt0.a(__watchdog_support.o)
 .bss           0x0000000000002634        0x0 /usr/lib/gcc/msp430/4.6.3/mcpu-430x/mmpy-16/libcrt0.a(__init_stack.o)
 .bss           0x0000000000002634        0x0 /usr/lib/gcc/msp430/4.6.3/mcpu-430x/mmpy-16/libcrt0.a(__low_level_init.o)
 .bss           0x0000000000002634        0x0 /usr/lib/gcc/msp430/4.6.3/mcpu-430x/mmpy-16/libcrt0.a(_copy_data.o)
 .bss           0x0000000000002634        0x0 /usr/lib/gcc/msp430/4.6.3/mcpu-430x/mmpy-16/libcrt0.a(_clear_bss.o)
 .bss           0x0000000000002634        0x0 /usr/lib/gcc/msp430/4.6.3/mcpu-430x/mmpy-16/libcrt0.a(__stop_progExec__.o)
 .bss           0x0000000000002634        0x0 /usr/lib/gcc/msp430/4.6.3/mcpu-430x/mmpy-16/libcrt0.a(_endless_loop__.o)
 .bss           0x0000000000002634        0x0 /usr/lib/gcc/msp430/4.6.3/mcpu-430x/mmpy-16/libcrt0.a(_unexpected_.o)
 *(COMMON)
 COMMON         0x0000000000002634       0x28 build/z1/obj/contiki-main.o
                0x0000000000002634                unicast_per_neighbor_rpl_storing
                0x000000000000263e                unicast_per_neighbor_rpl_ns
                0x0000000000002648                default_common
                0x0000000000002652                eb_per_time_source
 COMMON         0x000000000000265c        0x2 build/z1/contiki-ng-z1.a(msp430.o)
                0x000000000000265c                msp430_dco_required
 COMMON         0x000000000000265e        0x1 build/z1/contiki-ng-z1.a(process.o)
                0x000000000000265e                process_maxevents
 *fill*         0x000000000000265f        0x1 00
 COMMON         0x0000000000002660       0x2a build/z1/contiki-ng-z1.a(packetbuf.o)
                0x0000000000002660                packetbuf_addrs
                0x0000000000002670                packetbuf_attrs
 COMMON         0x000000000000268a        0x8 build/z1/contiki-ng-z1.a(linkaddr.o)
                0x000000000000268a                linkaddr_node_addr
 COMMON         0x0000000000002692      0x15c build/z1/contiki-ng-z1.a(uip-ds6.o)
                0x0000000000002692                uip_ds6_timer_ra
                0x000000000000269a                uip_ds6_if
                0x0000000000002786                uip_ds6_netif_addr_list_offset
                0x0000000000002787                uip_ds6_addr_size
                0x0000000000002788                uip_ds6_prefix_list
                0x00000000000027e2                uip_ds6_timer_periodic
 COMMON         0x00000000000027ee        0x1 build/z1/contiki-ng-z1.a(tcpip.o)
                0x00000000000027ee                tcpip_event
 *fill*         0x00000000000027ef        0x1 00
 COMMON         0x00000000000027f0      0x172 build/z1/contiki-ng-z1.a(uip6.o)
                0x00000000000027f0                uip_len
                0x00000000000027f2                uip_sappdata
                0x00000000000027f4                uip_lladdr
                0x00000000000027fc                uip_aligned_buf
                0x0000000000002888                uip_flags
                0x000000000000288a                uip_udp_conn
                0x000000000000288c                uip_appdata
                0x000000000000288e                uip_conn
                0x0000000000002890                uip_slen
                0x0000000000002892                uip_udp_conns
 COMMON         0x0000000000002962       0x10 build/z1/contiki-ng-z1.a(rpl.o)
                0x0000000000002962                rpl_multicast_addr
 COMMON         0x0000000000002972       0xfe build/z1/contiki-ng-z1.a(rpl-dag.o)
                0x0000000000002972                curr_instance
 COMMON         0x0000000000002a70        0xc build/z1/contiki-ng-z1.a(cc2420.o)
                0x0000000000002a70                cc2420_last_rssi
                0x0000000000002a72                cc2420_sfd_start_time
                0x0000000000002a74                cc2420_last_correlation
                0x0000000000002a76                cc2420_authority_level_of_sender
                0x0000000000002a78                cc2420_sfd_counter
                0x0000000000002a7a                cc2420_sfd_end_time
 COMMON         0x0000000000002a7c        0x8 build/z1/contiki-ng-z1.a(node-id-z1.o)
                0x0000000000002a7c                node_mac
 COMMON         0x0000000000002a84        0x1 build/z1/contiki-ng-z1.a(sensors.o)
                0x0000000000002a84                sensors_event
 *fill*         0x0000000000002a85        0x1 00
 COMMON         0x0000000000002a86        0x4 build/z1/contiki-ng-z1.a(z1-sensors.o)
                0x0000000000002a86                sensors_flags
 COMMON         0x0000000000002a8a        0x4 build/z1/contiki-ng-z1.a(adxl345.o)
                0x0000000000002a8a                accm_int2_cb
                0x0000000000002a8c                accm_int1_cb
 COMMON         0x0000000000002a8e       0x14 build/z1/contiki-ng-z1.a(link-stats.o)
                0x0000000000002a8e                periodic_timer
 COMMON         0x0000000000002aa2       0x10 build/z1/contiki-ng-z1.a(i2cmaster.o)