Archive member included because of file (symbol)

build/sky/contiki-ng-sky.a(uart1-putchar.o)
                              build/sky/obj/contiki-main.o (putchar)
build/sky/contiki-ng-sky.a(platform.o)
                              build/sky/obj/contiki-main.o (platform_init_stage_one)
build/sky/contiki-ng-sky.a(msp430.o)
                              build/sky/contiki-ng-sky.a(platform.o) (msp430_dco_required)
build/sky/contiki-ng-sky.a(clock.o)
                              build/sky/obj/contiki-main.o (clock_init)
build/sky/contiki-ng-sky.a(leds.o)
                              build/sky/contiki-ng-sky.a(platform.o) (leds_init)
build/sky/contiki-ng-sky.a(leds-arch.o)
                              build/sky/contiki-ng-sky.a(leds.o) (leds_arch_init)
build/sky/contiki-ng-sky.a(watchdog.o)
                              build/sky/obj/contiki-main.o (watchdog_start)
build/sky/contiki-ng-sky.a(autostart.o)
                              build/sky/obj/contiki-main.o (autostart_start)
build/sky/contiki-ng-sky.a(ctimer.o)
                              build/sky/obj/contiki-main.o (ctimer_init)
build/sky/contiki-ng-sky.a(energest.o)
                              build/sky/obj/contiki-main.o (energest_init)
build/sky/contiki-ng-sky.a(etimer.o)
                              build/sky/contiki-ng-sky.a(clock.o) (etimer_request_poll)
build/sky/contiki-ng-sky.a(log.o)
                              build/sky/obj/contiki-main.o (log_6addr)
build/sky/contiki-ng-sky.a(process.o)
                              build/sky/contiki-ng-sky.a(ctimer.o) (process_current)
build/sky/contiki-ng-sky.a(rtimer.o)
                              build/sky/obj/contiki-main.o (rtimer_init)
build/sky/contiki-ng-sky.a(node-id.o)
                              build/sky/obj/contiki-main.o (node_id_init)
build/sky/contiki-ng-sky.a(timer.o)
                              build/sky/contiki-ng-sky.a(platform.o) (timer_set)
build/sky/contiki-ng-sky.a(list.o)
                              build/sky/contiki-ng-sky.a(ctimer.o) (list_init)
build/sky/contiki-ng-sky.a(random.o)
                              build/sky/contiki-ng-sky.a(platform.o) (random_init)
build/sky/contiki-ng-sky.a(queuebuf.o)
                              build/sky/obj/contiki-main.o (queuebuf_init)
build/sky/contiki-ng-sky.a(packetbuf.o)
                              build/sky/contiki-ng-sky.a(queuebuf.o) (packetbuf_copyto)
build/sky/contiki-ng-sky.a(netstack.o)
                              build/sky/obj/contiki-main.o (netstack_init)
build/sky/contiki-ng-sky.a(linkaddr.o)
                              build/sky/contiki-ng-sky.a(platform.o) (linkaddr_copy)
build/sky/contiki-ng-sky.a(csma.o)
                              build/sky/obj/contiki-main.o (csma_driver)
build/sky/contiki-ng-sky.a(csma-output.o)
                              build/sky/contiki-ng-sky.a(csma.o) (csma_output_packet)
build/sky/contiki-ng-sky.a(uip-ds6.o)
                              build/sky/obj/contiki-main.o (uip_ds6_get_link_local)
build/sky/contiki-ng-sky.a(tcpip.o)
                              build/sky/obj/contiki-main.o (tcpip_process)
build/sky/contiki-ng-sky.a(uip-ds6-route.o)
                              build/sky/contiki-ng-sky.a(uip-ds6.o) (uip_ds6_route_init)
build/sky/contiki-ng-sky.a(uip-ds6-nbr.o)
                              build/sky/contiki-ng-sky.a(uip-ds6.o) (uip_ds6_neighbors_init)
build/sky/contiki-ng-sky.a(uip6.o)
                              build/sky/contiki-ng-sky.a(tcpip.o) (uip_aligned_buf)
build/sky/contiki-ng-sky.a(uip-nd6.o)
                              build/sky/contiki-ng-sky.a(uip6.o) (uip_nd6_init)
build/sky/contiki-ng-sky.a(sicslowpan.o)
                              build/sky/obj/contiki-main.o (sicslowpan_driver)
build/sky/contiki-ng-sky.a(uiplib.o)
                              build/sky/contiki-ng-sky.a(log.o) (uiplib_ipaddr_snprint)
build/sky/contiki-ng-sky.a(rpl.o)
                              build/sky/obj/contiki-main.o (rpl_lite_driver)
build/sky/contiki-ng-sky.a(rpl-icmp6.o)
                              build/sky/contiki-ng-sky.a(rpl.o) (rpl_icmp6_init)
build/sky/contiki-ng-sky.a(rpl-dag.o)
                              build/sky/contiki-ng-sky.a(rpl.o) (curr_instance)
build/sky/contiki-ng-sky.a(rpl-dag-root.o)
                              build/sky/contiki-ng-sky.a(rpl.o) (rpl_dag_root_set_prefix)
build/sky/contiki-ng-sky.a(contiki-sky-pla)
                              build/sky/contiki-ng-sky.a(platform.o) (init_platform)
build/sky/contiki-ng-sky.a(button-sensor.o)
                              build/sky/contiki-ng-sky.a(contiki-sky-pla) (button_sensor)
build/sky/contiki-ng-sky.a(ds2411.o)
                              build/sky/contiki-ng-sky.a(platform.o) (ds2411_init)
build/sky/contiki-ng-sky.a(xmem.o)
                              build/sky/contiki-ng-sky.a(platform.o) (xmem_init)
build/sky/contiki-ng-sky.a(sensors.o)
                              build/sky/contiki-ng-sky.a(button-sensor.o) (sensors_changed)
build/sky/contiki-ng-sky.a(cc2420.o)
[...]
Memory Configuration

Name             Origin             Length             Attributes
sfr              0x00000000         0x00000010
peripheral_8bit  0x00000010         0x000000f0
peripheral_16bit 0x00000100         0x00000100
ram_mirror       0x00000200         0x00000800         xw
infomem          0x00001000         0x00000100
infob            0x00001000         0x00000080
infoa            0x00001080         0x00000080
ram              0x00001100         0x00002800         xw
rom              0x00004000         0x0000bfe0         xr
vectors          0x0000ffe0         0x00000020
bsl              0x00000000         0x00000000
infoc            0x00000000         0x00000000
infod            0x00000000         0x00000000
ram2             0x00000000         0x00000000         xw
usbram           0x00000000         0x00000000         xw
far_rom          0x00000000         0x00000000
*default*        0x00000000         0xffffffff

Linker script and memory map

LOAD /usr/local/bin/../lib/gcc/msp430/4.7.2/mmpy-16/crt0ivtbl16.o
                0x00002c64                _stack = _end
LOAD hello-world.o
LOAD build/sky/obj/contiki-main.o
LOAD build/sky/contiki-ng-sky.a
LOAD /usr/local/bin/../lib/gcc/msp430/4.7.2/mmpy-16/libgcc.a
LOAD /usr/local/bin/../lib/gcc/msp430/4.7.2/../../../../msp430/lib/mmpy-16/libc.a
LOAD /usr/local/bin/../lib/gcc/msp430/4.7.2/mmpy-16/libgcc.a
LOAD /usr/local/bin/../lib/gcc/msp430/4.7.2/mmpy-16/libcrt0.a
                0x00000080                PROVIDE (__info_segment_size, 0x80)
                0x00001000                PROVIDE (__infob, 0x1000)
                0x00001080                PROVIDE (__infoa, 0x1080)
                0x00000000                __IE1 = 0x0
                0x00000002                __IFG1 = 0x2
                0x00000004                __ME1 = 0x4
                0x00000001                __IE2 = 0x1
                0x00000003                __IFG2 = 0x3
                0x00000005                __ME2 = 0x5
                0x00000120                __WDTCTL = 0x120
                0x00000130                __MPY = 0x130
                0x00000132                __MPYS = 0x132
                0x00000134                __MAC = 0x134
                0x00000136                __MACS = 0x136
                0x00000138                __OP2 = 0x138
                0x0000013a                __RESLO = 0x13a
                0x0000013c                __RESHI = 0x13c
                0x0000013e                __SUMEXT = 0x13e
                0x00000020                __P1IN = 0x20
                0x00000021                __P1OUT = 0x21
                0x00000022                __P1DIR = 0x22
                0x00000023                __P1IFG = 0x23
                0x00000024                __P1IES = 0x24
                0x00000025                __P1IE = 0x25
                0x00000026                __P1SEL = 0x26
                0x00000028                __P2IN = 0x28
                0x00000029                __P2OUT = 0x29
                0x0000002a                __P2DIR = 0x2a
                0x0000002b                __P2IFG = 0x2b
                0x0000002c                __P2IES = 0x2c
                0x0000002d                __P2IE = 0x2d
                0x0000002e                __P2SEL = 0x2e
                0x00000018                __P3IN = 0x18
                0x00000019                __P3OUT = 0x19
                0x0000001a                __P3DIR = 0x1a
                0x0000001b                __P3SEL = 0x1b
                0x0000001c                __P4IN = 0x1c
                0x0000001d                __P4OUT = 0x1d
                0x0000001e                __P4DIR = 0x1e
                0x0000001f                __P4SEL = 0x1f
                0x00000030                __P5IN = 0x30
                0x00000031                __P5OUT = 0x31
                0x00000032                __P5DIR = 0x32
                0x00000033                __P5SEL = 0x33
                0x00000034                __P6IN = 0x34
                0x00000035                __P6OUT = 0x35
                0x00000036                __P6DIR = 0x36
                0x00000037                __P6SEL = 0x37
                0x00000070                __U0CTL = 0x70
                0x00000071                __U0TCTL = 0x71
                0x00000072                __U0RCTL = 0x72
                0x00000073                __U0MCTL = 0x73
                0x00000074                __U0BR0 = 0x74
                0x00000075                __U0BR1 = 0x75
                0x00000076                __U0RXBUF = 0x76
                0x00000077                __U0TXBUF = 0x77
                0x00000078                __U1CTL = 0x78
                0x00000079                __U1TCTL = 0x79
                0x0000007a                __U1RCTL = 0x7a
                0x0000007b                __U1MCTL = 0x7b
                0x0000007c                __U1BR0 = 0x7c
                0x0000007d                __U1BR1 = 0x7d
                0x0000007e                __U1RXBUF = 0x7e
                0x0000007f                __U1TXBUF = 0x7f
                0x00000050                __I2CIE = 0x50
                0x00000051                __I2CIFG = 0x51
                0x00000052                __I2CNDAT = 0x52
                0x00000071                __I2CTCTL = 0x71
                0x00000072                __I2CDCTL = 0x72
                0x00000073                __I2CPSC = 0x73
                0x00000074                __I2CSCLH = 0x74
                0x00000075                __I2CSCLL = 0x75
                0x00000076                __I2CDRB = 0x76
                0x00000076                __I2CDRW = 0x76
                0x00000118                __I2COA = 0x118
                0x0000011a                __I2CSA = 0x11a
                0x0000011c                __I2CIV = 0x11c
                0x0000012e                __TAIV = 0x12e
                0x00000160                __TACTL = 0x160
                0x00000162                __TACCTL0 = 0x162
                0x00000164                __TACCTL1 = 0x164
                0x00000166                __TACCTL2 = 0x166
                0x00000170                __TAR = 0x170
                0x00000172                __TACCR0 = 0x172
                0x00000174                __TACCR1 = 0x174
                0x00000176                __TACCR2 = 0x176
                0x0000011e                __TBIV = 0x11e
                0x00000180                __TBCTL = 0x180
                0x00000182                __TBCCTL0 = 0x182
                0x00000184                __TBCCTL1 = 0x184
                0x00000186                __TBCCTL2 = 0x186
                0x00000188                __TBCCTL3 = 0x188
                0x0000018a                __TBCCTL4 = 0x18a
                0x0000018c                __TBCCTL5 = 0x18c
                0x0000018e                __TBCCTL6 = 0x18e
                0x00000190                __TBR = 0x190
                0x00000192                __TBCCR0 = 0x192
                0x00000194                __TBCCR1 = 0x194
                0x00000196                __TBCCR2 = 0x196
                0x00000198                __TBCCR3 = 0x198
                0x0000019a                __TBCCR4 = 0x19a
                0x0000019c                __TBCCR5 = 0x19c
                0x0000019e                __TBCCR6 = 0x19e
                0x00000056                __DCOCTL = 0x56
                0x00000057                __BCSCTL1 = 0x57
                0x00000058                __BCSCTL2 = 0x58
                0x00000055                __SVSCTL = 0x55
                0x00000128                __FCTL1 = 0x128
                0x0000012a                __FCTL2 = 0x12a
                0x0000012c                __FCTL3 = 0x12c
                0x00000059                __CACTL1 = 0x59
                0x0000005a                __CACTL2 = 0x5a
                0x0000005b                __CAPD = 0x5b
                0x000001a0                __ADC12CTL0 = 0x1a0
                0x000001a2                __ADC12CTL1 = 0x1a2
                0x000001a4                __ADC12IFG = 0x1a4
                0x000001a6                __ADC12IE = 0x1a6
                0x000001a8                __ADC12IV = 0x1a8
                0x00000140                __ADC12MEM0 = 0x140
                0x00000142                __ADC12MEM1 = 0x142
                0x00000144                __ADC12MEM2 = 0x144
                0x00000146                __ADC12MEM3 = 0x146
                0x00000148                __ADC12MEM4 = 0x148
                0x0000014a                __ADC12MEM5 = 0x14a
                0x0000014c                __ADC12MEM6 = 0x14c
                0x0000014e                __ADC12MEM7 = 0x14e
                0x00000150                __ADC12MEM8 = 0x150
                0x00000152                __ADC12MEM9 = 0x152
                0x00000154                __ADC12MEM10 = 0x154
                0x00000156                __ADC12MEM11 = 0x156
                0x00000158                __ADC12MEM12 = 0x158
                0x0000015a                __ADC12MEM13 = 0x15a
                0x0000015c                __ADC12MEM14 = 0x15c
                0x0000015e                __ADC12MEM15 = 0x15e
                0x00000080                __ADC12MCTL0 = 0x80
                0x00000081                __ADC12MCTL1 = 0x81
                0x00000082                __ADC12MCTL2 = 0x82
                0x00000083                __ADC12MCTL3 = 0x83
                0x00000084                __ADC12MCTL4 = 0x84
                0x00000085                __ADC12MCTL5 = 0x85
                0x00000086                __ADC12MCTL6 = 0x86
                0x00000087                __ADC12MCTL7 = 0x87
                0x00000088                __ADC12MCTL8 = 0x88
                0x00000089                __ADC12MCTL9 = 0x89
                0x0000008a                __ADC12MCTL10 = 0x8a
                0x0000008b                __ADC12MCTL11 = 0x8b
                0x0000008c                __ADC12MCTL12 = 0x8c
                0x0000008d                __ADC12MCTL13 = 0x8d
                0x0000008e                __ADC12MCTL14 = 0x8e
                0x0000008f                __ADC12MCTL15 = 0x8f
                0x000001c0                __DAC12_0CTL = 0x1c0
                0x000001c2                __DAC12_1CTL = 0x1c2
                0x000001c8                __DAC12_0DAT = 0x1c8
                0x000001ca                __DAC12_1DAT = 0x1ca
                0x00000122                __DMACTL0 = 0x122
                0x00000124                __DMACTL1 = 0x124
                0x000001e0                __DMA0CTL = 0x1e0
                0x000001e8                __DMA1CTL = 0x1e8
                0x000001f0                __DMA2CTL = 0x1f0
                0x000001e2                __DMA0SA = 0x1e2
                0x000001e4                __DMA0DA = 0x1e4
                0x000001e6                __DMA0SZ = 0x1e6
                0x000001ea                __DMA1SA = 0x1ea
                0x000001ec                __DMA1DA = 0x1ec
                0x000001ee                __DMA1SZ = 0x1ee
                0x000001f2                __DMA2SA = 0x1f2
                0x000001f4                __DMA2DA = 0x1f4
                0x000001f6                __DMA2SZ = 0x1f6

.hash
 *(.hash)

.dynsym
 *(.dynsym)

.dynstr
 *(.dynstr)

.gnu.version
 *(.gnu.version)

.gnu.version_d
 *(.gnu.version_d)

.gnu.version_r
 *(.gnu.version_r)

.rel.init
 *(.rel.init)

.rela.init
 *(.rela.init)

.rel.fini
 *(.rel.fini)

.rela.fini
 *(.rela.fini)

.rel.text
 *(.rel.text .rel.text.* .rel.gnu.linkonce.t.*)

.rela.text
 *(.rela.text .rela.text.* .rela.gnu.linkonce.t.*)

.rel.rodata
 *(.rel.rodata .rel.rodata.* .rel.gnu.linkonce.r.*)

.rela.rodata
 *(.rela.rodata .rela.rodata.* .rela.gnu.linkonce.r.*)

.rel.data
 *(.rel.data .rel.data.* .rel.gnu.linkonce.d.*)

.rela.data
 *(.rela.data .rela.data.* .rela.gnu.linkonce.d.*)

.rel.bss
 *(.rel.bss .rel.bss.* .rel.gnu.linkonce.b.*)

.rela.bss
 *(.rela.bss .rela.bss.* .rela.gnu.linkonce.b.*)

.rel.ctors
 *(.rel.ctors)

.rela.ctors
 *(.rela.ctors)

.rel.dtors
 *(.rel.dtors)

.rela.dtors
 *(.rela.dtors)

.rel.got
 *(.rel.got)

.rela.got
 *(.rela.got)

.rel.plt
 *(.rel.plt)

.rela.plt
 *(.rela.plt)

.text           0x00004000     0x9e60
                0x00004000                . = ALIGN (0x2)
 *(.init .init.*)
 *(.init0)
 .init0         0x00004000        0x0 /usr/local/bin/../lib/gcc/msp430/4.7.2/mmpy-16/libcrt0.a(_reset_vector__.o)
                0x00004000                _reset_vector__
 *(.init1)
 .init1         0x00004000        0xc /usr/local/bin/../lib/gcc/msp430/4.7.2/mmpy-16/libcrt0.a(__watchdog_support.o)
                0x00004000                __watchdog_support
 *(.init2)
 .init2         0x0000400c        0x4 /usr/local/bin/../lib/gcc/msp430/4.7.2/mmpy-16/libcrt0.a(__init_stack.o)
                0x0000400c                __init_stack
 *(.init3)
 .init3         0x00004010        0x0 /usr/local/bin/../lib/gcc/msp430/4.7.2/mmpy-16/libcrt0.a(__low_level_init.o)
                0x00004010                __low_level_init
 *(.init4)
 .init4         0x00004010       0x18 /usr/local/bin/../lib/gcc/msp430/4.7.2/mmpy-16/libcrt0.a(_copy_data.o)
                0x00004010                __do_copy_data
 .init4         0x00004028       0x16 /usr/local/bin/../lib/gcc/msp430/4.7.2/mmpy-16/libcrt0.a(_clear_bss.o)
                0x00004028                __do_clear_bss
 *(.init5)
 *(.init6)
 *(.init7)
 *(.init8)
 *(.init9)
 .init9         0x0000403e      0x22e build/sky/obj/contiki-main.o
                0x0000403e                main
 *(.fini9)
 .fini9         0x0000426c        0x0 /usr/local/bin/../lib/gcc/msp430/4.7.2/mmpy-16/libcrt0.a(__stop_progExec__.o)
                0x0000426c                __stop_progExec__
 *(.fini8)
 *(.fini7)
 *(.fini6)
 *(.fini5)
 *(.fini4)
 *(.fini3)
 *(.fini2)
 *(.fini1)
 *(.fini0)
 .fini0         0x0000426c        0x6 /usr/local/bin/../lib/gcc/msp430/4.7.2/mmpy-16/libcrt0.a(_endless_loop__.o)
                0x0000426c                _endless_loop__
 *(.fini .fini.*)
                0x00004272                . = ALIGN (0x2)
                0x00004272                __ctors_start = .
 *(.ctors)
                0x00004272                __ctors_end = .
                0x00004272                __dtors_start = .
 *(.dtors)
                0x00004272                __dtors_end = .
                0x00004272                . = ALIGN (0x2)
 *(.text .text.* .gnu.linkonce.t.*)
 .text          0x00004272        0x4 /usr/local/bin/../lib/gcc/msp430/4.7.2/mmpy-16/crt0ivtbl16.o
                0x00004272                __isr_14
                0x00004272                __isr_11
                0x00004272                __isr_2
                0x00004272                __isr_7
                0x00004272                __isr_0
                0x00004272                __isr_8
                0x00004272                __isr_3
                0x00004272                __isr_12
                0x00004272                __isr_13
                0x00004272                __isr_9
 .text.process_thread_hello_world_process
                0x00004276       0x5a hello-world.o
 .text.putchar  0x000042d0       0x10 build/sky/contiki-ng-sky.a(uart1-putchar.o)
                0x000042d0                putchar
 .text.platform_init_stage_one
                0x000042e0       0x12 build/sky/contiki-ng-sky.a(platform.o)
                0x000042e0                platform_init_stage_one
 .text.platform_init_stage_two
                0x000042f2       0x64 build/sky/contiki-ng-sky.a(platform.o)
                0x000042f2                platform_init_stage_two
 .text.platform_init_stage_three
                0x00004356       0x7a build/sky/contiki-ng-sky.a(platform.o)
                0x00004356                platform_init_stage_three
 .text.platform_idle
                0x000043d0       0x54 build/sky/contiki-ng-sky.a(platform.o)
                0x000043d0                platform_idle
 .text.msp430_init_dco
                0x00004424       0x82 build/sky/contiki-ng-sky.a(msp430.o)
                0x00004424                msp430_init_dco
 .text.msp430_add_lpm_req
                0x000044a6        0xc build/sky/contiki-ng-sky.a(msp430.o)
                0x000044a6                msp430_add_lpm_req
 .text.msp430_cpu_init
                0x000044b2       0x2a build/sky/contiki-ng-sky.a(msp430.o)
                0x000044b2                msp430_cpu_init
 .text.splhigh_
                0x000044dc        0x8 build/sky/contiki-ng-sky.a(msp430.o)
                0x000044dc                splhigh_
 .text.msp430_sync_dco
                0x000044e4       0x6c build/sky/contiki-ng-sky.a(msp430.o)
                0x000044e4                msp430_sync_dco
 .text.timera1  0x00004550       0xdc build/sky/contiki-ng-sky.a(clock.o)
                0x00004550                __isr_5
                0x00004550                timera1
 .text.clock_time
                0x0000462c       0x1a build/sky/contiki-ng-sky.a(clock.o)
                0x0000462c                clock_time
 .text.clock_init
                0x00004646       0x28 build/sky/contiki-ng-sky.a(clock.o)
                0x00004646                clock_init
 .text.clock_delay
                0x0000466e        0xc build/sky/contiki-ng-sky.a(clock.o)
                0x0000466e                clock_delay
 .text.clock_seconds
                0x0000467a       0x1a build/sky/contiki-ng-sky.a(clock.o)
                0x0000467a                clock_seconds
 .text.leds_init
                0x00004694        0x6 build/sky/contiki-ng-sky.a(leds.o)
                0x00004694                leds_init
 .text.leds_on  0x0000469a       0x12 build/sky/contiki-ng-sky.a(leds.o)
                0x0000469a                leds_on
 .text.leds_off
                0x000046ac       0x12 build/sky/contiki-ng-sky.a(leds.o)
                0x000046ac                leds_off
 .text.leds_arch_init
                0x000046be        0xe build/sky/contiki-ng-sky.a(leds-arch.o)
                0x000046be                leds_arch_init
 .text.leds_arch_get
                0x000046cc       0x34 build/sky/contiki-ng-sky.a(leds-arch.o)
                0x000046cc                leds_arch_get
 .text.leds_arch_set
                0x00004700       0x3e build/sky/contiki-ng-sky.a(leds-arch.o)
                0x00004700                leds_arch_set
 .text.watchdog_interrupt
                0x0000473e        0x6 build/sky/contiki-ng-sky.a(watchdog.o)
                0x0000473e                __isr_10
                0x0000473e                watchdog_interrupt
 .text.watchdog_start
                0x00004744       0x14 build/sky/contiki-ng-sky.a(watchdog.o)
                0x00004744                watchdog_start
 .text.watchdog_periodic
                0x00004758       0x12 build/sky/contiki-ng-sky.a(watchdog.o)
                0x00004758                watchdog_periodic
 .text.watchdog_stop
                0x0000476a       0x16 build/sky/contiki-ng-sky.a(watchdog.o)
                0x0000476a                watchdog_stop
 .text.watchdog_init
                0x00004780       0x12 build/sky/contiki-ng-sky.a(watchdog.o)
                0x00004780                watchdog_init
 .text.autostart_start
                0x00004792       0x16 build/sky/contiki-ng-sky.a(autostart.o)
                0x00004792                autostart_start
 .text.process_thread_ctimer_process
                0x000047a8       0xa8 build/sky/contiki-ng-sky.a(ctimer.o)
 .text.ctimer_init
                0x00004850       0x18 build/sky/contiki-ng-sky.a(ctimer.o)
                0x00004850                ctimer_init
 .text.ctimer_set_with_process
                0x00004868       0x4e build/sky/contiki-ng-sky.a(ctimer.o)
                0x00004868                ctimer_set_with_process
 .text.ctimer_set
                0x000048b6       0x10 build/sky/contiki-ng-sky.a(ctimer.o)
                0x000048b6                ctimer_set
 .text.ctimer_reset
                0x000048c6       0x30 build/sky/contiki-ng-sky.a(ctimer.o)
                0x000048c6                ctimer_reset
 .text.ctimer_stop
                0x000048f6       0x28 build/sky/contiki-ng-sky.a(ctimer.o)
                0x000048f6                ctimer_stop
 .text.ctimer_expired
                0x0000491e       0x30 build/sky/contiki-ng-sky.a(ctimer.o)
                0x0000491e                ctimer_expired
 .text.energest_init
                0x0000494e        0x2 build/sky/contiki-ng-sky.a(energest.o)
                0x0000494e                energest_init
 .text.energest_flush
                0x00004950        0x2 build/sky/contiki-ng-sky.a(energest.o)
                0x00004950                energest_flush
 .text.update_time
                0x00004952       0x78 build/sky/contiki-ng-sky.a(etimer.o)
 .text.etimer_request_poll
                0x000049ca        0xa build/sky/contiki-ng-sky.a(etimer.o)
                0x000049ca                etimer_request_poll
 .text.process_thread_etimer_process
                0x000049d4       0xcc build/sky/contiki-ng-sky.a(etimer.o)
 .text.add_timer
                0x00004aa0       0x40 build/sky/contiki-ng-sky.a(etimer.o)
 .text.etimer_set
                0x00004ae0       0x12 build/sky/contiki-ng-sky.a(etimer.o)
                0x00004ae0                etimer_set
 .text.etimer_reset
                0x00004af2       0x12 build/sky/contiki-ng-sky.a(etimer.o)
                0x00004af2                etimer_reset
 .text.etimer_expired
                0x00004b04        0xe build/sky/contiki-ng-sky.a(etimer.o)
                0x00004b04                etimer_expired
 .text.etimer_pending
                0x00004b12        0xc build/sky/contiki-ng-sky.a(etimer.o)
                0x00004b12                etimer_pending
 .text.etimer_next_expiration_time
                0x00004b1e       0x16 build/sky/contiki-ng-sky.a(etimer.o)
                0x00004b1e                etimer_next_expiration_time
 .text.etimer_stop
                0x00004b34       0x3e build/sky/contiki-ng-sky.a(etimer.o)
                0x00004b34                etimer_stop
 .text.log_6addr
                0x00004b72       0x32 build/sky/contiki-ng-sky.a(log.o)
                0x00004b72                log_6addr
 .text.log_lladdr
                0x00004ba4       0x44 build/sky/contiki-ng-sky.a(log.o)
                0x00004ba4                log_lladdr
 .text.call_process
                0x00004be8       0x46 build/sky/contiki-ng-sky.a(process.o)
 .text.exit_process
                0x00004c2e       0x96 build/sky/contiki-ng-sky.a(process.o)
 .text.do_poll  0x00004cc4       0x30 build/sky/contiki-ng-sky.a(process.o)
 .text.process_alloc_event
                0x00004cf4        0xe build/sky/contiki-ng-sky.a(process.o)
                0x00004cf4                process_alloc_event
 .text.process_init
                0x00004d02       0x18 build/sky/contiki-ng-sky.a(process.o)
                0x00004d02                process_init
 .text.process_run
                0x00004d1a       0x92 build/sky/contiki-ng-sky.a(process.o)
                0x00004d1a                process_run
 .text.process_nevents
                0x00004dac        0xe build/sky/contiki-ng-sky.a(process.o)
                0x00004dac                process_nevents
 .text.process_post
                0x00004dba       0x42 build/sky/contiki-ng-sky.a(process.o)
                0x00004dba                process_post
 .text.process_post_synch
                0x00004dfc       0x12 build/sky/contiki-ng-sky.a(process.o)
                0x00004dfc                process_post_synch
 .text.process_start
                0x00004e0e       0x36 build/sky/contiki-ng-sky.a(process.o)
                0x00004e0e                process_start
 .text.process_poll
                0x00004e44       0x18 build/sky/contiki-ng-sky.a(process.o)
                0x00004e44                process_poll
 .text.rtimer_init
                0x00004e5c        0x6 build/sky/contiki-ng-sky.a(rtimer.o)
                0x00004e5c                rtimer_init
 .text.rtimer_run_next
                0x00004e62       0x26 build/sky/contiki-ng-sky.a(rtimer.o)
                0x00004e62                rtimer_run_next
 .text.node_id_init
                0x00004e88       0x14 build/sky/contiki-ng-sky.a(node-id.o)
                0x00004e88                node_id_init
 .text.timer_set
                0x00004e9c       0x1c build/sky/contiki-ng-sky.a(timer.o)
                0x00004e9c                timer_set
 .text.timer_expired
                0x00004eb8       0x2a build/sky/contiki-ng-sky.a(timer.o)
                0x00004eb8                timer_expired
 .text.timer_reset
                0x00004ee2       0x1c build/sky/contiki-ng-sky.a(timer.o)
                0x00004ee2                timer_reset
 .text.list_init
                0x00004efe        0x6 build/sky/contiki-ng-sky.a(list.o)
                0x00004efe                list_init
 .text.list_head
                0x00004f04        0x4 build/sky/contiki-ng-sky.a(list.o)
                0x00004f04                list_head
 .text.list_tail
                0x00004f08       0x12 build/sky/contiki-ng-sky.a(list.o)
                0x00004f08                list_tail
 .text.list_remove
                0x00004f1a       0x34 build/sky/contiki-ng-sky.a(list.o)
                0x00004f1a                list_remove
 .text.list_push
                0x00004f4e       0x1a build/sky/contiki-ng-sky.a(list.o)
                0x00004f4e                list_push
 .text.list_add
                0x00004f68       0x2a build/sky/contiki-ng-sky.a(list.o)
                0x00004f68                list_add
 .text.list_length
                0x00004f92       0x10 build/sky/contiki-ng-sky.a(list.o)
                0x00004f92                list_length
 .text.list_item_next
                0x00004fa2        0xc build/sky/contiki-ng-sky.a(list.o)
                0x00004fa2                list_item_next
 .text.random_init
                0x00004fae        0x6 build/sky/contiki-ng-sky.a(random.o)
                0x00004fae                random_init
 .text.random_rand
                0x00004fb4        0x6 build/sky/contiki-ng-sky.a(random.o)
                0x00004fb4                random_rand
 .text.queuebuf_init
                0x00004fba       0x12 build/sky/contiki-ng-sky.a(queuebuf.o)
                0x00004fba                queuebuf_init
 .text.queuebuf_numfree
                0x00004fcc        0xa build/sky/contiki-ng-sky.a(queuebuf.o)
                0x00004fcc                queuebuf_numfree
 .text.queuebuf_new_from_packetbuf
                0x00004fd6       0x52 build/sky/contiki-ng-sky.a(queuebuf.o)
                0x00004fd6                queuebuf_new_from_packetbuf
 .text.queuebuf_update_attr_from_packetbuf
                0x00005028       0x12 build/sky/contiki-ng-sky.a(queuebuf.o)
                0x00005028                queuebuf_update_attr_from_packetbuf
 .text.queuebuf_free
                0x0000503a       0x2a build/sky/contiki-ng-sky.a(queuebuf.o)
                0x0000503a                queuebuf_free
 .text.queuebuf_to_packetbuf
                0x00005064       0x32 build/sky/contiki-ng-sky.a(queuebuf.o)
                0x00005064                queuebuf_to_packetbuf
 .text.packetbuf_hdrreduce
                0x00005096       0x1a build/sky/contiki-ng-sky.a(packetbuf.o)
                0x00005096                packetbuf_hdrreduce
 .text.packetbuf_set_datalen
                0x000050b0        0x6 build/sky/contiki-ng-sky.a(packetbuf.o)
                0x000050b0                packetbuf_set_datalen
 .text.packetbuf_hdrptr
                0x000050b6        0x6 build/sky/contiki-ng-sky.a(packetbuf.o)
                0x000050b6                packetbuf_hdrptr
 .text.packetbuf_datalen
                0x000050bc        0x6 build/sky/contiki-ng-sky.a(packetbuf.o)
                0x000050bc                packetbuf_datalen
 .text.packetbuf_hdrlen
                0x000050c2        0xa build/sky/contiki-ng-sky.a(packetbuf.o)
                0x000050c2                packetbuf_hdrlen
 .text.packetbuf_dataptr
                0x000050cc        0xc build/sky/contiki-ng-sky.a(packetbuf.o)
                0x000050cc                packetbuf_dataptr
 .text.packetbuf_copyto
                0x000050d8       0x46 build/sky/contiki-ng-sky.a(packetbuf.o)
                0x000050d8                packetbuf_copyto
 .text.packetbuf_totlen
                0x0000511e        0xc build/sky/contiki-ng-sky.a(packetbuf.o)
                0x0000511e                packetbuf_totlen
 .text.packetbuf_hdralloc
                0x0000512a       0x3c build/sky/contiki-ng-sky.a(packetbuf.o)
                0x0000512a                packetbuf_hdralloc
 .text.packetbuf_attr_clear
                0x00005166       0x28 build/sky/contiki-ng-sky.a(packetbuf.o)
                0x00005166                packetbuf_attr_clear
 .text.packetbuf_clear
                0x0000518e       0x12 build/sky/contiki-ng-sky.a(packetbuf.o)
                0x0000518e                packetbuf_clear
 .text.packetbuf_copyfrom
                0x000051a0       0x2e build/sky/contiki-ng-sky.a(packetbuf.o)
                0x000051a0                packetbuf_copyfrom
 .text.packetbuf_attr_copyto
                0x000051ce       0x22 build/sky/contiki-ng-sky.a(packetbuf.o)
                0x000051ce                packetbuf_attr_copyto
 .text.packetbuf_attr_copyfrom
                0x000051f0       0x24 build/sky/contiki-ng-sky.a(packetbuf.o)
                0x000051f0                packetbuf_attr_copyfrom
 .text.packetbuf_set_attr
                0x00005214        0xc build/sky/contiki-ng-sky.a(packetbuf.o)
                0x00005214                packetbuf_set_attr
 .text.packetbuf_attr
                0x00005220        0xa build/sky/contiki-ng-sky.a(packetbuf.o)
                0x00005220                packetbuf_attr
 .text.packetbuf_set_addr
                0x0000522a       0x18 build/sky/contiki-ng-sky.a(packetbuf.o)
                0x0000522a                packetbuf_set_addr
 .text.packetbuf_addr
                0x00005242       0x12 build/sky/contiki-ng-sky.a(packetbuf.o)
                0x00005242                packetbuf_addr
 .text.packetbuf_holds_broadcast
                0x00005254        0xe build/sky/contiki-ng-sky.a(packetbuf.o)
                0x00005254                packetbuf_holds_broadcast
 .text.netstack_process_ip_callback
                0x00005262       0x4e build/sky/contiki-ng-sky.a(netstack.o)
                0x00005262                netstack_process_ip_callback
 .text.netstack_init
                0x000052b0        0xe build/sky/contiki-ng-sky.a(netstack.o)
                0x000052b0                netstack_init
 .text.linkaddr_copy
                0x000052be        0x8 build/sky/contiki-ng-sky.a(linkaddr.o)
                0x000052be                linkaddr_copy
 .text.linkaddr_cmp
                0x000052c6       0x12 build/sky/contiki-ng-sky.a(linkaddr.o)
                0x000052c6                linkaddr_cmp
 .text.linkaddr_set_node_addr
                0x000052d8        0xc build/sky/contiki-ng-sky.a(linkaddr.o)
                0x000052d8                linkaddr_set_node_addr
 .text.on       0x000052e4        0x6 build/sky/contiki-ng-sky.a(csma.o)
 .text.off      0x000052ea        0x6 build/sky/contiki-ng-sky.a(csma.o)
 .text.max_payload
                0x000052f0       0x16 build/sky/contiki-ng-sky.a(csma.o)
 .text.send_packet
                0x00005306        0x6 build/sky/contiki-ng-sky.a(csma.o)
 .text.init     0x0000530c        0xa build/sky/contiki-ng-sky.a(csma.o)
 .text.input_packet
                0x00005316       0x58 build/sky/contiki-ng-sky.a(csma.o)
 .text.schedule_transmission
                0x0000536e       0x70 build/sky/contiki-ng-sky.a(csma-output.o)
 .text.tx_done  0x000053de       0x9a build/sky/contiki-ng-sky.a(csma-output.o)
 .text.transmit_from_queue
                0x00005478      0x1bc build/sky/contiki-ng-sky.a(csma-output.o)
 .text.csma_output_packet
                0x00005634      0x184 build/sky/contiki-ng-sky.a(csma-output.o)
                0x00005634                csma_output_packet
 .text.csma_output_init
                0x000057b8       0x1a build/sky/contiki-ng-sky.a(csma-output.o)
                0x000057b8                csma_output_init
 .text.uip_ds6_default_prefix
                0x000057d2        0x6 build/sky/contiki-ng-sky.a(uip-ds6.o)
                0x000057d2                uip_ds6_default_prefix
 .text.uip_ds6_list_loop
                0x000057d8       0x92 build/sky/contiki-ng-sky.a(uip-ds6.o)
                0x000057d8                uip_ds6_list_loop
 .text.uip_ds6_prefix_add
                0x0000586a       0x80 build/sky/contiki-ng-sky.a(uip-ds6.o)
                0x0000586a                uip_ds6_prefix_add
 .text.uip_ds6_is_addr_onlink
                0x000058ea       0x54 build/sky/contiki-ng-sky.a(uip-ds6.o)
                0x000058ea                uip_ds6_is_addr_onlink
 .text.uip_ds6_addr_lookup
                0x0000593e       0x2a build/sky/contiki-ng-sky.a(uip-ds6.o)
                0x0000593e                uip_ds6_addr_lookup
 .text.uip_ds6_get_link_local
                0x00005968       0x3e build/sky/contiki-ng-sky.a(uip-ds6.o)
                0x00005968                uip_ds6_get_link_local
 .text.uip_ds6_maddr_add
                0x000059a6       0x4c build/sky/contiki-ng-sky.a(uip-ds6.o)
                0x000059a6                uip_ds6_maddr_add
 .text.uip_ds6_addr_add
                0x000059f2       0xc4 build/sky/contiki-ng-sky.a(uip-ds6.o)
                0x000059f2                uip_ds6_addr_add
 .text.uip_ds6_maddr_rm
                0x00005ab6        0xa build/sky/contiki-ng-sky.a(uip-ds6.o)
                0x00005ab6                uip_ds6_maddr_rm
 .text.uip_ds6_maddr_lookup
                0x00005ac0       0x2a build/sky/contiki-ng-sky.a(uip-ds6.o)
                0x00005ac0                uip_ds6_maddr_lookup
 .text.uip_ds6_addr_rm
                0x00005aea       0x54 build/sky/contiki-ng-sky.a(uip-ds6.o)
                0x00005aea                uip_ds6_addr_rm
 .text.uip_ds6_periodic
                0x00005b3e       0x46 build/sky/contiki-ng-sky.a(uip-ds6.o)
                0x00005b3e                uip_ds6_periodic
 .text.uip_ds6_set_addr_iid
                0x00005b84       0x14 build/sky/contiki-ng-sky.a(uip-ds6.o)
                0x00005b84                uip_ds6_set_addr_iid
 .text.uip_ds6_set_lladdr_from_iid
                0x00005b98       0x14 build/sky/contiki-ng-sky.a(uip-ds6.o)
                0x00005b98                uip_ds6_set_lladdr_from_iid
 .text.get_match_length
                0x00005bac       0x44 build/sky/contiki-ng-sky.a(uip-ds6.o)
                0x00005bac                get_match_length
 .text.uip_ds6_select_src
                0x00005bf0       0xaa build/sky/contiki-ng-sky.a(uip-ds6.o)
                0x00005bf0                uip_ds6_select_src
 .text.uip_ds6_compute_reachable_time
                0x00005c9a       0x3e build/sky/contiki-ng-sky.a(uip-ds6.o)
                0x00005c9a                uip_ds6_compute_reachable_time
 .text.uip_ds6_init
                0x00005cd8      0x164 build/sky/contiki-ng-sky.a(uip-ds6.o)
                0x00005cd8                uip_ds6_init
 .text.tcpip_output
                0x00005e3c       0x22 build/sky/contiki-ng-sky.a(tcpip.o)
                0x00005e3c                tcpip_output
 .text.tcpip_input
                0x00005e5e       0x1e build/sky/contiki-ng-sky.a(tcpip.o)
                0x00005e5e                tcpip_input
 .text.tcpip_ipv6_output
                0x00005e7c      0x114 build/sky/contiki-ng-sky.a(tcpip.o)
                0x00005e7c                tcpip_ipv6_output
 .text.packet_input.part.3
                0x00005f90       0x12 build/sky/contiki-ng-sky.a(tcpip.o)
 .text.process_thread_tcpip_process
                0x00005fa2       0xcc build/sky/contiki-ng-sky.a(tcpip.o)
 .text.tcpip_uipcall
                0x0000606e       0x2a build/sky/contiki-ng-sky.a(tcpip.o)
                0x0000606e                tcpip_uipcall
 .text.uip_ds6_route_init
                0x00006098       0x12 build/sky/contiki-ng-sky.a(uip-ds6-route.o)
                0x00006098                uip_ds6_route_init
 .text.uip_ds6_route_nexthop
                0x000060aa        0x4 build/sky/contiki-ng-sky.a(uip-ds6-route.o)
                0x000060aa                uip_ds6_route_nexthop
 .text.uip_ds6_route_lookup
                0x000060ae        0x4 build/sky/contiki-ng-sky.a(uip-ds6-route.o)
                0x000060ae                uip_ds6_route_lookup
 .text.uip_ds6_route_rm
                0x000060b2        0x2 build/sky/contiki-ng-sky.a(uip-ds6-route.o)
                0x000060b2                uip_ds6_route_rm
 .text.uip_ds6_defrt_rm
                0x000060b4       0x3c build/sky/contiki-ng-sky.a(uip-ds6-route.o)
                0x000060b4                uip_ds6_defrt_rm
 .text.uip_ds6_defrt_lookup
                0x000060f0       0x40 build/sky/contiki-ng-sky.a(uip-ds6-route.o)
                0x000060f0                uip_ds6_defrt_lookup
 .text.uip_ds6_defrt_add
                0x00006130       0x72 build/sky/contiki-ng-sky.a(uip-ds6-route.o)
                0x00006130                uip_ds6_defrt_add
 .text.uip_ds6_defrt_choose
                0x000061a2       0x3a build/sky/contiki-ng-sky.a(uip-ds6-route.o)
                0x000061a2                uip_ds6_defrt_choose
 .text.uip_ds6_defrt_periodic
                0x000061dc       0x38 build/sky/contiki-ng-sky.a(uip-ds6-route.o)
                0x000061dc                uip_ds6_defrt_periodic
 .text.uip_ds6_nbr_rm
                0x00006214       0x1e build/sky/contiki-ng-sky.a(uip-ds6-nbr.o)
                0x00006214                uip_ds6_nbr_rm
 .text.uip_ds6_neighbors_init
                0x00006232       0x12 build/sky/contiki-ng-sky.a(uip-ds6-nbr.o)
                0x00006232                uip_ds6_neighbors_init
 .text.uip_ds6_nbr_add
                0x00006244       0x3e build/sky/contiki-ng-sky.a(uip-ds6-nbr.o)
                0x00006244                uip_ds6_nbr_add
 .text.uip_ds6_nbr_get_ll
                0x00006282        0xc build/sky/contiki-ng-sky.a(uip-ds6-nbr.o)
                0x00006282                uip_ds6_nbr_get_ll
 .text.uip_ds6_nbr_head
                0x0000628e        0xa build/sky/contiki-ng-sky.a(uip-ds6-nbr.o)
                0x0000628e                uip_ds6_nbr_head
 .text.uip_ds6_nbr_next
                0x00006298        0xc build/sky/contiki-ng-sky.a(uip-ds6-nbr.o)
                0x00006298                uip_ds6_nbr_next
 .text.uip_ds6_nbr_lookup
                0x000062a4       0x3a build/sky/contiki-ng-sky.a(uip-ds6-nbr.o)
                0x000062a4                uip_ds6_nbr_lookup
 .text.uip_ds6_nbr_ll_lookup
                0x000062de        0xc build/sky/contiki-ng-sky.a(uip-ds6-nbr.o)
                0x000062de                uip_ds6_nbr_ll_lookup
 .text.uip_ds6_nbr_update_ll
                0x000062ea       0x76 build/sky/contiki-ng-sky.a(uip-ds6-nbr.o)
                0x000062ea                uip_ds6_nbr_update_ll
 .text.uip_ds6_nbr_ipaddr_from_lladdr
                0x00006360        0x6 build/sky/contiki-ng-sky.a(uip-ds6-nbr.o)
                0x00006360                uip_ds6_nbr_ipaddr_from_lladdr
 .text.uip_ds6_nbr_lladdr_from_ipaddr
                0x00006366       0x12 build/sky/contiki-ng-sky.a(uip-ds6-nbr.o)
                0x00006366                uip_ds6_nbr_lladdr_from_ipaddr
 .text.uip_ds6_link_callback
                0x00006378        0x2 build/sky/contiki-ng-sky.a(uip-ds6-nbr.o)
                0x00006378                uip_ds6_link_callback
 .text.chksum   0x0000637a       0x32 build/sky/contiki-ng-sky.a(uip6.o)
 .text.upper_layer_chksum
                0x000063ac       0x58 build/sky/contiki-ng-sky.a(uip6.o)
 .text.ext_hdr_options_process
                0x00006404       0xa4 build/sky/contiki-ng-sky.a(uip6.o)
 .text.uip_check_mtu
                0x000064a8       0x1e build/sky/contiki-ng-sky.a(uip6.o)
 .text.uip_update_ttl
                0x000064c6       0x24 build/sky/contiki-ng-sky.a(uip6.o)
 .text.uip_icmp6chksum
                0x000064ea        0xa build/sky/contiki-ng-sky.a(uip6.o)
                0x000064ea                uip_icmp6chksum
 .text.uip_udpchksum
                0x000064f4        0xa build/sky/contiki-ng-sky.a(uip6.o)
                0x000064f4                uip_udpchksum
 .text.uip_init
                0x000064fe       0x3c build/sky/contiki-ng-sky.a(uip6.o)
                0x000064fe                uip_init
 .text.uip_remove_ext_hdr
                0x0000653a       0x5e build/sky/contiki-ng-sky.a(uip6.o)
                0x0000653a                uip_remove_ext_hdr
 .text.uip_process
                0x00006598      0x4be build/sky/contiki-ng-sky.a(uip6.o)
                0x00006598                uip_process
 .text.uip_htonl
                0x00006a56       0x2e build/sky/contiki-ng-sky.a(uip6.o)
                0x00006a56                uip_htonl
 .text.ns_input
                0x00006a84      0x286 build/sky/contiki-ng-sky.a(uip-nd6.o)
 .text.uip_nd6_init
                0x00006d0a        0xa build/sky/contiki-ng-sky.a(uip-nd6.o)
                0x00006d0a                uip_nd6_init
 .text.clear_fragments
                0x00006d14       0x40 build/sky/contiki-ng-sky.a(sicslowpan.o)
 .text.addr_context_lookup_by_number
                0x00006d54       0x16 build/sky/contiki-ng-sky.a(sicslowpan.o)
 .text.sicslowpan_init
                0x00006d6a       0x18 build/sky/contiki-ng-sky.a(sicslowpan.o)
                0x00006d6a                sicslowpan_init
 .text.set_packet_attrs
                0x00006d82       0x66 build/sky/contiki-ng-sky.a(sicslowpan.o)
 .text.compress_addr_64
                0x00006de8       0xae build/sky/contiki-ng-sky.a(sicslowpan.o)
 .text.addr_context_lookup_by_prefix
                0x00006e96       0x20 build/sky/contiki-ng-sky.a(sicslowpan.o)
 .text.send_packet
                0x00006eb6       0x1a build/sky/contiki-ng-sky.a(sicslowpan.o)
 .text.fragment_copy_payload_and_send
                0x00006ed0       0x66 build/sky/contiki-ng-sky.a(sicslowpan.o)
 .text.output   0x00006f36      0x7c2 build/sky/contiki-ng-sky.a(sicslowpan.o)
 .text.packet_sent
                0x000076f8       0x56 build/sky/contiki-ng-sky.a(sicslowpan.o)
 .text.store_fragment
                0x0000774e       0xc8 build/sky/contiki-ng-sky.a(sicslowpan.o)
 .text.add_fragment
                0x00007816      0x1fc build/sky/contiki-ng-sky.a(sicslowpan.o)
 .text.uncompress_addr
                0x00007a12       0xb4 build/sky/contiki-ng-sky.a(sicslowpan.o)
 .text.input    0x00007ac6      0x832 build/sky/contiki-ng-sky.a(sicslowpan.o)
 .text.uiplib_ipaddr_snprint
                0x000082f8      0x12c build/sky/contiki-ng-sky.a(uiplib.o)
                0x000082f8                uiplib_ipaddr_snprint
 .text.rpl_has_joined
                0x00008424       0x12 build/sky/contiki-ng-sky.a(rpl.o)
                0x00008424                rpl_has_joined
 .text.rpl_is_reachable
                0x00008436       0x12 build/sky/contiki-ng-sky.a(rpl.o)
                0x00008436                rpl_is_reachable
 .text.neighbor_state_changed
                0x00008448        0x2 build/sky/contiki-ng-sky.a(rpl.o)
 .text.drop_route
                0x0000844a        0x2 build/sky/contiki-ng-sky.a(rpl.o)
 .text.get_sr_node_ipaddr
                0x0000844c       0x34 build/sky/contiki-ng-sky.a(rpl.o)
 .text.init     0x00008480       0x42 build/sky/contiki-ng-sky.a(rpl.o)
 .text.set_ip_from_prefix
                0x000084c2       0x38 build/sky/contiki-ng-sky.a(rpl.o)
 .text.rpl_link_callback
                0x000084fa       0x1e build/sky/contiki-ng-sky.a(rpl.o)
                0x000084fa                rpl_link_callback
 .text.rpl_lollipop_greater_than
                0x00008518       0x3c build/sky/contiki-ng-sky.a(rpl.o)
                0x00008518                rpl_lollipop_greater_than
 .text.rpl_get_global_address
                0x00008554       0xbe build/sky/contiki-ng-sky.a(rpl.o)
                0x00008554                rpl_get_global_address
 .text.rpl_reset_prefix
                0x00008612       0x24 build/sky/contiki-ng-sky.a(rpl.o)
                0x00008612                rpl_reset_prefix
 .text.rpl_set_prefix_from_addr
                0x00008636       0x92 build/sky/contiki-ng-sky.a(rpl.o)
                0x00008636                rpl_set_prefix_from_addr
 .text.rpl_get_leaf_only
                0x000086c8        0x6 build/sky/contiki-ng-sky.a(rpl.o)
                0x000086c8                rpl_get_leaf_only
 .text.get32    0x000086ce       0x46 build/sky/contiki-ng-sky.a(rpl-icmp6.o)
 .text.set32    0x00008714       0x2a build/sky/contiki-ng-sky.a(rpl-icmp6.o)
 .text.get16    0x0000873e        0xe build/sky/contiki-ng-sky.a(rpl-icmp6.o)
 .text.set16    0x0000874c       0x10 build/sky/contiki-ng-sky.a(rpl-icmp6.o)
 .text.dao_ack_input
                0x0000875c       0x30 build/sky/contiki-ng-sky.a(rpl-icmp6.o)
 .text.dao_input
                0x0000878c      0x13c build/sky/contiki-ng-sky.a(rpl-icmp6.o)
 .text.dio_input
                0x000088c8      0x29c build/sky/contiki-ng-sky.a(rpl-icmp6.o)
 .text.dis_input
                0x00008b64       0x1e build/sky/contiki-ng-sky.a(rpl-icmp6.o)
 .text.rpl_icmp6_update_nbr_table
                0x00008b82       0x36 build/sky/contiki-ng-sky.a(rpl-icmp6.o)
                0x00008b82                rpl_icmp6_update_nbr_table
 .text.rpl_icmp6_dis_output
                0x00008bb8       0x34 build/sky/contiki-ng-sky.a(rpl-icmp6.o)
                0x00008bb8                rpl_icmp6_dis_output
 .text.rpl_icmp6_dio_output
                0x00008bec      0x23a build/sky/contiki-ng-sky.a(rpl-icmp6.o)
                0x00008bec                rpl_icmp6_dio_output
 .text.rpl_icmp6_dao_output
                0x00008e26       0xe2 build/sky/contiki-ng-sky.a(rpl-icmp6.o)
                0x00008e26                rpl_icmp6_dao_output
 .text.rpl_icmp6_dao_ack_output
                0x00008f08       0x4e build/sky/contiki-ng-sky.a(rpl-icmp6.o)
                0x00008f08                rpl_icmp6_dao_ack_output
 .text.rpl_icmp6_init
                0x00008f56       0x22 build/sky/contiki-ng-sky.a(rpl-icmp6.o)
                0x00008f56                rpl_icmp6_init
 .text.init_dag
                0x00008f78       0x84 build/sky/contiki-ng-sky.a(rpl-dag.o)
 .text.init_dag_from_dio
                0x00008ffc       0x96 build/sky/contiki-ng-sky.a(rpl-dag.o)
 .text.rpl_dag_get_root_ipaddr
                0x00009092       0x1e build/sky/contiki-ng-sky.a(rpl-dag.o)
                0x00009092                rpl_dag_get_root_ipaddr
 .text.rpl_dag_leave
                0x000090b0       0x4a build/sky/contiki-ng-sky.a(rpl-dag.o)
                0x000090b0                rpl_dag_leave
 .text.rpl_dag_poison_and_leave
                0x000090fa        0xc build/sky/contiki-ng-sky.a(rpl-dag.o)
                0x000090fa                rpl_dag_poison_and_leave
 .text.rpl_dag_periodic
                0x00009106       0x6a build/sky/contiki-ng-sky.a(rpl-dag.o)
                0x00009106                rpl_dag_periodic
 .text.rpl_is_addr_in_our_dag
                0x00009170       0x34 build/sky/contiki-ng-sky.a(rpl-dag.o)
                0x00009170                rpl_is_addr_in_our_dag
 .text.rpl_local_repair
                0x000091a4       0x2a build/sky/contiki-ng-sky.a(rpl-dag.o)
                0x000091a4                rpl_local_repair
 .text.rpl_global_repair
                0x000091ce       0x2e build/sky/contiki-ng-sky.a(rpl-dag.o)
                0x000091ce                rpl_global_repair
 .text.rpl_dag_ready_to_advertise
                0x000091fc       0x22 build/sky/contiki-ng-sky.a(rpl-dag.o)
                0x000091fc                rpl_dag_ready_to_advertise
 .text.rpl_dag_update_state
                0x0000921e      0x138 build/sky/contiki-ng-sky.a(rpl-dag.o)
                0x0000921e                rpl_dag_update_state
 .text.rpl_process_dio
                0x00009356      0x1c8 build/sky/contiki-ng-sky.a(rpl-dag.o)
                0x00009356                rpl_process_dio
 .text.rpl_process_dis
                0x0000951e       0x2a build/sky/contiki-ng-sky.a(rpl-dag.o)
                0x0000951e                rpl_process_dis
 .text.rpl_process_dao
                0x00009548       0x6c build/sky/contiki-ng-sky.a(rpl-dag.o)
                0x00009548                rpl_process_dao
 .text.rpl_process_dao_ack
                0x000095b4       0x54 build/sky/contiki-ng-sky.a(rpl-dag.o)
                0x000095b4                rpl_process_dao_ack
 .text.rpl_process_hbh
                0x00009608       0x2e build/sky/contiki-ng-sky.a(rpl-dag.o)
                0x00009608                rpl_process_hbh
 .text.rpl_dag_init_root
                0x00009636       0xbe build/sky/contiki-ng-sky.a(rpl-dag.o)
                0x00009636                rpl_dag_init_root
 .text.rpl_dag_init
                0x000096f4       0x10 build/sky/contiki-ng-sky.a(rpl-dag.o)
                0x000096f4                rpl_dag_init
 .text.rpl_dag_root_set_prefix
                0x00009704       0x62 build/sky/contiki-ng-sky.a(rpl-dag-root.o)
                0x00009704                rpl_dag_root_set_prefix
 .text.rpl_dag_root_start
                0x00009766       0x8e build/sky/contiki-ng-sky.a(rpl-dag-root.o)
                0x00009766                rpl_dag_root_start
 .text.rpl_dag_root_is_root
                0x000097f4       0x14 build/sky/contiki-ng-sky.a(rpl-dag-root.o)
                0x000097f4                rpl_dag_root_is_root
 .text.init_platform
                0x00009808        0xc build/sky/contiki-ng-sky.a(contiki-sky-pla)
                0x00009808                init_platform
 .text.status   0x00009814       0x18 build/sky/contiki-ng-sky.a(button-sensor.o)
 .text.value    0x0000982c       0x20 build/sky/contiki-ng-sky.a(button-sensor.o)
 .text.configure
                0x0000984c       0x4c build/sky/contiki-ng-sky.a(button-sensor.o)
 .text.irq_p2   0x00009898       0x46 build/sky/contiki-ng-sky.a(button-sensor.o)
                0x00009898                irq_p2
                0x00009898                __isr_1
 .text.owreadb  0x000098de       0x50 build/sky/contiki-ng-sky.a(ds2411.o)
 .text.ds2411_init
                0x0000992e      0x120 build/sky/contiki-ng-sky.a(ds2411.o)
                0x0000992e                ds2411_init
 .text.xmem_init
                0x00009a4e       0x3c build/sky/contiki-ng-sky.a(xmem.o)
                0x00009a4e                xmem_init
 .text.process_thread_sensors_process
                0x00009a8a       0xc2 build/sky/contiki-ng-sky.a(sensors.o)
 .text.sensors_changed
                0x00009b4c       0x2a build/sky/contiki-ng-sky.a(sensors.o)
                0x00009b4c                sensors_changed
 .text.get_object
                0x00009b76        0x4 build/sky/contiki-ng-sky.a(cc2420.o)
 .text.set_object
                0x00009b7a        0x4 build/sky/contiki-ng-sky.a(cc2420.o)
 .text.strobe   0x00009b7e       0x1c build/sky/contiki-ng-sky.a(cc2420.o)
 .text.getreg   0x00009b9a       0x4c build/sky/contiki-ng-sky.a(cc2420.o)
 .text.setreg   0x00009be6       0x4c build/sky/contiki-ng-sky.a(cc2420.o)
 .text.write_ram
                0x00009c32       0x7c build/sky/contiki-ng-sky.a(cc2420.o)
 .text.write_fifo_buf
                0x00009cae       0x3c build/sky/contiki-ng-sky.a(cc2420.o)
 .text.get_status
                0x00009cea       0x20 build/sky/contiki-ng-sky.a(cc2420.o)
 .text.on       0x00009d0a       0x1a build/sky/contiki-ng-sky.a(cc2420.o)
 .text.cc2420_receiving_packet
                0x00009d24        0xc build/sky/contiki-ng-sky.a(cc2420.o)
 .text.pending_packet
                0x00009d30        0x8 build/sky/contiki-ng-sky.a(cc2420.o)
 .text.wait_for_transmission
                0x00009d38       0x22 build/sky/contiki-ng-sky.a(cc2420.o)
 .text.wait_for_status
                0x00009d5a       0x28 build/sky/contiki-ng-sky.a(cc2420.o)
 .text.getrxdata
                0x00009d82       0x50 build/sky/contiki-ng-sky.a(cc2420.o)
 .text.flushrx  0x00009dd2       0x1a build/sky/contiki-ng-sky.a(cc2420.o)
 .text.off      0x00009dec       0x28 build/sky/contiki-ng-sky.a(cc2420.o)
 .text.RELEASE_LOCK
                0x00009e14       0x28 build/sky/contiki-ng-sky.a(cc2420.o)
 .text.set_key  0x00009e3c       0x18 build/sky/contiki-ng-sky.a(cc2420.o)
 .text.set_frame_filtering
                0x00009e54       0x30 build/sky/contiki-ng-sky.a(cc2420.o)
 .text.set_auto_ack
                0x00009e84       0x30 build/sky/contiki-ng-sky.a(cc2420.o)
 .text.set_poll_mode
                0x00009eb4       0x2c build/sky/contiki-ng-sky.a(cc2420.o)
 .text.cc2420_prepare
                0x00009ee0       0x3c build/sky/contiki-ng-sky.a(cc2420.o)
 .text.cc2420_on
                0x00009f1c       0x22 build/sky/contiki-ng-sky.a(cc2420.o)
                0x00009f1c                cc2420_on
 .text.cc2420_transmit
                0x00009f3e       0x5a build/sky/contiki-ng-sky.a(cc2420.o)
 .text.cc2420_send
                0x00009f98       0x12 build/sky/contiki-ng-sky.a(cc2420.o)
 .text.cc2420_off
                0x00009faa       0x30 build/sky/contiki-ng-sky.a(cc2420.o)
                0x00009faa                cc2420_off
 .text.cc2420_cca
                0x00009fda       0x68 build/sky/contiki-ng-sky.a(cc2420.o)
 .text.cc2420_read
                0x0000a042       0xbe build/sky/contiki-ng-sky.a(cc2420.o)
 .text.process_thread_cc2420_process
                0x0000a100       0x62 build/sky/contiki-ng-sky.a(cc2420.o)
 .text.encrypt  0x0000a162       0x88 build/sky/contiki-ng-sky.a(cc2420.o)
 .text.cc2420_set_channel
                0x0000a1ea       0x3c build/sky/contiki-ng-sky.a(cc2420.o)
                0x0000a1ea                cc2420_set_channel
 .text.cc2420_set_pan_addr
                0x0000a226       0x4c build/sky/contiki-ng-sky.a(cc2420.o)
                0x0000a226                cc2420_set_pan_addr
 .text.cc2420_interrupt
                0x0000a272       0x16 build/sky/contiki-ng-sky.a(cc2420.o)
                0x0000a272                cc2420_interrupt
 .text.cc2420_set_txpower
                0x0000a288       0x2c build/sky/contiki-ng-sky.a(cc2420.o)
                0x0000a288                cc2420_set_txpower
 .text.cc2420_get_txpower
                0x0000a2b4       0x1e build/sky/contiki-ng-sky.a(cc2420.o)
                0x0000a2b4                cc2420_get_txpower
 .text.cc2420_rssi
                0x0000a2d2       0x4c build/sky/contiki-ng-sky.a(cc2420.o)
                0x0000a2d2                cc2420_rssi
 .text.get_value
                0x0000a31e      0x116 build/sky/contiki-ng-sky.a(cc2420.o)
 .text.cc2420_set_cca_threshold
                0x0000a434       0x16 build/sky/contiki-ng-sky.a(cc2420.o)
                0x0000a434                cc2420_set_cca_threshold
 .text.set_value
                0x0000a44a      0x150 build/sky/contiki-ng-sky.a(cc2420.o)
 .text.cc2420_init
                0x0000a59a       0xea build/sky/contiki-ng-sky.a(cc2420.o)
                0x0000a59a                cc2420_init
 .text.cc2420_port1_interrupt
                0x0000a684       0x20 build/sky/contiki-ng-sky.a(cc2420-arch.o)
                0x0000a684                __isr_4
                0x0000a684                cc2420_port1_interrupt
 .text.cc2420_arch_init
                0x0000a6a4       0x1a build/sky/contiki-ng-sky.a(cc2420-arch.o)
                0x0000a6a4                cc2420_arch_init
 .text.uart1_active
                0x0000a6be       0x18 build/sky/contiki-ng-sky.a(uart1.o)
                0x0000a6be                uart1_active
 .text.uart1_writeb
                0x0000a6d6       0x18 build/sky/contiki-ng-sky.a(uart1.o)
                0x0000a6d6                uart1_writeb
 .text.uart1_init
                0x0000a6ee       0xf4 build/sky/contiki-ng-sky.a(uart1.o)
                0x0000a6ee                uart1_init
 .text.timera0  0x0000a7e2       0x2e build/sky/contiki-ng-sky.a(rtimer-arch.o)
                0x0000a7e2                __isr_6
                0x0000a7e2                timera0
 .text.rtimer_arch_init
                0x0000a810        0xe build/sky/contiki-ng-sky.a(rtimer-arch.o)
                0x0000a810                rtimer_arch_init
 .text.rtimer_arch_now
                0x0000a81e        0xe build/sky/contiki-ng-sky.a(rtimer-arch.o)
                0x0000a81e                rtimer_arch_now
 .text.rtimer_arch_schedule
                0x0000a82c        0x6 build/sky/contiki-ng-sky.a(rtimer-arch.o)
                0x0000a82c                rtimer_arch_schedule
 .text.stimer_set
                0x0000a832       0x1c build/sky/contiki-ng-sky.a(stimer.o)
                0x0000a832                stimer_set
 .text.stimer_expired
                0x0000a84e       0x30 build/sky/contiki-ng-sky.a(stimer.o)
                0x0000a84e                stimer_expired
 .text.memb_init
                0x0000a87e       0x36 build/sky/contiki-ng-sky.a(memb.o)
                0x0000a87e                memb_init
 .text.memb_alloc
                0x0000a8b4       0x3e build/sky/contiki-ng-sky.a(memb.o)
                0x0000a8b4                memb_alloc
 .text.memb_free
                0x0000a8f2       0x3a build/sky/contiki-ng-sky.a(memb.o)
                0x0000a8f2                memb_free
 .text.memb_inmemb
                0x0000a92c       0x2a build/sky/contiki-ng-sky.a(memb.o)
                0x0000a92c                memb_inmemb
 .text.memb_numfree
                0x0000a956       0x26 build/sky/contiki-ng-sky.a(memb.o)
                0x0000a956                memb_numfree
 .text.item_from_index
                0x0000a97c       0x2a build/sky/contiki-ng-sky.a(nbr-table.o)
 .text.index_from_key
                0x0000a9a6       0x26 build/sky/contiki-ng-sky.a(nbr-table.o)
 .text.index_from_item
                0x0000a9cc       0x1e build/sky/contiki-ng-sky.a(nbr-table.o)
 .text.nbr_set_bit
                0x0000a9ea       0x58 build/sky/contiki-ng-sky.a(nbr-table.o)
 .text.index_from_lladdr
                0x0000aa42       0x42 build/sky/contiki-ng-sky.a(nbr-table.o)
 .text.nbr_get_bit.constprop.0
                0x0000aa84       0x2e build/sky/contiki-ng-sky.a(nbr-table.o)
 .text.nbr_table_is_registered
                0x0000aab2       0x22 build/sky/contiki-ng-sky.a(nbr-table.o)
                0x0000aab2                nbr_table_is_registered
 .text.nbr_table_register
                0x0000aad4       0x40 build/sky/contiki-ng-sky.a(nbr-table.o)
                0x0000aad4                nbr_table_register
 .text.nbr_table_next
                0x0000ab14       0x54 build/sky/contiki-ng-sky.a(nbr-table.o)
                0x0000ab14                nbr_table_next
 .text.nbr_table_head
                0x0000ab68       0x3a build/sky/contiki-ng-sky.a(nbr-table.o)
                0x0000ab68                nbr_table_head
 .text.nbr_table_add_lladdr
                0x0000aba2      0x168 build/sky/contiki-ng-sky.a(nbr-table.o)
                0x0000aba2                nbr_table_add_lladdr
 .text.nbr_table_get_from_lladdr
                0x0000ad0a       0x2c build/sky/contiki-ng-sky.a(nbr-table.o)
                0x0000ad0a                nbr_table_get_from_lladdr
 .text.nbr_table_remove
                0x0000ad36       0x32 build/sky/contiki-ng-sky.a(nbr-table.o)
                0x0000ad36                nbr_table_remove
 .text.nbr_table_lock
                0x0000ad68       0x10 build/sky/contiki-ng-sky.a(nbr-table.o)
                0x0000ad68                nbr_table_lock
 .text.nbr_table_unlock
                0x0000ad78       0x10 build/sky/contiki-ng-sky.a(nbr-table.o)
                0x0000ad78                nbr_table_unlock
 .text.nbr_table_get_lladdr
                0x0000ad88       0x22 build/sky/contiki-ng-sky.a(nbr-table.o)
                0x0000ad88                nbr_table_get_lladdr
 .text.periodic
                0x0000adaa       0x28 build/sky/contiki-ng-sky.a(link-stats.o)
 .text.link_stats_from_lladdr
                0x0000add2        0xc build/sky/contiki-ng-sky.a(link-stats.o)
                0x0000add2                link_stats_from_lladdr
 .text.link_stats_is_fresh
                0x0000adde       0x30 build/sky/contiki-ng-sky.a(link-stats.o)
                0x0000adde                link_stats_is_fresh
 .text.guess_etx_from_rssi
                0x0000ae0e       0x42 build/sky/contiki-ng-sky.a(link-stats.o)
                0x0000ae0e                guess_etx_from_rssi
 .text.link_stats_packet_sent
                0x0000ae50       0xda build/sky/contiki-ng-sky.a(link-stats.o)
                0x0000ae50                link_stats_packet_sent
 .text.link_stats_input_callback
                0x0000af2a       0xb4 build/sky/contiki-ng-sky.a(link-stats.o)
                0x0000af2a                link_stats_input_callback
 .text.link_stats_reset
                0x0000afde       0x2a build/sky/contiki-ng-sky.a(link-stats.o)
                0x0000afde                link_stats_reset
 .text.link_stats_init
                0x0000b008       0x22 build/sky/contiki-ng-sky.a(link-stats.o)
                0x0000b008                link_stats_init
 .text.mac_sequence_is_duplicate
                0x0000b02a       0x84 build/sky/contiki-ng-sky.a(mac-sequence.o)
                0x0000b02a                mac_sequence_is_duplicate
 .text.mac_sequence_register_seqno
                0x0000b0ae       0x90 build/sky/contiki-ng-sky.a(mac-sequence.o)
                0x0000b0ae                mac_sequence_register_seqno
 .text.mac_call_sent_callback
                0x0000b13e       0x14 build/sky/contiki-ng-sky.a(mac.o)
                0x0000b13e                mac_call_sent_callback
 .text.parse    0x0000b152       0xa0 build/sky/contiki-ng-sky.a(framer-802154.o)
 .text.framer_802154_setup_params
                0x0000b1f2       0xb8 build/sky/contiki-ng-sky.a(framer-802154.o)
                0x0000b1f2                framer_802154_setup_params
 .text.create_frame
                0x0000b2aa       0xde build/sky/contiki-ng-sky.a(framer-802154.o)
 .text.create   0x0000b388        0x8 build/sky/contiki-ng-sky.a(framer-802154.o)
 .text.hdr_length
                0x0000b390        0x8 build/sky/contiki-ng-sky.a(framer-802154.o)
 .text.frame802154_get_pan_id
                0x0000b398        0x6 build/sky/contiki-ng-sky.a(frame802154.o)
                0x0000b398                frame802154_get_pan_id
 .text.frame802154_has_panid
                0x0000b39e       0xe0 build/sky/contiki-ng-sky.a(frame802154.o)
                0x0000b39e                frame802154_has_panid
 .text.field_len
                0x0000b47e       0xac build/sky/contiki-ng-sky.a(frame802154.o)
 .text.frame802154_is_broadcast_addr
                0x0000b52a       0x28 build/sky/contiki-ng-sky.a(frame802154.o)
                0x0000b52a                frame802154_is_broadcast_addr
 .text.frame802154_hdrlen
                0x0000b552       0x32 build/sky/contiki-ng-sky.a(frame802154.o)
                0x0000b552                frame802154_hdrlen
 .text.frame802154_create_fcf
                0x0000b584       0x96 build/sky/contiki-ng-sky.a(frame802154.o)
                0x0000b584                frame802154_create_fcf
 .text.frame802154_create
                0x0000b61a       0xe4 build/sky/contiki-ng-sky.a(frame802154.o)
                0x0000b61a                frame802154_create
 .text.frame802154_parse_fcf
                0x0000b6fe       0xbc build/sky/contiki-ng-sky.a(frame802154.o)
                0x0000b6fe                frame802154_parse_fcf
 .text.frame802154_parse
                0x0000b7ba      0x168 build/sky/contiki-ng-sky.a(frame802154.o)
                0x0000b7ba                frame802154_parse
 .text.csma_security_create_frame
                0x0000b922       0x10 build/sky/contiki-ng-sky.a(csma-security.o)
                0x0000b922                csma_security_create_frame
 .text.csma_security_parse_frame
                0x0000b932        0x6 build/sky/contiki-ng-sky.a(csma-security.o)
                0x0000b932                csma_security_parse_frame
 .text.uipbuf_add_ext_hdr
                0x0000b938       0x1c build/sky/contiki-ng-sky.a(uipbuf.o)
                0x0000b938                uipbuf_add_ext_hdr
 .text.uipbuf_set_len
                0x0000b954       0x12 build/sky/contiki-ng-sky.a(uipbuf.o)
                0x0000b954                uipbuf_set_len
 .text.uipbuf_set_len_field
                0x0000b966        0xe build/sky/contiki-ng-sky.a(uipbuf.o)
                0x0000b966                uipbuf_set_len_field
 .text.uipbuf_get_len_field
                0x0000b974        0xe build/sky/contiki-ng-sky.a(uipbuf.o)
                0x0000b974                uipbuf_get_len_field
 .text.uipbuf_get_next_header
                0x0000b982       0x62 build/sky/contiki-ng-sky.a(uipbuf.o)
                0x0000b982                uipbuf_get_next_header
 .text.uipbuf_get_last_header
                0x0000b9e4       0x3e build/sky/contiki-ng-sky.a(uipbuf.o)
                0x0000b9e4                uipbuf_get_last_header
 .text.uipbuf_search_header
                0x0000ba22       0x4e build/sky/contiki-ng-sky.a(uipbuf.o)
                0x0000ba22                uipbuf_search_header
 .text.uipbuf_get_attr
                0x0000ba70       0x14 build/sky/contiki-ng-sky.a(uipbuf.o)
                0x0000ba70                uipbuf_get_attr
 .text.uipbuf_clear_attr
                0x0000ba84       0x12 build/sky/contiki-ng-sky.a(uipbuf.o)
                0x0000ba84                uipbuf_clear_attr
 .text.uipbuf_clear
                0x0000ba96       0x12 build/sky/contiki-ng-sky.a(uipbuf.o)
                0x0000ba96                uipbuf_clear
 .text.uipbuf_init
                0x0000baa8       0x1a build/sky/contiki-ng-sky.a(uipbuf.o)
                0x0000baa8                uipbuf_init
 .text.echo_reply_input
                0x0000bac2       0x68 build/sky/contiki-ng-sky.a(uip-icmp6.o)
 .text.echo_request_input
                0x0000bb2a       0x86 build/sky/contiki-ng-sky.a(uip-icmp6.o)
 .text.uip_icmp6_input
                0x0000bbb0       0x48 build/sky/contiki-ng-sky.a(uip-icmp6.o)
                0x0000bbb0                uip_icmp6_input
 .text.uip_icmp6_register_input_handler
                0x0000bbf8        0xc build/sky/contiki-ng-sky.a(uip-icmp6.o)
                0x0000bbf8                uip_icmp6_register_input_handler
 .text.uip_icmp6_error_output
                0x0000bc04      0x146 build/sky/contiki-ng-sky.a(uip-icmp6.o)
                0x0000bc04                uip_icmp6_error_output
 .text.uip_icmp6_send
                0x0000bd4a       0x94 build/sky/contiki-ng-sky.a(uip-icmp6.o)
                0x0000bd4a                uip_icmp6_send
 .text.uip_icmp6_init
                0x0000bdde       0x12 build/sky/contiki-ng-sky.a(uip-icmp6.o)
                0x0000bdde                uip_icmp6_init
 .text.node_matches_address.part.0
                0x0000bdf0       0x2e build/sky/contiki-ng-sky.a(uip-sr.o)
 .text.uip_sr_get_node
                0x0000be1e       0x44 build/sky/contiki-ng-sky.a(uip-sr.o)
                0x0000be1e                uip_sr_get_node
 .text.uip_sr_is_addr_reachable
                0x0000be62       0x4e build/sky/contiki-ng-sky.a(uip-sr.o)
                0x0000be62                uip_sr_is_addr_reachable
 .text.uip_sr_expire_parent
                0x0000beb0       0x42 build/sky/contiki-ng-sky.a(uip-sr.o)
                0x0000beb0                uip_sr_expire_parent
 .text.uip_sr_update_node
                0x0000bef2       0xbc build/sky/contiki-ng-sky.a(uip-sr.o)
                0x0000bef2                uip_sr_update_node
 .text.uip_sr_init
                0x0000bfae       0x16 build/sky/contiki-ng-sky.a(uip-sr.o)
                0x0000bfae                uip_sr_init
 .text.uip_sr_periodic
                0x0000bfc4       0x9a build/sky/contiki-ng-sky.a(uip-sr.o)
                0x0000bfc4                uip_sr_periodic
 .text.uip_sr_free_all
                0x0000c05e       0x3c build/sky/contiki-ng-sky.a(uip-sr.o)
                0x0000c05e                uip_sr_free_all
 .text.update_state
                0x0000c09a       0x78 build/sky/contiki-ng-sky.a(rpl-nbr-policy.)
 .text.rpl_nbr_policy_find_removable
                0x0000c112       0x50 build/sky/contiki-ng-sky.a(rpl-nbr-policy.)
                0x0000c112                rpl_nbr_policy_find_removable
 .text.remove_neighbor
                0x0000c162       0x24 build/sky/contiki-ng-sky.a(rpl-neighbor.o)
 .text.rpl_neighbor_get_from_lladdr
                0x0000c186        0xc build/sky/contiki-ng-sky.a(rpl-neighbor.o)
                0x0000c186                rpl_neighbor_get_from_lladdr
 .text.rpl_neighbor_rank_via_nbr
                0x0000c192       0x18 build/sky/contiki-ng-sky.a(rpl-neighbor.o)
                0x0000c192                rpl_neighbor_rank_via_nbr
 .text.rpl_neighbor_get_lladdr
                0x0000c1aa        0xc build/sky/contiki-ng-sky.a(rpl-neighbor.o)
                0x0000c1aa                rpl_neighbor_get_lladdr
 .text.rpl_neighbor_get_ipaddr
                0x0000c1b6        0xa build/sky/contiki-ng-sky.a(rpl-neighbor.o)
                0x0000c1b6                rpl_neighbor_get_ipaddr
 .text.rpl_neighbor_get_link_stats
                0x0000c1c0        0xa build/sky/contiki-ng-sky.a(rpl-neighbor.o)
                0x0000c1c0                rpl_neighbor_get_link_stats
 .text.rpl_neighbor_is_fresh
                0x0000c1ca        0xa build/sky/contiki-ng-sky.a(rpl-neighbor.o)
                0x0000c1ca                rpl_neighbor_is_fresh
 .text.best_parent
                0x0000c1d4       0xb4 build/sky/contiki-ng-sky.a(rpl-neighbor.o)
 .text.rpl_neighbor_is_parent
                0x0000c288       0x18 build/sky/contiki-ng-sky.a(rpl-neighbor.o)
                0x0000c288                rpl_neighbor_is_parent
 .text.rpl_neighbor_set_preferred_parent
                0x0000c2a0       0x44 build/sky/contiki-ng-sky.a(rpl-neighbor.o)
                0x0000c2a0                rpl_neighbor_set_preferred_parent
 .text.rpl_neighbor_remove_all
                0x0000c2e4       0x2a build/sky/contiki-ng-sky.a(rpl-neighbor.o)
                0x0000c2e4                rpl_neighbor_remove_all
 .text.rpl_neighbor_get_from_ipaddr
                0x0000c30e       0x14 build/sky/contiki-ng-sky.a(rpl-neighbor.o)
                0x0000c30e                rpl_neighbor_get_from_ipaddr
 .text.rpl_neighbor_select_best
                0x0000c322       0x54 build/sky/contiki-ng-sky.a(rpl-neighbor.o)
                0x0000c322                rpl_neighbor_select_best
 .text.rpl_neighbor_init
                0x0000c376        0xe build/sky/contiki-ng-sky.a(rpl-neighbor.o)
                0x0000c376                rpl_neighbor_init
 .text.handle_state_update
                0x0000c384        0x6 build/sky/contiki-ng-sky.a(rpl-timers.o)
 .text.handle_leaving_timer
                0x0000c38a        0xc build/sky/contiki-ng-sky.a(rpl-timers.o)
 .text.schedule_dao_retransmission
                0x0000c396       0x34 build/sky/contiki-ng-sky.a(rpl-timers.o)
 .text.new_dio_interval
                0x0000c3ca       0x8a build/sky/contiki-ng-sky.a(rpl-timers.o)
 .text.handle_unicast_dio_timer
                0x0000c454       0x12 build/sky/contiki-ng-sky.a(rpl-timers.o)
 .text.send_new_dao
                0x0000c466       0x28 build/sky/contiki-ng-sky.a(rpl-timers.o)
 .text.resend_dao
                0x0000c48e       0x24 build/sky/contiki-ng-sky.a(rpl-timers.o)
 .text.handle_dao_ack_timer
                0x0000c4b2       0x12 build/sky/contiki-ng-sky.a(rpl-timers.o)
 .text.handle_dio_timer
                0x0000c4c4       0x6e build/sky/contiki-ng-sky.a(rpl-timers.o)
 .text.rpl_timers_schedule_periodic_dis
                0x0000c532       0x40 build/sky/contiki-ng-sky.a(rpl-timers.o)
                0x0000c532                rpl_timers_schedule_periodic_dis
 .text.handle_periodic_timer
                0x0000c572       0x3a build/sky/contiki-ng-sky.a(rpl-timers.o)
 .text.handle_dis_timer
                0x0000c5ac       0x26 build/sky/contiki-ng-sky.a(rpl-timers.o)
 .text.rpl_timers_dio_reset
                0x0000c5d2       0x20 build/sky/contiki-ng-sky.a(rpl-timers.o)
                0x0000c5d2                rpl_timers_dio_reset
 .text.rpl_timers_schedule_unicast_dio
                0x0000c5f2       0x20 build/sky/contiki-ng-sky.a(rpl-timers.o)
                0x0000c5f2                rpl_timers_schedule_unicast_dio
 .text.rpl_timers_schedule_dao
                0x0000c612       0x3c build/sky/contiki-ng-sky.a(rpl-timers.o)
                0x0000c612                rpl_timers_schedule_dao
 .text.rpl_timers_schedule_dao_ack
                0x0000c64e       0x34 build/sky/contiki-ng-sky.a(rpl-timers.o)
                0x0000c64e                rpl_timers_schedule_dao_ack
 .text.rpl_timers_notify_dao_ack
                0x0000c682       0x82 build/sky/contiki-ng-sky.a(rpl-timers.o)
                0x0000c682                rpl_timers_notify_dao_ack
 .text.get_probing_delay
                0x0000c704       0x1c build/sky/contiki-ng-sky.a(rpl-timers.o)
                0x0000c704                get_probing_delay
 .text.get_probing_target
                0x0000c720       0xee build/sky/contiki-ng-sky.a(rpl-timers.o)
                0x0000c720                get_probing_target
 .text.rpl_schedule_probing
                0x0000c80e       0x20 build/sky/contiki-ng-sky.a(rpl-timers.o)
                0x0000c80e                rpl_schedule_probing
 .text.handle_probing_timer
                0x0000c82e       0x2a build/sky/contiki-ng-sky.a(rpl-timers.o)
 .text.rpl_schedule_probing_now
                0x0000c858       0x24 build/sky/contiki-ng-sky.a(rpl-timers.o)
                0x0000c858                rpl_schedule_probing_now
 .text.rpl_timers_unschedule_leaving
                0x0000c87c       0x1c build/sky/contiki-ng-sky.a(rpl-timers.o)
                0x0000c87c                rpl_timers_unschedule_leaving
 .text.rpl_timers_schedule_leaving
                0x0000c898       0x2a build/sky/contiki-ng-sky.a(rpl-timers.o)
                0x0000c898                rpl_timers_schedule_leaving
 .text.rpl_timers_init
                0x0000c8c2       0x1c build/sky/contiki-ng-sky.a(rpl-timers.o)
                0x0000c8c2                rpl_timers_init
 .text.rpl_timers_stop_dag_timers
                0x0000c8de       0x4c build/sky/contiki-ng-sky.a(rpl-timers.o)
                0x0000c8de                rpl_timers_stop_dag_timers
 .text.rpl_timers_unschedule_state_update
                0x0000c92a       0x10 build/sky/contiki-ng-sky.a(rpl-timers.o)
                0x0000c92a                rpl_timers_unschedule_state_update
 .text.rpl_timers_schedule_state_update
                0x0000c93a       0x1c build/sky/contiki-ng-sky.a(rpl-timers.o)
                0x0000c93a                rpl_timers_schedule_state_update
 .text.update_hbh_header
                0x0000c956       0x4a build/sky/contiki-ng-sky.a(rpl-ext-header.)
 .text.rpl_ext_header_srh_get_next_hop
                0x0000c9a0       0x84 build/sky/contiki-ng-sky.a(rpl-ext-header.)
                0x0000c9a0                rpl_ext_header_srh_get_next_hop
 .text.rpl_ext_header_srh_update
                0x0000ca24      0x106 build/sky/contiki-ng-sky.a(rpl-ext-header.)
                0x0000ca24                rpl_ext_header_srh_update
 .text.rpl_ext_header_hbh_update
                0x0000cb2a       0x9e build/sky/contiki-ng-sky.a(rpl-ext-header.)
                0x0000cb2a                rpl_ext_header_hbh_update
 .text.rpl_ext_header_remove
                0x0000cbc8       0xcc build/sky/contiki-ng-sky.a(rpl-ext-header.)
                0x0000cbc8                rpl_ext_header_remove
 .text.rpl_ext_header_update
                0x0000cc94      0x2aa build/sky/contiki-ng-sky.a(rpl-ext-header.)
                0x0000cc94                rpl_ext_header_update
 .text.reset    0x0000cf3e        0x2 build/sky/contiki-ng-sky.a(rpl-mrhof.o)
 .text.update_metric_container
                0x0000cf40        0x6 build/sky/contiki-ng-sky.a(rpl-mrhof.o)
 .text.nbr_link_metric
                0x0000cf46       0x12 build/sky/contiki-ng-sky.a(rpl-mrhof.o)
 .text.nbr_has_usable_link
                0x0000cf58       0x14 build/sky/contiki-ng-sky.a(rpl-mrhof.o)
 .text.nbr_path_cost
                0x0000cf6c       0x38 build/sky/contiki-ng-sky.a(rpl-mrhof.o)
 .text.within_hysteresis
                0x0000cfa4       0x54 build/sky/contiki-ng-sky.a(rpl-mrhof.o)
 .text.nbr_is_acceptable_parent
                0x0000cff8       0x2c build/sky/contiki-ng-sky.a(rpl-mrhof.o)
 .text.rank_via_nbr
                0x0000d024       0x48 build/sky/contiki-ng-sky.a(rpl-mrhof.o)
 .text.best_parent
                0x0000d06c       0x7c build/sky/contiki-ng-sky.a(rpl-mrhof.o)
 .text.spi_init
                0x0000d0e8       0x30 build/sky/contiki-ng-sky.a(spi-legacy.o)
                0x0000d0e8                spi_init
 .text.libgcc   0x0000d118       0x2c /usr/local/bin/../lib/gcc/msp430/4.7.2/mmpy-16/libgcc.a(_mulsi3.o)
                0x0000d118                __mulsi3
 .text.libgcc   0x0000d144       0x22 /usr/local/bin/../lib/gcc/msp430/4.7.2/mmpy-16/libgcc.a(_udivmod16.o)
                0x0000d144                __udivhi3
                0x0000d144                __ext_udivmod16
                0x0000d15e                __umodhi3
 .text.libgcc   0x0000d166       0x3a /usr/local/bin/../lib/gcc/msp430/4.7.2/mmpy-16/libgcc.a(_divmod16.o)
                0x0000d166                __ext_divmod16
                0x0000d166                __divhi3
                0x0000d198                __modhi3
 .text.libgcc   0x0000d1a0       0x40 /usr/local/bin/../lib/gcc/msp430/4.7.2/mmpy-16/libgcc.a(_udivmod32.o)
                0x0000d1a0                __udivsi3
                0x0000d1a0                __ext_udivmod32
                0x0000d1d6                __umodsi3
 .text.libgcc   0x0000d1e0       0x4c /usr/local/bin/../lib/gcc/msp430/4.7.2/mmpy-16/libgcc.a(_divmod32.o)
                0x0000d1e0                __ext_divmod32
                0x0000d1e0                __divsi3
                0x0000d222                __modsi3
 .text.printf   0x0000d22c       0x10 /usr/local/bin/../lib/gcc/msp430/4.7.2/../../../../msp430/lib/mmpy-16/libc.a(printf.o)
                0x0000d22c                printf
 .text.append   0x0000d23c       0x22 /usr/local/bin/../lib/gcc/msp430/4.7.2/../../../../msp430/lib/mmpy-16/libc.a(sprintf.o)
 .text.call_vuprintf
                0x0000d25e       0x3a /usr/local/bin/../lib/gcc/msp430/4.7.2/../../../../msp430/lib/mmpy-16/libc.a(sprintf.o)
 .text.snprintf
                0x0000d298       0x1a /usr/local/bin/../lib/gcc/msp430/4.7.2/../../../../msp430/lib/mmpy-16/libc.a(sprintf.o)
                0x0000d298                snprintf
 .text.print_field
                0x0000d2b2      0x194 /usr/local/bin/../lib/gcc/msp430/4.7.2/../../../../msp430/lib/mmpy-16/libc.a(vuprintf.o)
 .text.vuprintf
                0x0000d446      0x63e /usr/local/bin/../lib/gcc/msp430/4.7.2/../../../../msp430/lib/mmpy-16/libc.a(vuprintf.o)
                0x0000d446                vuprintf
 .text.puts     0x0000da84       0x2c /usr/local/bin/../lib/gcc/msp430/4.7.2/../../../../msp430/lib/mmpy-16/libc.a(puts.o)
                0x0000da84                puts
 .text.rand     0x0000dab0       0x26 /usr/local/bin/../lib/gcc/msp430/4.7.2/../../../../msp430/lib/mmpy-16/libc.a(rand.o)
                0x0000dab0                rand
 .text.srand    0x0000dad6        0xa /usr/local/bin/../lib/gcc/msp430/4.7.2/../../../../msp430/lib/mmpy-16/libc.a(rand.o)
                0x0000dad6                srand
 .text.memcmp   0x0000dae0       0x30 /usr/local/bin/../lib/gcc/msp430/4.7.2/../../../../msp430/lib/mmpy-16/libc.a(memcmp.o)
                0x0000dae0                memcmp
 .text.memcpy   0x0000db10       0xfa /usr/local/bin/../lib/gcc/msp430/4.7.2/../../../../msp430/lib/mmpy-16/libc.a(memcpy.o)
                0x0000db10                memcpy
 .text.memmove  0x0000dc0a       0xfa /usr/local/bin/../lib/gcc/msp430/4.7.2/../../../../msp430/lib/mmpy-16/libc.a(memmove.o)
                0x0000dc0a                memmove
 .text.memset   0x0000dd04       0x6a /usr/local/bin/../lib/gcc/msp430/4.7.2/../../../../msp430/lib/mmpy-16/libc.a(memset.o)
                0x0000dd04                memset
 .text.libgcc   0x0000dd6e       0xf0 /usr/local/bin/../lib/gcc/msp430/4.7.2/mmpy-16/libgcc.a(_udivmod64.o)
                0x0000dd6e                __xabi_udivmod64
                0x0000ddcc                __udivdi3
                0x0000ddf2                __umoddi3
                0x0000de20                __udivmoddi4
 .text.crt0     0x0000de5e        0x2 /usr/local/bin/../lib/gcc/msp430/4.7.2/mmpy-16/libcrt0.a(_unexpected_.o)
                0x0000de5e                _unexpected_
 *(.near.text .near.text.*)

.rodata         0x0000de60      0x445
                0x0000de60                . = ALIGN (0x2)
 *(.rodata .rodata.* .gnu.linkonce.r.*)
 .rodata        0x0000de60       0x26 hello-world.o
                0x0000de6e                autostart_processes
 .rodata        0x0000de86       0xec build/sky/obj/contiki-main.o
 .rodata        0x0000df72       0x31 build/sky/contiki-ng-sky.a(platform.o)
 .rodata        0x0000dfa3        0xf build/sky/contiki-ng-sky.a(ctimer.o)
 .rodata        0x0000dfb2        0xc build/sky/contiki-ng-sky.a(etimer.o)
 .rodata        0x0000dfbe       0xb2 build/sky/contiki-ng-sky.a(log.o)
 .rodata        0x0000e070        0x8 build/sky/contiki-ng-sky.a(linkaddr.o)
                0x0000e070                linkaddr_null
 .rodata        0x0000e078       0x14 build/sky/contiki-ng-sky.a(csma.o)
                0x0000e07e                csma_driver
 .rodata        0x0000e08c        0xd build/sky/contiki-ng-sky.a(tcpip.o)
 *fill*         0x0000e099        0x1 00
 .rodata        0x0000e09a       0x26 build/sky/contiki-ng-sky.a(sicslowpan.o)
                0x0000e0a6                sicslowpan_driver
                0x0000e0ae                llprefix
                0x0000e0b0                unc_mxconf
                0x0000e0b4                unc_ctxconf
                0x0000e0b8                unc_llconf
 .rodata        0x0000e0c0       0x2d build/sky/contiki-ng-sky.a(uiplib.o)
 *fill*         0x0000e0ed        0x1 00
 .rodata        0x0000e0ee       0x32 build/sky/contiki-ng-sky.a(rpl.o)
                0x0000e0f8                rpl_lite_driver
 .rodata        0x0000e120       0xe0 build/sky/contiki-ng-sky.a(rpl-dag.o)
 .rodata        0x0000e200       0x10 build/sky/contiki-ng-sky.a(button-sensor.o)
                0x0000e208                button_sensor
 .rodata        0x0000e210        0x8 build/sky/contiki-ng-sky.a(sensors.o)
 .rodata.get_value
                0x0000e218       0x24 build/sky/contiki-ng-sky.a(cc2420.o)
 .rodata.set_value
                0x0000e23c       0x10 build/sky/contiki-ng-sky.a(cc2420.o)
 .rodata        0x0000e24c       0x3e build/sky/contiki-ng-sky.a(cc2420.o)
                0x0000e24c                cc2420_aes_128_driver
                0x0000e250                cc2420_driver
 .rodata        0x0000e28a        0x6 build/sky/contiki-ng-sky.a(framer-802154.o)
                0x0000e28a                framer_802154
 .rodata        0x0000e290        0x2 build/sky/contiki-ng-sky.a(frame802154.o)
 .rodata        0x0000e292        0xc build/sky/contiki-ng-sky.a(rpl-timers.o)
 .rodata.vuprintf
                0x0000e29e        0x7 /usr/local/bin/../lib/gcc/msp430/4.7.2/../../../../msp430/lib/mmpy-16/libc.a(vuprintf.o)
 *(.near.rodata .near.rodata.*)
                0x0000e2a6                . = ALIGN (0x2)
                0x0000e2a6                _etext = .

.data           0x00001100      0x12a load address 0x0000e2a6
                0x00001100                . = ALIGN (0x2)
                0x00001100                __data_start = .
 *(.data .data.* .gnu.linkonce.d.*)
 .data          0x00001100        0xa hello-world.o
                0x00001100                hello_world_process
 .data          0x0000110a        0x2 build/sky/contiki-ng-sky.a(msp430.o)
 .data          0x0000110c        0xa build/sky/contiki-ng-sky.a(ctimer.o)
                0x0000110c                ctimer_process
 .data          0x00001116        0xa build/sky/contiki-ng-sky.a(etimer.o)
                0x00001116                etimer_process
 .data          0x00001120       0x4a build/sky/contiki-ng-sky.a(log.o)
                0x00001120                all_modules
                0x00001168                curr_log_level_main
 .data          0x0000116a       0x10 build/sky/contiki-ng-sky.a(queuebuf.o)
 .data          0x0000117a       0x18 build/sky/contiki-ng-sky.a(csma-output.o)
 .data          0x00001192        0xa build/sky/contiki-ng-sky.a(tcpip.o)
                0x00001192                tcpip_process
 .data          0x0000119c        0x8 build/sky/contiki-ng-sky.a(uip-ds6-route.o)
 .data          0x000011a4        0x8 build/sky/contiki-ng-sky.a(uip-ds6-nbr.o)
 .data          0x000011ac        0x6 build/sky/contiki-ng-sky.a(uip-nd6.o)
 .data          0x000011b2       0x18 build/sky/contiki-ng-sky.a(rpl-icmp6.o)
 .data          0x000011ca        0x4 build/sky/contiki-ng-sky.a(contiki-sky-pla)
                0x000011ca                sensors
 .data          0x000011ce        0xa build/sky/contiki-ng-sky.a(sensors.o)
                0x000011ce                sensors_process
 .data          0x000011d8        0xc build/sky/contiki-ng-sky.a(cc2420.o)
                0x000011d8                cc2420_process
 .data          0x000011e4        0x8 build/sky/contiki-ng-sky.a(nbr-table.o)
 .data          0x000011ec        0x8 build/sky/contiki-ng-sky.a(link-stats.o)
 .data          0x000011f4        0x2 build/sky/contiki-ng-sky.a(frame802154.o)
 .data          0x000011f6        0xc build/sky/contiki-ng-sky.a(uip-icmp6.o)
 .data          0x00001202        0x8 build/sky/contiki-ng-sky.a(uip-sr.o)
 .data          0x0000120a        0xa build/sky/contiki-ng-sky.a(rpl-neighbor.o)
                0x0000120a                rpl_neighbors
 .data          0x00001214       0x12 build/sky/contiki-ng-sky.a(rpl-mrhof.o)
                0x00001214                rpl_mrhof
 .data.next     0x00001226        0x4 /usr/local/bin/../lib/gcc/msp430/4.7.2/../../../../msp430/lib/mmpy-16/libc.a(rand.o)
 *(.near.data .near.data.*)
                0x0000122a                . = ALIGN (0x2)
                0x0000122a                _edata = .
                0x0000e2a6                __data_load_start = LOADADDR (.data)
                0x0000012a                __data_size = SIZEOF (.data)

.bss            0x0000122a     0x1a38 load address 0x0000e3d0
                0x0000122a                __bss_start = .
 *(.bss .bss.*)
 .bss           0x0000122a        0xc hello-world.o
 .bss           0x00001236        0x8 build/sky/contiki-ng-sky.a(platform.o)
 .bss           0x0000123e        0xa build/sky/contiki-ng-sky.a(clock.o)
 .bss           0x00001248        0x2 build/sky/contiki-ng-sky.a(watchdog.o)
 .bss           0x0000124a        0x4 build/sky/contiki-ng-sky.a(ctimer.o)
 .bss           0x0000124e        0x6 build/sky/contiki-ng-sky.a(etimer.o)
 .bss           0x00001254       0x14 build/sky/contiki-ng-sky.a(log.o)
                0x00001254                curr_log_level_lwm2m
                0x00001256                curr_log_level_coap
                0x00001258                curr_log_level_6top
                0x0000125a                curr_log_level_framer
                0x0000125c                curr_log_level_mac
                0x0000125e                curr_log_level_nullnet
                0x00001260                curr_log_level_6lowpan
                0x00001262                curr_log_level_ipv6
                0x00001264                curr_log_level_tcpip
                0x00001266                curr_log_level_rpl
 .bss           0x00001268       0xc8 build/sky/contiki-ng-sky.a(process.o)
                0x00001268                process_current
                0x0000126a                process_list
 .bss           0x00001330        0x2 build/sky/contiki-ng-sky.a(rtimer.o)
 .bss           0x00001332        0x2 build/sky/contiki-ng-sky.a(node-id.o)
                0x00001332                node_id
 .bss           0x00001334      0x580 build/sky/contiki-ng-sky.a(queuebuf.o)
 .bss           0x000018b4       0x86 build/sky/contiki-ng-sky.a(packetbuf.o)
 .bss           0x0000193a        0x2 build/sky/contiki-ng-sky.a(netstack.o)
 .bss           0x0000193c       0xbe build/sky/contiki-ng-sky.a(csma-output.o)
 .bss           0x000019fa       0x28 build/sky/contiki-ng-sky.a(uip-ds6.o)
 .bss           0x00001a22        0xc build/sky/contiki-ng-sky.a(tcpip.o)
 .bss           0x00001a2e       0x3c build/sky/contiki-ng-sky.a(uip-ds6-route.o)
 .bss           0x00001a6a      0x120 build/sky/contiki-ng-sky.a(uip-ds6-nbr.o)
 .bss           0x00001b8a        0x8 build/sky/contiki-ng-sky.a(uip6.o)
                0x00001b8a                uip_last_proto
                0x00001b8c                uip_ext_len
                0x00001b8e                uip_ext_bitmap
 .bss           0x00001b92        0x8 build/sky/contiki-ng-sky.a(uip-nd6.o)
 .bss           0x00001b9a      0x6e0 build/sky/contiki-ng-sky.a(sicslowpan.o)
 .bss           0x0000227a        0x1 build/sky/contiki-ng-sky.a(rpl.o)
 *fill*         0x0000227b        0x1 00
 .bss           0x0000227c       0x12 build/sky/contiki-ng-sky.a(rpl-dag-root.o)
 .bss           0x0000228e        0x8 build/sky/contiki-ng-sky.a(button-sensor.o)
 .bss           0x00002296        0x6 build/sky/contiki-ng-sky.a(sensors.o)
 .bss           0x0000229c       0x10 build/sky/contiki-ng-sky.a(cc2420.o)
 .bss           0x000022ac       0x9a build/sky/contiki-ng-sky.a(uart1.o)
 .bss           0x00002346       0xe4 build/sky/contiki-ng-sky.a(nbr-table.o)
 .bss           0x0000242a       0xa0 build/sky/contiki-ng-sky.a(link-stats.o)
 .bss           0x000024ca       0xe0 build/sky/contiki-ng-sky.a(mac-sequence.o)
 .bss           0x000025aa        0x2 build/sky/contiki-ng-sky.a(framer-802154.o)
 .bss           0x000025ac       0x18 build/sky/contiki-ng-sky.a(uipbuf.o)
 .bss           0x000025c4       0x14 build/sky/contiki-ng-sky.a(uip-icmp6.o)
 .bss           0x000025d8      0x134 build/sky/contiki-ng-sky.a(uip-sr.o)
 .bss           0x0000270c        0x8 build/sky/contiki-ng-sky.a(rpl-nbr-policy.)
 .bss           0x00002714       0x80 build/sky/contiki-ng-sky.a(rpl-neighbor.o)
 .bss           0x00002794       0x28 build/sky/contiki-ng-sky.a(rpl-timers.o)
 .bss.destination_
                0x000027bc        0x2 /usr/local/bin/../lib/gcc/msp430/4.7.2/../../../../msp430/lib/mmpy-16/libc.a(sprintf.o)
 .bss.available_
                0x000027be        0x2 /usr/local/bin/../lib/gcc/msp430/4.7.2/../../../../msp430/lib/mmpy-16/libc.a(sprintf.o)
 *(.near.bss .near.bss.*)
 *(COMMON)
 COMMON         0x000027c0        0x2 build/sky/contiki-ng-sky.a(msp430.o)
                0x000027c0                msp430_dco_required
 COMMON         0x000027c2       0x2a build/sky/contiki-ng-sky.a(packetbuf.o)
                0x000027c2                packetbuf_addrs
                0x000027d2                packetbuf_attrs
 COMMON         0x000027ec        0x8 build/sky/contiki-ng-sky.a(linkaddr.o)
                0x000027ec                linkaddr_node_addr
 COMMON         0x000027f4      0x15c build/sky/contiki-ng-sky.a(uip-ds6.o)
                0x000027f4                uip_ds6_timer_ra
                0x000027fc                uip_ds6_if
                0x000028e8                uip_ds6_netif_addr_list_offset
                0x000028e9                uip_ds6_addr_size
                0x000028ea                uip_ds6_prefix_list
                0x00002944                uip_ds6_timer_periodic
 COMMON         0x00002950        0x1 build/sky/contiki-ng-sky.a(tcpip.o)
                0x00002950                tcpip_event
 *fill*         0x00002951        0x1 00
 COMMON         0x00002952      0x1d6 build/sky/contiki-ng-sky.a(uip6.o)
                0x00002952                uip_len
                0x00002954                uip_sappdata
                0x00002956                uip_lladdr
                0x0000295e                uip_aligned_buf
                0x00002a4e                uip_flags
                0x00002a50                uip_udp_conn
                0x00002a52                uip_appdata
                0x00002a54                uip_conn
                0x00002a56                uip_slen
                0x00002a58                uip_udp_conns
 COMMON         0x00002b28       0x10 build/sky/contiki-ng-sky.a(rpl.o)
                0x00002b28                rpl_multicast_addr
 COMMON         0x00002b38       0xfe build/sky/contiki-ng-sky.a(rpl-dag.o)
                0x00002b38                curr_instance
 COMMON         0x00002c36        0x2 build/sky/contiki-ng-sky.a(contiki-sky-pla)
                0x00002c36                sensors_flags
 COMMON         0x00002c38        0x8 build/sky/contiki-ng-sky.a(ds2411.o)
                0x00002c38                ds2411_id
 COMMON         0x00002c40        0x1 build/sky/contiki-ng-sky.a(sensors.o)
                0x00002c40                sensors_event
 *fill*         0x00002c41        0x1 00
 COMMON         0x00002c42        0xc build/sky/contiki-ng-sky.a(cc2420.o)
                0x00002c42                cc2420_last_rssi
                0x00002c44                cc2420_sfd_start_time
                0x00002c46                cc2420_last_correlation
                0x00002c48                cc2420_authority_level_of_sender
                0x00002c4a                cc2420_sfd_counter
                0x00002c4c                cc2420_sfd_end_time
 COMMON         0x00002c4e       0x14 build/sky/contiki-ng-sky.a(link-stats.o)
                0x00002c4e                periodic_timer
                0x00002c62                . = ALIGN (0x2)
                0x00002c62                __bss_end = .
                0x00001a38                __bss_size = SIZEOF (.bss)

.noinit         0x00002c62        0x2 load address 0x0000e3d0
                0x00002c62                . = ALIGN (0x2)
                0x00002c62                __noinit_start = .
 *(.noinit .noinit.*)
 .noinit.crt0   0x00002c62        0x2 /usr/local/bin/../lib/gcc/msp430/4.7.2/mmpy-16/libcrt0.a(__watchdog_support.o)
                0x00002c62                __wdt_clear_value
                0x00002c64                . = ALIGN (0x2)