Archive member included because of file (symbol)

build/sky/contiki-ng-sky.a(uart1-putchar.o)
                              IDS.o (putchar)
build/sky/contiki-ng-sky.a(platform.o)
                              build/sky/obj/contiki-main.o (platform_init_stage_one)
build/sky/contiki-ng-sky.a(msp430.o)
                              build/sky/contiki-ng-sky.a(platform.o) (msp430_dco_required)
build/sky/contiki-ng-sky.a(clock.o)
                              build/sky/obj/contiki-main.o (clock_init)
build/sky/contiki-ng-sky.a(leds.o)
                              build/sky/contiki-ng-sky.a(platform.o) (leds_init)
build/sky/contiki-ng-sky.a(leds-arch.o)
                              build/sky/contiki-ng-sky.a(leds.o) (leds_arch_init)
build/sky/contiki-ng-sky.a(watchdog.o)
                              build/sky/obj/contiki-main.o (watchdog_start)
build/sky/contiki-ng-sky.a(autostart.o)
                              build/sky/obj/contiki-main.o (autostart_start)
build/sky/contiki-ng-sky.a(ctimer.o)
                              build/sky/obj/contiki-main.o (ctimer_init)
build/sky/contiki-ng-sky.a(energest.o)
                              build/sky/obj/contiki-main.o (energest_init)
build/sky/contiki-ng-sky.a(etimer.o)
                              build/sky/contiki-ng-sky.a(clock.o) (etimer_request_poll)
build/sky/contiki-ng-sky.a(log.o)
                              IDS.o (log_6addr)
build/sky/contiki-ng-sky.a(process.o)
                              build/sky/contiki-ng-sky.a(ctimer.o) (process_current)
build/sky/contiki-ng-sky.a(rtimer.o)
                              build/sky/obj/contiki-main.o (rtimer_init)
build/sky/contiki-ng-sky.a(node-id.o)
                              build/sky/obj/contiki-main.o (node_id_init)
build/sky/contiki-ng-sky.a(timer.o)
                              build/sky/contiki-ng-sky.a(platform.o) (timer_set)
build/sky/contiki-ng-sky.a(list.o)
                              build/sky/contiki-ng-sky.a(ctimer.o) (list_init)
build/sky/contiki-ng-sky.a(random.o)
                              build/sky/contiki-ng-sky.a(platform.o) (random_init)
build/sky/contiki-ng-sky.a(queuebuf.o)
                              build/sky/obj/contiki-main.o (queuebuf_init)
build/sky/contiki-ng-sky.a(packetbuf.o)
                              build/sky/contiki-ng-sky.a(queuebuf.o) (packetbuf_copyto)
build/sky/contiki-ng-sky.a(netstack.o)
                              build/sky/obj/contiki-main.o (netstack_init)
build/sky/contiki-ng-sky.a(linkaddr.o)
                              build/sky/contiki-ng-sky.a(platform.o) (linkaddr_copy)
build/sky/contiki-ng-sky.a(csma.o)
                              build/sky/obj/contiki-main.o (csma_driver)
build/sky/contiki-ng-sky.a(csma-output.o)
                              build/sky/contiki-ng-sky.a(csma.o) (csma_output_packet)
build/sky/contiki-ng-sky.a(uip-ds6.o)
                              build/sky/obj/contiki-main.o (uip_ds6_get_link_local)
build/sky/contiki-ng-sky.a(tcpip.o)
                              build/sky/obj/contiki-main.o (tcpip_process)
build/sky/contiki-ng-sky.a(uip-ds6-route.o)
                              build/sky/contiki-ng-sky.a(uip-ds6.o) (uip_ds6_route_init)
build/sky/contiki-ng-sky.a(uip-ds6-nbr.o)
                              build/sky/contiki-ng-sky.a(uip-ds6.o) (uip_ds6_neighbors_init)
build/sky/contiki-ng-sky.a(uip6.o)
                              build/sky/contiki-ng-sky.a(tcpip.o) (uip_aligned_buf)
build/sky/contiki-ng-sky.a(uip-nd6.o)
                              build/sky/contiki-ng-sky.a(uip6.o) (uip_nd6_init)
build/sky/contiki-ng-sky.a(simple-udp.o)
                              IDS.o (simple_udp_register)
build/sky/contiki-ng-sky.a(sicslowpan.o)
                              build/sky/obj/contiki-main.o (sicslowpan_driver)
build/sky/contiki-ng-sky.a(uiplib.o)
                              build/sky/contiki-ng-sky.a(log.o) (uiplib_ipaddr_snprint)
build/sky/contiki-ng-sky.a(rpl.o)
                              IDS.o (rpl_lite_driver)
build/sky/contiki-ng-sky.a(rpl-icmp6.o)
                              build/sky/contiki-ng-sky.a(rpl.o) (rpl_icmp6_init)
build/sky/contiki-ng-sky.a(rpl-dag.o)
                              build/sky/contiki-ng-sky.a(rpl.o) (curr_instance)
build/sky/contiki-ng-sky.a(rpl-dag-root.o)
                              build/sky/contiki-ng-sky.a(rpl.o) (rpl_dag_root_set_prefix)
build/sky/contiki-ng-sky.a(contiki-sky-pla)
                              build/sky/contiki-ng-sky.a(platform.o) (init_platform)
build/sky/contiki-ng-sky.a(button-sensor.o)
                              build/sky/contiki-ng-sky.a(contiki-sky-pla) (button_sensor)
build/sky/contiki-ng-sky.a(ds2411.o)
                              build/sky/contiki-ng-sky.a(platform.o) (ds2411_init)
build/sky/contiki-ng-sky.a(xmem.o)
                              build/sky/contiki-ng-sky.a(platform.o) (xmem_init)
build/sky/contiki-ng-sky.a(sensors.o)
                              build/sky/contiki-ng-sky.a(button-sensor.o) (sensors_changed)
[...]
Memory Configuration

Name             Origin             Length             Attributes
sfr              0x0000000000000000 0x0000000000000010
peripheral_8bit  0x0000000000000010 0x00000000000000f0
peripheral_16bit 0x0000000000000100 0x0000000000000100
ram_mirror       0x0000000000000200 0x0000000000000800 xw
infomem          0x0000000000001000 0x0000000000000100
infob            0x0000000000001000 0x0000000000000080
infoa            0x0000000000001080 0x0000000000000080
ram              0x0000000000001100 0x0000000000002800 xw
rom              0x0000000000004000 0x000000000000bfe0 xr
vectors          0x000000000000ffe0 0x0000000000000020
bsl              0x0000000000000000 0x0000000000000000
infoc            0x0000000000000000 0x0000000000000000
infod            0x0000000000000000 0x0000000000000000
ram2             0x0000000000000000 0x0000000000000000 xw
usbram           0x0000000000000000 0x0000000000000000 xw
far_rom          0x0000000000000000 0x0000000000000000
*default*        0x0000000000000000 0xffffffffffffffff

Linker script and memory map

LOAD /usr/lib/gcc/msp430/4.6.3/mmpy-16/crt0ivtbl16.o
                0x0000000000002d7a                _stack = _end
LOAD IDS.o
LOAD build/sky/obj/contiki-main.o
LOAD build/sky/contiki-ng-sky.a
LOAD /usr/lib/gcc/msp430/4.6.3/mmpy-16/libgcc.a
LOAD /usr/lib/gcc/msp430/4.6.3/../../../../msp430/lib/mmpy-16/libc.a
LOAD /usr/lib/gcc/msp430/4.6.3/mmpy-16/libgcc.a
LOAD /usr/lib/gcc/msp430/4.6.3/mmpy-16/libcrt0.a
                0x0000000000000080                PROVIDE (__info_segment_size, 0x80)
                0x0000000000001000                PROVIDE (__infob, 0x1000)
                0x0000000000001080                PROVIDE (__infoa, 0x1080)
                0x0000000000000000                __IE1 = 0x0
                0x0000000000000002                __IFG1 = 0x2
                0x0000000000000004                __ME1 = 0x4
                0x0000000000000001                __IE2 = 0x1
                0x0000000000000003                __IFG2 = 0x3
                0x0000000000000005                __ME2 = 0x5
                0x0000000000000120                __WDTCTL = 0x120
                0x0000000000000130                __MPY = 0x130
                0x0000000000000132                __MPYS = 0x132
                0x0000000000000134                __MAC = 0x134
                0x0000000000000136                __MACS = 0x136
                0x0000000000000138                __OP2 = 0x138
                0x000000000000013a                __RESLO = 0x13a
                0x000000000000013c                __RESHI = 0x13c
                0x000000000000013e                __SUMEXT = 0x13e
                0x0000000000000020                __P1IN = 0x20
                0x0000000000000021                __P1OUT = 0x21
                0x0000000000000022                __P1DIR = 0x22
                0x0000000000000023                __P1IFG = 0x23
                0x0000000000000024                __P1IES = 0x24
                0x0000000000000025                __P1IE = 0x25
                0x0000000000000026                __P1SEL = 0x26
                0x0000000000000028                __P2IN = 0x28
                0x0000000000000029                __P2OUT = 0x29
                0x000000000000002a                __P2DIR = 0x2a
                0x000000000000002b                __P2IFG = 0x2b
                0x000000000000002c                __P2IES = 0x2c
                0x000000000000002d                __P2IE = 0x2d
                0x000000000000002e                __P2SEL = 0x2e
                0x0000000000000018                __P3IN = 0x18
                0x0000000000000019                __P3OUT = 0x19
                0x000000000000001a                __P3DIR = 0x1a
                0x000000000000001b                __P3SEL = 0x1b
                0x000000000000001c                __P4IN = 0x1c
                0x000000000000001d                __P4OUT = 0x1d
                0x000000000000001e                __P4DIR = 0x1e
                0x000000000000001f                __P4SEL = 0x1f
                0x0000000000000030                __P5IN = 0x30
                0x0000000000000031                __P5OUT = 0x31
                0x0000000000000032                __P5DIR = 0x32
                0x0000000000000033                __P5SEL = 0x33
                0x0000000000000034                __P6IN = 0x34
                0x0000000000000035                __P6OUT = 0x35
                0x0000000000000036                __P6DIR = 0x36
                0x0000000000000037                __P6SEL = 0x37
                0x0000000000000070                __U0CTL = 0x70
                0x0000000000000071                __U0TCTL = 0x71
                0x0000000000000072                __U0RCTL = 0x72
                0x0000000000000073                __U0MCTL = 0x73
                0x0000000000000074                __U0BR0 = 0x74
                0x0000000000000075                __U0BR1 = 0x75
                0x0000000000000076                __U0RXBUF = 0x76
                0x0000000000000077                __U0TXBUF = 0x77
                0x0000000000000078                __U1CTL = 0x78
                0x0000000000000079                __U1TCTL = 0x79
                0x000000000000007a                __U1RCTL = 0x7a
                0x000000000000007b                __U1MCTL = 0x7b
                0x000000000000007c                __U1BR0 = 0x7c
                0x000000000000007d                __U1BR1 = 0x7d
                0x000000000000007e                __U1RXBUF = 0x7e
                0x000000000000007f                __U1TXBUF = 0x7f
                0x0000000000000050                __I2CIE = 0x50
                0x0000000000000051                __I2CIFG = 0x51
                0x0000000000000052                __I2CNDAT = 0x52
                0x0000000000000071                __I2CTCTL = 0x71
                0x0000000000000072                __I2CDCTL = 0x72
                0x0000000000000073                __I2CPSC = 0x73
                0x0000000000000074                __I2CSCLH = 0x74
                0x0000000000000075                __I2CSCLL = 0x75
                0x0000000000000076                __I2CDRB = 0x76
                0x0000000000000076                __I2CDRW = 0x76
                0x0000000000000118                __I2COA = 0x118
                0x000000000000011a                __I2CSA = 0x11a
                0x000000000000011c                __I2CIV = 0x11c
                0x000000000000012e                __TAIV = 0x12e
                0x0000000000000160                __TACTL = 0x160
                0x0000000000000162                __TACCTL0 = 0x162
                0x0000000000000164                __TACCTL1 = 0x164
                0x0000000000000166                __TACCTL2 = 0x166
                0x0000000000000170                __TAR = 0x170
                0x0000000000000172                __TACCR0 = 0x172
                0x0000000000000174                __TACCR1 = 0x174
                0x0000000000000176                __TACCR2 = 0x176
                0x000000000000011e                __TBIV = 0x11e
                0x0000000000000180                __TBCTL = 0x180
                0x0000000000000182                __TBCCTL0 = 0x182
                0x0000000000000184                __TBCCTL1 = 0x184
                0x0000000000000186                __TBCCTL2 = 0x186
                0x0000000000000188                __TBCCTL3 = 0x188
                0x000000000000018a                __TBCCTL4 = 0x18a
                0x000000000000018c                __TBCCTL5 = 0x18c
                0x000000000000018e                __TBCCTL6 = 0x18e
                0x0000000000000190                __TBR = 0x190
                0x0000000000000192                __TBCCR0 = 0x192
                0x0000000000000194                __TBCCR1 = 0x194
                0x0000000000000196                __TBCCR2 = 0x196
                0x0000000000000198                __TBCCR3 = 0x198
                0x000000000000019a                __TBCCR4 = 0x19a
                0x000000000000019c                __TBCCR5 = 0x19c
                0x000000000000019e                __TBCCR6 = 0x19e
                0x0000000000000056                __DCOCTL = 0x56
                0x0000000000000057                __BCSCTL1 = 0x57
                0x0000000000000058                __BCSCTL2 = 0x58
                0x0000000000000055                __SVSCTL = 0x55
                0x0000000000000128                __FCTL1 = 0x128
                0x000000000000012a                __FCTL2 = 0x12a
                0x000000000000012c                __FCTL3 = 0x12c
                0x0000000000000059                __CACTL1 = 0x59
                0x000000000000005a                __CACTL2 = 0x5a
                0x000000000000005b                __CAPD = 0x5b
                0x00000000000001a0                __ADC12CTL0 = 0x1a0
                0x00000000000001a2                __ADC12CTL1 = 0x1a2
                0x00000000000001a4                __ADC12IFG = 0x1a4
                0x00000000000001a6                __ADC12IE = 0x1a6
                0x00000000000001a8                __ADC12IV = 0x1a8
                0x0000000000000140                __ADC12MEM0 = 0x140
                0x0000000000000142                __ADC12MEM1 = 0x142
                0x0000000000000144                __ADC12MEM2 = 0x144
                0x0000000000000146                __ADC12MEM3 = 0x146
                0x0000000000000148                __ADC12MEM4 = 0x148
                0x000000000000014a                __ADC12MEM5 = 0x14a
                0x000000000000014c                __ADC12MEM6 = 0x14c
                0x000000000000014e                __ADC12MEM7 = 0x14e
                0x0000000000000150                __ADC12MEM8 = 0x150
                0x0000000000000152                __ADC12MEM9 = 0x152
                0x0000000000000154                __ADC12MEM10 = 0x154
                0x0000000000000156                __ADC12MEM11 = 0x156
                0x0000000000000158                __ADC12MEM12 = 0x158
                0x000000000000015a                __ADC12MEM13 = 0x15a
                0x000000000000015c                __ADC12MEM14 = 0x15c
                0x000000000000015e                __ADC12MEM15 = 0x15e
                0x0000000000000080                __ADC12MCTL0 = 0x80
                0x0000000000000081                __ADC12MCTL1 = 0x81
                0x0000000000000082                __ADC12MCTL2 = 0x82
                0x0000000000000083                __ADC12MCTL3 = 0x83
                0x0000000000000084                __ADC12MCTL4 = 0x84
                0x0000000000000085                __ADC12MCTL5 = 0x85
                0x0000000000000086                __ADC12MCTL6 = 0x86
                0x0000000000000087                __ADC12MCTL7 = 0x87
                0x0000000000000088                __ADC12MCTL8 = 0x88
                0x0000000000000089                __ADC12MCTL9 = 0x89
                0x000000000000008a                __ADC12MCTL10 = 0x8a
                0x000000000000008b                __ADC12MCTL11 = 0x8b
                0x000000000000008c                __ADC12MCTL12 = 0x8c
                0x000000000000008d                __ADC12MCTL13 = 0x8d
                0x000000000000008e                __ADC12MCTL14 = 0x8e
                0x000000000000008f                __ADC12MCTL15 = 0x8f
                0x00000000000001c0                __DAC12_0CTL = 0x1c0
                0x00000000000001c2                __DAC12_1CTL = 0x1c2
                0x00000000000001c8                __DAC12_0DAT = 0x1c8
                0x00000000000001ca                __DAC12_1DAT = 0x1ca
                0x0000000000000122                __DMACTL0 = 0x122
                0x0000000000000124                __DMACTL1 = 0x124
                0x00000000000001e0                __DMA0CTL = 0x1e0
                0x00000000000001e8                __DMA1CTL = 0x1e8
                0x00000000000001f0                __DMA2CTL = 0x1f0
                0x00000000000001e2                __DMA0SA = 0x1e2
                0x00000000000001e4                __DMA0DA = 0x1e4
                0x00000000000001e6                __DMA0SZ = 0x1e6
                0x00000000000001ea                __DMA1SA = 0x1ea
                0x00000000000001ec                __DMA1DA = 0x1ec
                0x00000000000001ee                __DMA1SZ = 0x1ee
                0x00000000000001f2                __DMA2SA = 0x1f2
                0x00000000000001f4                __DMA2DA = 0x1f4
                0x00000000000001f6                __DMA2SZ = 0x1f6

.hash
 *(.hash)

.dynsym
 *(.dynsym)

.dynstr
 *(.dynstr)

.gnu.version
 *(.gnu.version)

.gnu.version_d
 *(.gnu.version_d)

.gnu.version_r
 *(.gnu.version_r)

.rel.init
 *(.rel.init)

.rela.init
 *(.rela.init)

.rel.fini
 *(.rel.fini)

.rela.fini
 *(.rela.fini)

.rel.text
 *(.rel.text .rel.text.* .rel.gnu.linkonce.t.*)

.rela.text
 *(.rela.text .rela.text.* .rela.gnu.linkonce.t.*)

.rel.rodata
 *(.rel.rodata .rel.rodata.* .rel.gnu.linkonce.r.*)

.rela.rodata
 *(.rela.rodata .rela.rodata.* .rela.gnu.linkonce.r.*)

.rel.data
 *(.rel.data .rel.data.* .rel.gnu.linkonce.d.*)

.rela.data
 *(.rela.data .rela.data.* .rela.gnu.linkonce.d.*)

.rel.bss
 *(.rel.bss .rel.bss.* .rel.gnu.linkonce.b.*)

.rela.bss
 *(.rela.bss .rela.bss.* .rela.gnu.linkonce.b.*)

.rel.ctors
 *(.rel.ctors)

.rela.ctors
 *(.rela.ctors)

.rel.dtors
 *(.rel.dtors)

.rela.dtors
 *(.rela.dtors)

.rel.got
 *(.rel.got)

.rela.got
 *(.rela.got)

.rel.plt
 *(.rel.plt)

.rela.plt
 *(.rela.plt)

.text           0x0000000000004000     0xa546
                0x0000000000004000                . = ALIGN (0x2)
 *(.init .init.*)
 *(.init0)
 .init0         0x0000000000004000        0x0 /usr/lib/gcc/msp430/4.6.3/mmpy-16/libcrt0.a(_reset_vector__.o)
                0x0000000000004000                _reset_vector__
 *(.init1)
 .init1         0x0000000000004000        0xc /usr/lib/gcc/msp430/4.6.3/mmpy-16/libcrt0.a(__watchdog_support.o)
                0x0000000000004000                __watchdog_support
 *(.init2)
 .init2         0x000000000000400c        0x4 /usr/lib/gcc/msp430/4.6.3/mmpy-16/libcrt0.a(__init_stack.o)
                0x000000000000400c                __init_stack
 *(.init3)
 .init3         0x0000000000004010        0x0 /usr/lib/gcc/msp430/4.6.3/mmpy-16/libcrt0.a(__low_level_init.o)
                0x0000000000004010                __low_level_init
 *(.init4)
 .init4         0x0000000000004010       0x18 /usr/lib/gcc/msp430/4.6.3/mmpy-16/libcrt0.a(_copy_data.o)
                0x0000000000004010                __do_copy_data
 .init4         0x0000000000004028       0x16 /usr/lib/gcc/msp430/4.6.3/mmpy-16/libcrt0.a(_clear_bss.o)
                0x0000000000004028                __do_clear_bss
 *(.init5)
 *(.init6)
 *(.init7)
 *(.init8)
 *(.init9)
 .init9         0x000000000000403e      0x22e build/sky/obj/contiki-main.o
                0x000000000000403e                main
 *(.fini9)
 .fini9         0x000000000000426c        0x0 /usr/lib/gcc/msp430/4.6.3/mmpy-16/libcrt0.a(__stop_progExec__.o)
                0x000000000000426c                __stop_progExec__
 *(.fini8)
 *(.fini7)
 *(.fini6)
 *(.fini5)
 *(.fini4)
 *(.fini3)
 *(.fini2)
 *(.fini1)
 *(.fini0)
 .fini0         0x000000000000426c        0x6 /usr/lib/gcc/msp430/4.6.3/mmpy-16/libcrt0.a(_endless_loop__.o)
                0x000000000000426c                _endless_loop__
 *(.fini .fini.*)
                0x0000000000004272                . = ALIGN (0x2)
                0x0000000000004272                __ctors_start = .
 *(.ctors)
                0x0000000000004272                __ctors_end = .
                0x0000000000004272                __dtors_start = .
 *(.dtors)
                0x0000000000004272                __dtors_end = .
                0x0000000000004272                . = ALIGN (0x2)
 *(.text .text.* .gnu.linkonce.t.*)
 .text          0x0000000000004272        0x4 /usr/lib/gcc/msp430/4.6.3/mmpy-16/crt0ivtbl16.o
                0x0000000000004272                __isr_14
                0x0000000000004272                __isr_11
                0x0000000000004272                __isr_2
                0x0000000000004272                __isr_7
                0x0000000000004272                __isr_0
                0x0000000000004272                __isr_8
                0x0000000000004272                __isr_3
                0x0000000000004272                __isr_12
                0x0000000000004272                __isr_13
                0x0000000000004272                __isr_9
 .text.process_thread_udp_server_process
                0x0000000000004276       0x32 IDS.o
 .text.udp_rx_callback
                0x00000000000042a8       0x8a IDS.o
 .text.putchar  0x0000000000004332       0x10 build/sky/contiki-ng-sky.a(uart1-putchar.o)
                0x0000000000004332                putchar
 .text.platform_init_stage_one
                0x0000000000004342       0x12 build/sky/contiki-ng-sky.a(platform.o)
                0x0000000000004342                platform_init_stage_one
 .text.platform_init_stage_two
                0x0000000000004354       0x66 build/sky/contiki-ng-sky.a(platform.o)
                0x0000000000004354                platform_init_stage_two
 .text.platform_init_stage_three
                0x00000000000043ba       0x7a build/sky/contiki-ng-sky.a(platform.o)
                0x00000000000043ba                platform_init_stage_three
 .text.platform_idle
                0x0000000000004434       0x54 build/sky/contiki-ng-sky.a(platform.o)
                0x0000000000004434                platform_idle
 .text.msp430_init_dco
                0x0000000000004488       0x84 build/sky/contiki-ng-sky.a(msp430.o)
                0x0000000000004488                msp430_init_dco
 .text.msp430_add_lpm_req
                0x000000000000450c        0xc build/sky/contiki-ng-sky.a(msp430.o)
                0x000000000000450c                msp430_add_lpm_req
 .text.msp430_cpu_init
                0x0000000000004518       0x2a build/sky/contiki-ng-sky.a(msp430.o)
                0x0000000000004518                msp430_cpu_init
 .text.splhigh_
                0x0000000000004542        0x8 build/sky/contiki-ng-sky.a(msp430.o)
                0x0000000000004542                splhigh_
 .text.msp430_sync_dco
                0x000000000000454a       0x68 build/sky/contiki-ng-sky.a(msp430.o)
                0x000000000000454a                msp430_sync_dco
 .text.timera1  0x00000000000045b2       0xdc build/sky/contiki-ng-sky.a(clock.o)
                0x00000000000045b2                __isr_5
                0x00000000000045b2                timera1
 .text.clock_time
                0x000000000000468e       0x1a build/sky/contiki-ng-sky.a(clock.o)
                0x000000000000468e                clock_time
 .text.clock_init
                0x00000000000046a8       0x28 build/sky/contiki-ng-sky.a(clock.o)
                0x00000000000046a8                clock_init
 .text.clock_delay
                0x00000000000046d0        0xc build/sky/contiki-ng-sky.a(clock.o)
                0x00000000000046d0                clock_delay
 .text.clock_seconds
                0x00000000000046dc       0x1a build/sky/contiki-ng-sky.a(clock.o)
                0x00000000000046dc                clock_seconds
 .text.leds_init
                0x00000000000046f6        0x6 build/sky/contiki-ng-sky.a(leds.o)
                0x00000000000046f6                leds_init
 .text.leds_on  0x00000000000046fc       0x12 build/sky/contiki-ng-sky.a(leds.o)
                0x00000000000046fc                leds_on
 .text.leds_off
                0x000000000000470e       0x12 build/sky/contiki-ng-sky.a(leds.o)
                0x000000000000470e                leds_off
 .text.leds_arch_init
                0x0000000000004720        0xe build/sky/contiki-ng-sky.a(leds-arch.o)
                0x0000000000004720                leds_arch_init
 .text.leds_arch_get
                0x000000000000472e       0x36 build/sky/contiki-ng-sky.a(leds-arch.o)
                0x000000000000472e                leds_arch_get
 .text.leds_arch_set
                0x0000000000004764       0x40 build/sky/contiki-ng-sky.a(leds-arch.o)
                0x0000000000004764                leds_arch_set
 .text.watchdog_interrupt
                0x00000000000047a4        0x6 build/sky/contiki-ng-sky.a(watchdog.o)
                0x00000000000047a4                __isr_10
                0x00000000000047a4                watchdog_interrupt
 .text.watchdog_start
                0x00000000000047aa       0x14 build/sky/contiki-ng-sky.a(watchdog.o)
                0x00000000000047aa                watchdog_start
 .text.watchdog_periodic
                0x00000000000047be       0x12 build/sky/contiki-ng-sky.a(watchdog.o)
                0x00000000000047be                watchdog_periodic
 .text.watchdog_stop
                0x00000000000047d0       0x16 build/sky/contiki-ng-sky.a(watchdog.o)
                0x00000000000047d0                watchdog_stop
 .text.watchdog_init
                0x00000000000047e6       0x14 build/sky/contiki-ng-sky.a(watchdog.o)
                0x00000000000047e6                watchdog_init
 .text.autostart_start
                0x00000000000047fa       0x16 build/sky/contiki-ng-sky.a(autostart.o)
                0x00000000000047fa                autostart_start
 .text.process_thread_ctimer_process
                0x0000000000004810       0xa4 build/sky/contiki-ng-sky.a(ctimer.o)
 .text.ctimer_init
                0x00000000000048b4       0x18 build/sky/contiki-ng-sky.a(ctimer.o)
                0x00000000000048b4                ctimer_init
 .text.ctimer_set_with_process
                0x00000000000048cc       0x4e build/sky/contiki-ng-sky.a(ctimer.o)
                0x00000000000048cc                ctimer_set_with_process
 .text.ctimer_set
                0x000000000000491a       0x10 build/sky/contiki-ng-sky.a(ctimer.o)
                0x000000000000491a                ctimer_set
 .text.ctimer_reset
                0x000000000000492a       0x30 build/sky/contiki-ng-sky.a(ctimer.o)
                0x000000000000492a                ctimer_reset
 .text.ctimer_stop
                0x000000000000495a       0x28 build/sky/contiki-ng-sky.a(ctimer.o)
                0x000000000000495a                ctimer_stop
 .text.ctimer_expired
                0x0000000000004982       0x32 build/sky/contiki-ng-sky.a(ctimer.o)
                0x0000000000004982                ctimer_expired
 .text.energest_init
                0x00000000000049b4        0x2 build/sky/contiki-ng-sky.a(energest.o)
                0x00000000000049b4                energest_init
 .text.energest_flush
                0x00000000000049b6        0x2 build/sky/contiki-ng-sky.a(energest.o)
                0x00000000000049b6                energest_flush
 .text.update_time
                0x00000000000049b8       0x78 build/sky/contiki-ng-sky.a(etimer.o)
 .text.etimer_request_poll
                0x0000000000004a30        0xa build/sky/contiki-ng-sky.a(etimer.o)
                0x0000000000004a30                etimer_request_poll
 .text.process_thread_etimer_process
                0x0000000000004a3a       0xc8 build/sky/contiki-ng-sky.a(etimer.o)
 .text.add_timer
                0x0000000000004b02       0x40 build/sky/contiki-ng-sky.a(etimer.o)
 .text.etimer_set
                0x0000000000004b42       0x12 build/sky/contiki-ng-sky.a(etimer.o)
                0x0000000000004b42                etimer_set
 .text.etimer_reset
                0x0000000000004b54       0x12 build/sky/contiki-ng-sky.a(etimer.o)
                0x0000000000004b54                etimer_reset
 .text.etimer_expired
                0x0000000000004b66        0xe build/sky/contiki-ng-sky.a(etimer.o)
                0x0000000000004b66                etimer_expired
 .text.etimer_pending
                0x0000000000004b74        0xc build/sky/contiki-ng-sky.a(etimer.o)
                0x0000000000004b74                etimer_pending
 .text.etimer_next_expiration_time
                0x0000000000004b80       0x16 build/sky/contiki-ng-sky.a(etimer.o)
                0x0000000000004b80                etimer_next_expiration_time
 .text.etimer_stop
                0x0000000000004b96       0x3c build/sky/contiki-ng-sky.a(etimer.o)
                0x0000000000004b96                etimer_stop
 .text.log_6addr
                0x0000000000004bd2       0x32 build/sky/contiki-ng-sky.a(log.o)
                0x0000000000004bd2                log_6addr
 .text.log_lladdr
                0x0000000000004c04       0x44 build/sky/contiki-ng-sky.a(log.o)
                0x0000000000004c04                log_lladdr
 .text.call_process
                0x0000000000004c48       0x4a build/sky/contiki-ng-sky.a(process.o)
 .text.exit_process
                0x0000000000004c92       0x96 build/sky/contiki-ng-sky.a(process.o)
 .text.do_poll  0x0000000000004d28       0x30 build/sky/contiki-ng-sky.a(process.o)
 .text.process_alloc_event
                0x0000000000004d58        0xe build/sky/contiki-ng-sky.a(process.o)
                0x0000000000004d58                process_alloc_event
 .text.process_init
                0x0000000000004d66       0x18 build/sky/contiki-ng-sky.a(process.o)
                0x0000000000004d66                process_init
 .text.process_run
                0x0000000000004d7e       0x92 build/sky/contiki-ng-sky.a(process.o)
                0x0000000000004d7e                process_run
 .text.process_nevents
                0x0000000000004e10        0xe build/sky/contiki-ng-sky.a(process.o)
                0x0000000000004e10                process_nevents
 .text.process_post
                0x0000000000004e1e       0x42 build/sky/contiki-ng-sky.a(process.o)
                0x0000000000004e1e                process_post
 .text.process_post_synch
                0x0000000000004e60       0x12 build/sky/contiki-ng-sky.a(process.o)
                0x0000000000004e60                process_post_synch
 .text.process_start
                0x0000000000004e72       0x32 build/sky/contiki-ng-sky.a(process.o)
                0x0000000000004e72                process_start
 .text.process_poll
                0x0000000000004ea4       0x18 build/sky/contiki-ng-sky.a(process.o)
                0x0000000000004ea4                process_poll
 .text.rtimer_init
                0x0000000000004ebc        0x6 build/sky/contiki-ng-sky.a(rtimer.o)
                0x0000000000004ebc                rtimer_init
 .text.rtimer_run_next
                0x0000000000004ec2       0x26 build/sky/contiki-ng-sky.a(rtimer.o)
                0x0000000000004ec2                rtimer_run_next
 .text.node_id_init
                0x0000000000004ee8       0x14 build/sky/contiki-ng-sky.a(node-id.o)
                0x0000000000004ee8                node_id_init
 .text.timer_set
                0x0000000000004efc       0x1c build/sky/contiki-ng-sky.a(timer.o)
                0x0000000000004efc                timer_set
 .text.timer_expired
                0x0000000000004f18       0x2a build/sky/contiki-ng-sky.a(timer.o)
                0x0000000000004f18                timer_expired
 .text.timer_reset
                0x0000000000004f42       0x1c build/sky/contiki-ng-sky.a(timer.o)
                0x0000000000004f42                timer_reset
 .text.list_init
                0x0000000000004f5e        0x6 build/sky/contiki-ng-sky.a(list.o)
                0x0000000000004f5e                list_init
 .text.list_head
                0x0000000000004f64        0x4 build/sky/contiki-ng-sky.a(list.o)
                0x0000000000004f64                list_head
 .text.list_tail
                0x0000000000004f68       0x12 build/sky/contiki-ng-sky.a(list.o)
                0x0000000000004f68                list_tail
 .text.list_remove
                0x0000000000004f7a       0x34 build/sky/contiki-ng-sky.a(list.o)
                0x0000000000004f7a                list_remove
 .text.list_push
                0x0000000000004fae       0x1a build/sky/contiki-ng-sky.a(list.o)
                0x0000000000004fae                list_push
 .text.list_add
                0x0000000000004fc8       0x2a build/sky/contiki-ng-sky.a(list.o)
                0x0000000000004fc8                list_add
 .text.list_length
                0x0000000000004ff2       0x10 build/sky/contiki-ng-sky.a(list.o)
                0x0000000000004ff2                list_length
 .text.list_item_next
                0x0000000000005002        0xc build/sky/contiki-ng-sky.a(list.o)
                0x0000000000005002                list_item_next
 .text.random_init
                0x000000000000500e        0x6 build/sky/contiki-ng-sky.a(random.o)
                0x000000000000500e                random_init
 .text.random_rand
                0x0000000000005014        0x6 build/sky/contiki-ng-sky.a(random.o)
                0x0000000000005014                random_rand
 .text.queuebuf_init
                0x000000000000501a       0x12 build/sky/contiki-ng-sky.a(queuebuf.o)
                0x000000000000501a                queuebuf_init
 .text.queuebuf_numfree
                0x000000000000502c        0xa build/sky/contiki-ng-sky.a(queuebuf.o)
                0x000000000000502c                queuebuf_numfree
 .text.queuebuf_new_from_packetbuf
                0x0000000000005036       0x52 build/sky/contiki-ng-sky.a(queuebuf.o)
                0x0000000000005036                queuebuf_new_from_packetbuf
 .text.queuebuf_update_attr_from_packetbuf
                0x0000000000005088       0x12 build/sky/contiki-ng-sky.a(queuebuf.o)
                0x0000000000005088                queuebuf_update_attr_from_packetbuf
 .text.queuebuf_free
                0x000000000000509a       0x2a build/sky/contiki-ng-sky.a(queuebuf.o)
                0x000000000000509a                queuebuf_free
 .text.queuebuf_to_packetbuf
                0x00000000000050c4       0x32 build/sky/contiki-ng-sky.a(queuebuf.o)
                0x00000000000050c4                queuebuf_to_packetbuf
 .text.packetbuf_hdrreduce
                0x00000000000050f6       0x1a build/sky/contiki-ng-sky.a(packetbuf.o)
                0x00000000000050f6                packetbuf_hdrreduce
 .text.packetbuf_set_datalen
                0x0000000000005110        0x6 build/sky/contiki-ng-sky.a(packetbuf.o)
                0x0000000000005110                packetbuf_set_datalen
 .text.packetbuf_hdrptr
                0x0000000000005116        0x6 build/sky/contiki-ng-sky.a(packetbuf.o)
                0x0000000000005116                packetbuf_hdrptr
 .text.packetbuf_datalen
                0x000000000000511c        0x6 build/sky/contiki-ng-sky.a(packetbuf.o)
                0x000000000000511c                packetbuf_datalen
 .text.packetbuf_hdrlen
                0x0000000000005122        0xa build/sky/contiki-ng-sky.a(packetbuf.o)
                0x0000000000005122                packetbuf_hdrlen
 .text.packetbuf_dataptr
                0x000000000000512c        0xc build/sky/contiki-ng-sky.a(packetbuf.o)
                0x000000000000512c                packetbuf_dataptr
 .text.packetbuf_copyto
                0x0000000000005138       0x46 build/sky/contiki-ng-sky.a(packetbuf.o)
                0x0000000000005138                packetbuf_copyto
 .text.packetbuf_totlen
                0x000000000000517e        0xc build/sky/contiki-ng-sky.a(packetbuf.o)
                0x000000000000517e                packetbuf_totlen
 .text.packetbuf_hdralloc
                0x000000000000518a       0x3a build/sky/contiki-ng-sky.a(packetbuf.o)
                0x000000000000518a                packetbuf_hdralloc
 .text.packetbuf_attr_clear
                0x00000000000051c4       0x28 build/sky/contiki-ng-sky.a(packetbuf.o)
                0x00000000000051c4                packetbuf_attr_clear
 .text.packetbuf_clear
                0x00000000000051ec       0x12 build/sky/contiki-ng-sky.a(packetbuf.o)
                0x00000000000051ec                packetbuf_clear
 .text.packetbuf_copyfrom
                0x00000000000051fe       0x2e build/sky/contiki-ng-sky.a(packetbuf.o)
                0x00000000000051fe                packetbuf_copyfrom
 .text.packetbuf_attr_copyto
                0x000000000000522c       0x22 build/sky/contiki-ng-sky.a(packetbuf.o)
                0x000000000000522c                packetbuf_attr_copyto
 .text.packetbuf_attr_copyfrom
                0x000000000000524e       0x24 build/sky/contiki-ng-sky.a(packetbuf.o)
                0x000000000000524e                packetbuf_attr_copyfrom
 .text.packetbuf_set_attr
                0x0000000000005272        0xc build/sky/contiki-ng-sky.a(packetbuf.o)
                0x0000000000005272                packetbuf_set_attr
 .text.packetbuf_attr
                0x000000000000527e        0xa build/sky/contiki-ng-sky.a(packetbuf.o)
                0x000000000000527e                packetbuf_attr
 .text.packetbuf_set_addr
                0x0000000000005288       0x18 build/sky/contiki-ng-sky.a(packetbuf.o)
                0x0000000000005288                packetbuf_set_addr
 .text.packetbuf_addr
                0x00000000000052a0       0x12 build/sky/contiki-ng-sky.a(packetbuf.o)
                0x00000000000052a0                packetbuf_addr
 .text.packetbuf_holds_broadcast
                0x00000000000052b2        0xe build/sky/contiki-ng-sky.a(packetbuf.o)
                0x00000000000052b2                packetbuf_holds_broadcast
 .text.netstack_process_ip_callback
                0x00000000000052c0       0x52 build/sky/contiki-ng-sky.a(netstack.o)
                0x00000000000052c0                netstack_process_ip_callback
 .text.netstack_init
                0x0000000000005312        0xe build/sky/contiki-ng-sky.a(netstack.o)
                0x0000000000005312                netstack_init
 .text.linkaddr_copy
                0x0000000000005320        0x8 build/sky/contiki-ng-sky.a(linkaddr.o)
                0x0000000000005320                linkaddr_copy
 .text.linkaddr_cmp
                0x0000000000005328       0x12 build/sky/contiki-ng-sky.a(linkaddr.o)
                0x0000000000005328                linkaddr_cmp
 .text.linkaddr_set_node_addr
                0x000000000000533a        0xc build/sky/contiki-ng-sky.a(linkaddr.o)
                0x000000000000533a                linkaddr_set_node_addr
 .text.on       0x0000000000005346        0x6 build/sky/contiki-ng-sky.a(csma.o)
 .text.off      0x000000000000534c        0x6 build/sky/contiki-ng-sky.a(csma.o)
 .text.max_payload
                0x0000000000005352       0x16 build/sky/contiki-ng-sky.a(csma.o)
 .text.send_packet
                0x0000000000005368        0x6 build/sky/contiki-ng-sky.a(csma.o)
 .text.init     0x000000000000536e        0xa build/sky/contiki-ng-sky.a(csma.o)
 .text.input_packet
                0x0000000000005378       0x54 build/sky/contiki-ng-sky.a(csma.o)
 .text.schedule_transmission
                0x00000000000053cc       0x72 build/sky/contiki-ng-sky.a(csma-output.o)
 .text.tx_done  0x000000000000543e       0x9a build/sky/contiki-ng-sky.a(csma-output.o)
 .text.transmit_from_queue
                0x00000000000054d8      0x1ae build/sky/contiki-ng-sky.a(csma-output.o)
 .text.csma_output_packet
                0x0000000000005686      0x180 build/sky/contiki-ng-sky.a(csma-output.o)
                0x0000000000005686                csma_output_packet
 .text.csma_output_init
                0x0000000000005806       0x1a build/sky/contiki-ng-sky.a(csma-output.o)
                0x0000000000005806                csma_output_init
 .text.uip_ds6_default_prefix
                0x0000000000005820        0x6 build/sky/contiki-ng-sky.a(uip-ds6.o)
                0x0000000000005820                uip_ds6_default_prefix
 .text.uip_ds6_list_loop
                0x0000000000005826       0x92 build/sky/contiki-ng-sky.a(uip-ds6.o)
                0x0000000000005826                uip_ds6_list_loop
 .text.uip_ds6_prefix_add
                0x00000000000058b8       0x80 build/sky/contiki-ng-sky.a(uip-ds6.o)
                0x00000000000058b8                uip_ds6_prefix_add
 .text.uip_ds6_is_addr_onlink
                0x0000000000005938       0x54 build/sky/contiki-ng-sky.a(uip-ds6.o)
                0x0000000000005938                uip_ds6_is_addr_onlink
 .text.uip_ds6_addr_lookup
                0x000000000000598c       0x2a build/sky/contiki-ng-sky.a(uip-ds6.o)
                0x000000000000598c                uip_ds6_addr_lookup
 .text.uip_ds6_get_link_local
                0x00000000000059b6       0x3e build/sky/contiki-ng-sky.a(uip-ds6.o)
                0x00000000000059b6                uip_ds6_get_link_local
 .text.uip_ds6_maddr_add
                0x00000000000059f4       0x4c build/sky/contiki-ng-sky.a(uip-ds6.o)
                0x00000000000059f4                uip_ds6_maddr_add
 .text.uip_ds6_addr_add
                0x0000000000005a40       0xc4 build/sky/contiki-ng-sky.a(uip-ds6.o)
                0x0000000000005a40                uip_ds6_addr_add
 .text.uip_ds6_maddr_lookup
                0x0000000000005b04       0x2a build/sky/contiki-ng-sky.a(uip-ds6.o)
                0x0000000000005b04                uip_ds6_maddr_lookup
 .text.uip_ds6_addr_rm
                0x0000000000005b2e       0x54 build/sky/contiki-ng-sky.a(uip-ds6.o)
                0x0000000000005b2e                uip_ds6_addr_rm
 .text.uip_ds6_periodic
                0x0000000000005b82       0x46 build/sky/contiki-ng-sky.a(uip-ds6.o)
                0x0000000000005b82                uip_ds6_periodic
 .text.uip_ds6_set_addr_iid
                0x0000000000005bc8       0x14 build/sky/contiki-ng-sky.a(uip-ds6.o)
                0x0000000000005bc8                uip_ds6_set_addr_iid
 .text.uip_ds6_set_lladdr_from_iid
                0x0000000000005bdc       0x14 build/sky/contiki-ng-sky.a(uip-ds6.o)
                0x0000000000005bdc                uip_ds6_set_lladdr_from_iid
 .text.get_match_length
                0x0000000000005bf0       0x3e build/sky/contiki-ng-sky.a(uip-ds6.o)
                0x0000000000005bf0                get_match_length
 .text.uip_ds6_select_src
                0x0000000000005c2e       0xaa build/sky/contiki-ng-sky.a(uip-ds6.o)
                0x0000000000005c2e                uip_ds6_select_src
 .text.uip_ds6_compute_reachable_time
                0x0000000000005cd8       0x3e build/sky/contiki-ng-sky.a(uip-ds6.o)
                0x0000000000005cd8                uip_ds6_compute_reachable_time
 .text.uip_ds6_init
                0x0000000000005d16      0x164 build/sky/contiki-ng-sky.a(uip-ds6.o)
                0x0000000000005d16                uip_ds6_init
 .text.tcpip_output
                0x0000000000005e7a       0x22 build/sky/contiki-ng-sky.a(tcpip.o)
                0x0000000000005e7a                tcpip_output
 .text.udp_new  0x0000000000005e9c       0x1a build/sky/contiki-ng-sky.a(tcpip.o)
                0x0000000000005e9c                udp_new
 .text.tcpip_input
                0x0000000000005eb6       0x1e build/sky/contiki-ng-sky.a(tcpip.o)
                0x0000000000005eb6                tcpip_input
 .text.tcpip_ipv6_output
                0x0000000000005ed4      0x10a build/sky/contiki-ng-sky.a(tcpip.o)
                0x0000000000005ed4                tcpip_ipv6_output
 .text.packet_input.part.4
                0x0000000000005fde       0x12 build/sky/contiki-ng-sky.a(tcpip.o)
 .text.process_thread_tcpip_process
                0x0000000000005ff0       0xc8 build/sky/contiki-ng-sky.a(tcpip.o)
 .text.tcpip_uipcall
                0x00000000000060b8       0x2a build/sky/contiki-ng-sky.a(tcpip.o)
                0x00000000000060b8                tcpip_uipcall
 .text.uip_ds6_route_init
                0x00000000000060e2       0x12 build/sky/contiki-ng-sky.a(uip-ds6-route.o)
                0x00000000000060e2                uip_ds6_route_init
 .text.uip_ds6_route_nexthop
                0x00000000000060f4        0x4 build/sky/contiki-ng-sky.a(uip-ds6-route.o)
                0x00000000000060f4                uip_ds6_route_nexthop
 .text.uip_ds6_route_lookup
                0x00000000000060f8        0x4 build/sky/contiki-ng-sky.a(uip-ds6-route.o)
                0x00000000000060f8                uip_ds6_route_lookup
 .text.uip_ds6_route_rm
                0x00000000000060fc        0x2 build/sky/contiki-ng-sky.a(uip-ds6-route.o)
                0x00000000000060fc                uip_ds6_route_rm
 .text.uip_ds6_defrt_rm
                0x00000000000060fe       0x3c build/sky/contiki-ng-sky.a(uip-ds6-route.o)
                0x00000000000060fe                uip_ds6_defrt_rm
 .text.uip_ds6_defrt_lookup
                0x000000000000613a       0x3e build/sky/contiki-ng-sky.a(uip-ds6-route.o)
                0x000000000000613a                uip_ds6_defrt_lookup
 .text.uip_ds6_defrt_add
                0x0000000000006178       0x72 build/sky/contiki-ng-sky.a(uip-ds6-route.o)
                0x0000000000006178                uip_ds6_defrt_add
 .text.uip_ds6_defrt_choose
                0x00000000000061ea       0x3a build/sky/contiki-ng-sky.a(uip-ds6-route.o)
                0x00000000000061ea                uip_ds6_defrt_choose
 .text.uip_ds6_defrt_periodic
                0x0000000000006224       0x38 build/sky/contiki-ng-sky.a(uip-ds6-route.o)
                0x0000000000006224                uip_ds6_defrt_periodic
 .text.uip_ds6_nbr_rm
                0x000000000000625c       0x1e build/sky/contiki-ng-sky.a(uip-ds6-nbr.o)
                0x000000000000625c                uip_ds6_nbr_rm
 .text.uip_ds6_neighbors_init
                0x000000000000627a       0x12 build/sky/contiki-ng-sky.a(uip-ds6-nbr.o)
                0x000000000000627a                uip_ds6_neighbors_init
 .text.uip_ds6_nbr_add
                0x000000000000628c       0x3e build/sky/contiki-ng-sky.a(uip-ds6-nbr.o)
                0x000000000000628c                uip_ds6_nbr_add
 .text.uip_ds6_nbr_get_ll
                0x00000000000062ca        0xc build/sky/contiki-ng-sky.a(uip-ds6-nbr.o)
                0x00000000000062ca                uip_ds6_nbr_get_ll
 .text.uip_ds6_nbr_head
                0x00000000000062d6        0xa build/sky/contiki-ng-sky.a(uip-ds6-nbr.o)
                0x00000000000062d6                uip_ds6_nbr_head
 .text.uip_ds6_nbr_next
                0x00000000000062e0        0xc build/sky/contiki-ng-sky.a(uip-ds6-nbr.o)
                0x00000000000062e0                uip_ds6_nbr_next
 .text.uip_ds6_nbr_lookup
                0x00000000000062ec       0x38 build/sky/contiki-ng-sky.a(uip-ds6-nbr.o)
                0x00000000000062ec                uip_ds6_nbr_lookup
 .text.uip_ds6_nbr_ll_lookup
                0x0000000000006324        0xc build/sky/contiki-ng-sky.a(uip-ds6-nbr.o)
                0x0000000000006324                uip_ds6_nbr_ll_lookup
 .text.uip_ds6_nbr_update_ll
                0x0000000000006330       0x76 build/sky/contiki-ng-sky.a(uip-ds6-nbr.o)
                0x0000000000006330                uip_ds6_nbr_update_ll
 .text.uip_ds6_nbr_ipaddr_from_lladdr
                0x00000000000063a6        0x6 build/sky/contiki-ng-sky.a(uip-ds6-nbr.o)
                0x00000000000063a6                uip_ds6_nbr_ipaddr_from_lladdr
 .text.uip_ds6_nbr_lladdr_from_ipaddr
                0x00000000000063ac       0x12 build/sky/contiki-ng-sky.a(uip-ds6-nbr.o)
                0x00000000000063ac                uip_ds6_nbr_lladdr_from_ipaddr
 .text.uip_ds6_link_callback
                0x00000000000063be        0x2 build/sky/contiki-ng-sky.a(uip-ds6-nbr.o)
                0x00000000000063be                uip_ds6_link_callback
 .text.chksum   0x00000000000063c0       0x32 build/sky/contiki-ng-sky.a(uip6.o)
 .text.upper_layer_chksum
                0x00000000000063f2       0x5a build/sky/contiki-ng-sky.a(uip6.o)
 .text.unlikely.ext_hdr_options_process
                0x000000000000644c       0xb4 build/sky/contiki-ng-sky.a(uip6.o)
 .text.unlikely.uip_update_ttl
                0x0000000000006500       0x24 build/sky/contiki-ng-sky.a(uip6.o)
 .text.uip_icmp6chksum
                0x0000000000006524        0xa build/sky/contiki-ng-sky.a(uip6.o)
                0x0000000000006524                uip_icmp6chksum
 .text.uip_udpchksum
                0x000000000000652e        0xa build/sky/contiki-ng-sky.a(uip6.o)
                0x000000000000652e                uip_udpchksum
 .text.uip_init
                0x0000000000006538       0x3c build/sky/contiki-ng-sky.a(uip6.o)
                0x0000000000006538                uip_init
 .text.uip_remove_ext_hdr
                0x0000000000006574       0x5e build/sky/contiki-ng-sky.a(uip6.o)
                0x0000000000006574                uip_remove_ext_hdr
 .text.uip_udp_new
                0x00000000000065d2       0xaa build/sky/contiki-ng-sky.a(uip6.o)
                0x00000000000065d2                uip_udp_new
 .text.uip_process
                0x000000000000667c      0x514 build/sky/contiki-ng-sky.a(uip6.o)
                0x000000000000667c                uip_process
 .text.uip_htonl
                0x0000000000006b90       0x2e build/sky/contiki-ng-sky.a(uip6.o)
                0x0000000000006b90                uip_htonl
 .text.ns_input
                0x0000000000006bbe      0x284 build/sky/contiki-ng-sky.a(uip-nd6.o)
 .text.uip_nd6_init
                0x0000000000006e42        0xa build/sky/contiki-ng-sky.a(uip-nd6.o)
                0x0000000000006e42                uip_nd6_init
 .text.process_thread_simple_udp_process
                0x0000000000006e4c       0xba build/sky/contiki-ng-sky.a(simple-udp.o)
 .text.simple_udp_register
                0x0000000000006f06       0x9e build/sky/contiki-ng-sky.a(simple-udp.o)
                0x0000000000006f06                simple_udp_register
 .text.clear_fragments
                0x0000000000006fa4       0x42 build/sky/contiki-ng-sky.a(sicslowpan.o)
 .text.addr_context_lookup_by_number
                0x0000000000006fe6       0x1a build/sky/contiki-ng-sky.a(sicslowpan.o)
 .text.sicslowpan_init
                0x0000000000007000       0x18 build/sky/contiki-ng-sky.a(sicslowpan.o)
                0x0000000000007000                sicslowpan_init
 .text.set_packet_attrs
                0x0000000000007018       0x66 build/sky/contiki-ng-sky.a(sicslowpan.o)
 .text.compress_addr_64
                0x000000000000707e       0xae build/sky/contiki-ng-sky.a(sicslowpan.o)
 .text.addr_context_lookup_by_prefix
                0x000000000000712c       0x24 build/sky/contiki-ng-sky.a(sicslowpan.o)
 .text.send_packet
                0x0000000000007150       0x1a build/sky/contiki-ng-sky.a(sicslowpan.o)
 .text.packet_sent
                0x000000000000716a       0x56 build/sky/contiki-ng-sky.a(sicslowpan.o)
 .text.store_fragment
                0x00000000000071c0       0xc8 build/sky/contiki-ng-sky.a(sicslowpan.o)
 .text.add_fragment
                0x0000000000007288      0x200 build/sky/contiki-ng-sky.a(sicslowpan.o)
 .text.uncompress_addr
                0x0000000000007488       0xb4 build/sky/contiki-ng-sky.a(sicslowpan.o)
 .text.fragment_copy_payload_and_send
                0x000000000000753c       0x64 build/sky/contiki-ng-sky.a(sicslowpan.o)
 .text.output   0x00000000000075a0      0x7fa build/sky/contiki-ng-sky.a(sicslowpan.o)
 .text.input    0x0000000000007d9a      0x892 build/sky/contiki-ng-sky.a(sicslowpan.o)
 .text.uiplib_ipaddr_snprint
                0x000000000000862c      0x12a build/sky/contiki-ng-sky.a(uiplib.o)
                0x000000000000862c                uiplib_ipaddr_snprint
 .text.rpl_has_joined
                0x0000000000008756       0x16 build/sky/contiki-ng-sky.a(rpl.o)
                0x0000000000008756                rpl_has_joined
 .text.rpl_is_reachable
                0x000000000000876c       0x16 build/sky/contiki-ng-sky.a(rpl.o)
                0x000000000000876c                rpl_is_reachable
 .text.neighbor_state_changed
                0x0000000000008782        0x2 build/sky/contiki-ng-sky.a(rpl.o)
 .text.drop_route
                0x0000000000008784        0x2 build/sky/contiki-ng-sky.a(rpl.o)
 .text.get_sr_node_ipaddr
                0x0000000000008786       0x34 build/sky/contiki-ng-sky.a(rpl.o)
 .text.init     0x00000000000087ba       0x42 build/sky/contiki-ng-sky.a(rpl.o)
 .text.set_ip_from_prefix
                0x00000000000087fc       0x38 build/sky/contiki-ng-sky.a(rpl.o)
 .text.rpl_link_callback
                0x0000000000008834       0x1e build/sky/contiki-ng-sky.a(rpl.o)
                0x0000000000008834                rpl_link_callback
 .text.rpl_lollipop_greater_than
                0x0000000000008852       0x44 build/sky/contiki-ng-sky.a(rpl.o)
                0x0000000000008852                rpl_lollipop_greater_than
 .text.rpl_get_global_address
                0x0000000000008896       0xba build/sky/contiki-ng-sky.a(rpl.o)
                0x0000000000008896                rpl_get_global_address
 .text.rpl_reset_prefix
                0x0000000000008950       0x24 build/sky/contiki-ng-sky.a(rpl.o)
                0x0000000000008950                rpl_reset_prefix
 .text.rpl_set_prefix_from_addr
                0x0000000000008974       0x92 build/sky/contiki-ng-sky.a(rpl.o)
                0x0000000000008974                rpl_set_prefix_from_addr
 .text.rpl_get_leaf_only
                0x0000000000008a06        0x6 build/sky/contiki-ng-sky.a(rpl.o)
                0x0000000000008a06                rpl_get_leaf_only
 .text.get32    0x0000000000008a0c       0x46 build/sky/contiki-ng-sky.a(rpl-icmp6.o)
 .text.set32    0x0000000000008a52       0x2a build/sky/contiki-ng-sky.a(rpl-icmp6.o)
 .text.get16    0x0000000000008a7c        0xe build/sky/contiki-ng-sky.a(rpl-icmp6.o)
 .text.set16    0x0000000000008a8a       0x10 build/sky/contiki-ng-sky.a(rpl-icmp6.o)
 .text.dao_ack_input
                0x0000000000008a9a       0x2a build/sky/contiki-ng-sky.a(rpl-icmp6.o)
 .text.dao_input
                0x0000000000008ac4      0x14c build/sky/contiki-ng-sky.a(rpl-icmp6.o)
 .text.dio_input
                0x0000000000008c10      0x2a0 build/sky/contiki-ng-sky.a(rpl-icmp6.o)
 .text.dis_input
                0x0000000000008eb0       0x1e build/sky/contiki-ng-sky.a(rpl-icmp6.o)
 .text.rpl_icmp6_update_nbr_table
                0x0000000000008ece       0x36 build/sky/contiki-ng-sky.a(rpl-icmp6.o)
                0x0000000000008ece                rpl_icmp6_update_nbr_table
 .text.rpl_icmp6_dis_output
                0x0000000000008f04       0x34 build/sky/contiki-ng-sky.a(rpl-icmp6.o)
                0x0000000000008f04                rpl_icmp6_dis_output
 .text.rpl_icmp6_dio_output
                0x0000000000008f38      0x232 build/sky/contiki-ng-sky.a(rpl-icmp6.o)
                0x0000000000008f38                rpl_icmp6_dio_output
 .text.rpl_icmp6_dao_output
                0x000000000000916a       0xe4 build/sky/contiki-ng-sky.a(rpl-icmp6.o)
                0x000000000000916a                rpl_icmp6_dao_output
 .text.rpl_icmp6_dao_ack_output
                0x000000000000924e       0x44 build/sky/contiki-ng-sky.a(rpl-icmp6.o)
                0x000000000000924e                rpl_icmp6_dao_ack_output
 .text.rpl_icmp6_init
                0x0000000000009292       0x22 build/sky/contiki-ng-sky.a(rpl-icmp6.o)
                0x0000000000009292                rpl_icmp6_init
 .text.init_dag
                0x00000000000092b4       0x80 build/sky/contiki-ng-sky.a(rpl-dag.o)
 .text.init_dag_from_dio
                0x0000000000009334       0x96 build/sky/contiki-ng-sky.a(rpl-dag.o)
 .text.rpl_dag_get_root_ipaddr
                0x00000000000093ca       0x22 build/sky/contiki-ng-sky.a(rpl-dag.o)
                0x00000000000093ca                rpl_dag_get_root_ipaddr
 .text.rpl_dag_leave
                0x00000000000093ec       0x4c build/sky/contiki-ng-sky.a(rpl-dag.o)
                0x00000000000093ec                rpl_dag_leave
 .text.rpl_dag_poison_and_leave
                0x0000000000009438        0xc build/sky/contiki-ng-sky.a(rpl-dag.o)
                0x0000000000009438                rpl_dag_poison_and_leave
 .text.rpl_dag_periodic
                0x0000000000009444       0x6a build/sky/contiki-ng-sky.a(rpl-dag.o)
                0x0000000000009444                rpl_dag_periodic
 .text.rpl_is_addr_in_our_dag
                0x00000000000094ae       0x34 build/sky/contiki-ng-sky.a(rpl-dag.o)
                0x00000000000094ae                rpl_is_addr_in_our_dag
 .text.rpl_local_repair
                0x00000000000094e2       0x2a build/sky/contiki-ng-sky.a(rpl-dag.o)
                0x00000000000094e2                rpl_local_repair
 .text.rpl_global_repair
                0x000000000000950c       0x2e build/sky/contiki-ng-sky.a(rpl-dag.o)
                0x000000000000950c                rpl_global_repair
 .text.rpl_dag_ready_to_advertise
                0x000000000000953a       0x26 build/sky/contiki-ng-sky.a(rpl-dag.o)
                0x000000000000953a                rpl_dag_ready_to_advertise
 .text.rpl_dag_update_state
                0x0000000000009560      0x138 build/sky/contiki-ng-sky.a(rpl-dag.o)
                0x0000000000009560                rpl_dag_update_state
 .text.rpl_process_dio
                0x0000000000009698      0x1c4 build/sky/contiki-ng-sky.a(rpl-dag.o)
                0x0000000000009698                rpl_process_dio
 .text.rpl_process_dis
                0x000000000000985c       0x2a build/sky/contiki-ng-sky.a(rpl-dag.o)
                0x000000000000985c                rpl_process_dis
 .text.rpl_process_dao
                0x0000000000009886       0x66 build/sky/contiki-ng-sky.a(rpl-dag.o)
                0x0000000000009886                rpl_process_dao
 .text.rpl_process_dao_ack
                0x00000000000098ec       0x54 build/sky/contiki-ng-sky.a(rpl-dag.o)
                0x00000000000098ec                rpl_process_dao_ack
 .text.rpl_process_hbh
                0x0000000000009940       0x2e build/sky/contiki-ng-sky.a(rpl-dag.o)
                0x0000000000009940                rpl_process_hbh
 .text.rpl_dag_init_root
                0x000000000000996e       0xbe build/sky/contiki-ng-sky.a(rpl-dag.o)
                0x000000000000996e                rpl_dag_init_root
 .text.rpl_dag_init
                0x0000000000009a2c       0x10 build/sky/contiki-ng-sky.a(rpl-dag.o)
                0x0000000000009a2c                rpl_dag_init
 .text.rpl_dag_root_set_prefix
                0x0000000000009a3c       0x62 build/sky/contiki-ng-sky.a(rpl-dag-root.o)
                0x0000000000009a3c                rpl_dag_root_set_prefix
 .text.rpl_dag_root_start
                0x0000000000009a9e       0x8c build/sky/contiki-ng-sky.a(rpl-dag-root.o)
                0x0000000000009a9e                rpl_dag_root_start
 .text.rpl_dag_root_is_root
                0x0000000000009b2a       0x18 build/sky/contiki-ng-sky.a(rpl-dag-root.o)
                0x0000000000009b2a                rpl_dag_root_is_root
 .text.init_platform
                0x0000000000009b42        0xc build/sky/contiki-ng-sky.a(contiki-sky-pla)
                0x0000000000009b42                init_platform
 .text.status   0x0000000000009b4e       0x16 build/sky/contiki-ng-sky.a(button-sensor.o)
 .text.configure
                0x0000000000009b64       0x52 build/sky/contiki-ng-sky.a(button-sensor.o)
 .text.value    0x0000000000009bb6       0x22 build/sky/contiki-ng-sky.a(button-sensor.o)
 .text.irq_p2   0x0000000000009bd8       0x48 build/sky/contiki-ng-sky.a(button-sensor.o)
                0x0000000000009bd8                irq_p2
                0x0000000000009bd8                __isr_1
 .text.owreadb  0x0000000000009c20       0x52 build/sky/contiki-ng-sky.a(ds2411.o)
 .text.ds2411_init
                0x0000000000009c72      0x122 build/sky/contiki-ng-sky.a(ds2411.o)
                0x0000000000009c72                ds2411_init
 .text.xmem_init
                0x0000000000009d94       0x3e build/sky/contiki-ng-sky.a(xmem.o)
                0x0000000000009d94                xmem_init
 .text.process_thread_sensors_process
                0x0000000000009dd2       0xbe build/sky/contiki-ng-sky.a(sensors.o)
 .text.sensors_changed
                0x0000000000009e90       0x2a build/sky/contiki-ng-sky.a(sensors.o)
                0x0000000000009e90                sensors_changed
 .text.get_object
                0x0000000000009eba        0x4 build/sky/contiki-ng-sky.a(cc2420.o)
 .text.set_object
                0x0000000000009ebe        0x4 build/sky/contiki-ng-sky.a(cc2420.o)
 .text.strobe   0x0000000000009ec2       0x20 build/sky/contiki-ng-sky.a(cc2420.o)
 .text.getreg   0x0000000000009ee2       0x54 build/sky/contiki-ng-sky.a(cc2420.o)
 .text.setreg   0x0000000000009f36       0x52 build/sky/contiki-ng-sky.a(cc2420.o)
 .text.write_ram
                0x0000000000009f88       0x80 build/sky/contiki-ng-sky.a(cc2420.o)
 .text.write_fifo_buf
                0x000000000000a008       0x40 build/sky/contiki-ng-sky.a(cc2420.o)
 .text.get_status
                0x000000000000a048       0x24 build/sky/contiki-ng-sky.a(cc2420.o)
 .text.on       0x000000000000a06c       0x1a build/sky/contiki-ng-sky.a(cc2420.o)
 .text.cc2420_receiving_packet
                0x000000000000a086        0xe build/sky/contiki-ng-sky.a(cc2420.o)
 .text.pending_packet
                0x000000000000a094        0x8 build/sky/contiki-ng-sky.a(cc2420.o)
 .text.wait_for_transmission
                0x000000000000a09c       0x22 build/sky/contiki-ng-sky.a(cc2420.o)
 .text.wait_for_status
                0x000000000000a0be       0x2a build/sky/contiki-ng-sky.a(cc2420.o)
 .text.getrxdata
                0x000000000000a0e8       0x56 build/sky/contiki-ng-sky.a(cc2420.o)
 .text.flushrx  0x000000000000a13e       0x1a build/sky/contiki-ng-sky.a(cc2420.o)
 .text.off      0x000000000000a158       0x2c build/sky/contiki-ng-sky.a(cc2420.o)
 .text.RELEASE_LOCK
                0x000000000000a184       0x28 build/sky/contiki-ng-sky.a(cc2420.o)
 .text.set_key  0x000000000000a1ac       0x18 build/sky/contiki-ng-sky.a(cc2420.o)
 .text.set_frame_filtering
                0x000000000000a1c4       0x30 build/sky/contiki-ng-sky.a(cc2420.o)
 .text.set_auto_ack
                0x000000000000a1f4       0x30 build/sky/contiki-ng-sky.a(cc2420.o)
 .text.set_poll_mode
                0x000000000000a224       0x36 build/sky/contiki-ng-sky.a(cc2420.o)
 .text.cc2420_prepare
                0x000000000000a25a       0x3c build/sky/contiki-ng-sky.a(cc2420.o)
 .text.cc2420_on
                0x000000000000a296       0x22 build/sky/contiki-ng-sky.a(cc2420.o)
                0x000000000000a296                cc2420_on
 .text.cc2420_transmit
                0x000000000000a2b8       0x62 build/sky/contiki-ng-sky.a(cc2420.o)
 .text.cc2420_send
                0x000000000000a31a       0x12 build/sky/contiki-ng-sky.a(cc2420.o)
 .text.cc2420_off
                0x000000000000a32c       0x30 build/sky/contiki-ng-sky.a(cc2420.o)
                0x000000000000a32c                cc2420_off
 .text.cc2420_cca
                0x000000000000a35c       0x5e build/sky/contiki-ng-sky.a(cc2420.o)
 .text.cc2420_read
                0x000000000000a3ba       0xc2 build/sky/contiki-ng-sky.a(cc2420.o)
 .text.process_thread_cc2420_process
                0x000000000000a47c       0x5e build/sky/contiki-ng-sky.a(cc2420.o)
 .text.encrypt  0x000000000000a4da       0x8e build/sky/contiki-ng-sky.a(cc2420.o)
 .text.cc2420_set_channel
                0x000000000000a568       0x3c build/sky/contiki-ng-sky.a(cc2420.o)
                0x000000000000a568                cc2420_set_channel
 .text.cc2420_set_pan_addr
                0x000000000000a5a4       0x4c build/sky/contiki-ng-sky.a(cc2420.o)
                0x000000000000a5a4                cc2420_set_pan_addr
 .text.cc2420_interrupt
                0x000000000000a5f0       0x18 build/sky/contiki-ng-sky.a(cc2420.o)
                0x000000000000a5f0                cc2420_interrupt
 .text.cc2420_set_txpower
                0x000000000000a608       0x2e build/sky/contiki-ng-sky.a(cc2420.o)
                0x000000000000a608                cc2420_set_txpower
 .text.cc2420_get_txpower
                0x000000000000a636       0x1e build/sky/contiki-ng-sky.a(cc2420.o)
                0x000000000000a636                cc2420_get_txpower
 .text.cc2420_rssi
                0x000000000000a654       0x4c build/sky/contiki-ng-sky.a(cc2420.o)
                0x000000000000a654                cc2420_rssi
 .text.get_value
                0x000000000000a6a0      0x11a build/sky/contiki-ng-sky.a(cc2420.o)
 .text.cc2420_set_cca_threshold
                0x000000000000a7ba       0x16 build/sky/contiki-ng-sky.a(cc2420.o)
                0x000000000000a7ba                cc2420_set_cca_threshold
 .text.set_value
                0x000000000000a7d0      0x152 build/sky/contiki-ng-sky.a(cc2420.o)
 .text.cc2420_init
                0x000000000000a922       0xf0 build/sky/contiki-ng-sky.a(cc2420.o)
                0x000000000000a922                cc2420_init
 .text.cc2420_port1_interrupt
                0x000000000000aa12       0x20 build/sky/contiki-ng-sky.a(cc2420-arch.o)
                0x000000000000aa12                __isr_4
                0x000000000000aa12                cc2420_port1_interrupt
 .text.cc2420_arch_init
                0x000000000000aa32       0x1a build/sky/contiki-ng-sky.a(cc2420-arch.o)
                0x000000000000aa32                cc2420_arch_init
 .text.uart1_active
                0x000000000000aa4c       0x1a build/sky/contiki-ng-sky.a(uart1.o)
                0x000000000000aa4c                uart1_active
 .text.uart1_writeb
                0x000000000000aa66       0x1a build/sky/contiki-ng-sky.a(uart1.o)
                0x000000000000aa66                uart1_writeb
 .text.uart1_init
                0x000000000000aa80       0xf6 build/sky/contiki-ng-sky.a(uart1.o)
                0x000000000000aa80                uart1_init
 .text.timera0  0x000000000000ab76       0x2e build/sky/contiki-ng-sky.a(rtimer-arch.o)
                0x000000000000ab76                __isr_6
                0x000000000000ab76                timera0
 .text.rtimer_arch_init
                0x000000000000aba4        0xe build/sky/contiki-ng-sky.a(rtimer-arch.o)
                0x000000000000aba4                rtimer_arch_init
 .text.rtimer_arch_now
                0x000000000000abb2        0xe build/sky/contiki-ng-sky.a(rtimer-arch.o)
                0x000000000000abb2                rtimer_arch_now
 .text.rtimer_arch_schedule
                0x000000000000abc0        0x6 build/sky/contiki-ng-sky.a(rtimer-arch.o)
                0x000000000000abc0                rtimer_arch_schedule
 .text.stimer_set
                0x000000000000abc6       0x1c build/sky/contiki-ng-sky.a(stimer.o)
                0x000000000000abc6                stimer_set
 .text.stimer_expired
                0x000000000000abe2       0x30 build/sky/contiki-ng-sky.a(stimer.o)
                0x000000000000abe2                stimer_expired
 .text.memb_init
                0x000000000000ac12       0x36 build/sky/contiki-ng-sky.a(memb.o)
                0x000000000000ac12                memb_init
 .text.memb_alloc
                0x000000000000ac48       0x3e build/sky/contiki-ng-sky.a(memb.o)
                0x000000000000ac48                memb_alloc
 .text.memb_free
                0x000000000000ac86       0x3a build/sky/contiki-ng-sky.a(memb.o)
                0x000000000000ac86                memb_free
 .text.memb_inmemb
                0x000000000000acc0       0x2e build/sky/contiki-ng-sky.a(memb.o)
                0x000000000000acc0                memb_inmemb
 .text.memb_numfree
                0x000000000000acee       0x26 build/sky/contiki-ng-sky.a(memb.o)
                0x000000000000acee                memb_numfree
 .text.index_from_key
                0x000000000000ad14       0x48 build/sky/contiki-ng-sky.a(nbr-table.o)
 .text.item_from_key
                0x000000000000ad5c       0x34 build/sky/contiki-ng-sky.a(nbr-table.o)
 .text.nbr_set_bit
                0x000000000000ad90       0x8e build/sky/contiki-ng-sky.a(nbr-table.o)
 .text.index_from_lladdr
                0x000000000000ae1e       0x42 build/sky/contiki-ng-sky.a(nbr-table.o)
 .text.nbr_get_bit.constprop.0
                0x000000000000ae60       0x62 build/sky/contiki-ng-sky.a(nbr-table.o)
 .text.nbr_table_is_registered
                0x000000000000aec2       0x26 build/sky/contiki-ng-sky.a(nbr-table.o)
                0x000000000000aec2                nbr_table_is_registered
 .text.nbr_table_register
                0x000000000000aee8       0x42 build/sky/contiki-ng-sky.a(nbr-table.o)
                0x000000000000aee8                nbr_table_register
 .text.nbr_table_next
                0x000000000000af2a       0x90 build/sky/contiki-ng-sky.a(nbr-table.o)
                0x000000000000af2a                nbr_table_next
 .text.nbr_table_head
                0x000000000000afba       0x36 build/sky/contiki-ng-sky.a(nbr-table.o)
                0x000000000000afba                nbr_table_head
 .text.nbr_table_add_lladdr
                0x000000000000aff0      0x180 build/sky/contiki-ng-sky.a(nbr-table.o)
                0x000000000000aff0                nbr_table_add_lladdr
 .text.nbr_table_get_from_lladdr
                0x000000000000b170       0x48 build/sky/contiki-ng-sky.a(nbr-table.o)
                0x000000000000b170                nbr_table_get_from_lladdr
 .text.nbr_table_remove
                0x000000000000b1b8       0x32 build/sky/contiki-ng-sky.a(nbr-table.o)
                0x000000000000b1b8                nbr_table_remove
 .text.nbr_table_lock
                0x000000000000b1ea       0x10 build/sky/contiki-ng-sky.a(nbr-table.o)
                0x000000000000b1ea                nbr_table_lock
 .text.nbr_table_unlock
                0x000000000000b1fa       0x10 build/sky/contiki-ng-sky.a(nbr-table.o)
                0x000000000000b1fa                nbr_table_unlock
 .text.nbr_table_get_lladdr
                0x000000000000b20a       0x5a build/sky/contiki-ng-sky.a(nbr-table.o)
                0x000000000000b20a                nbr_table_get_lladdr
 .text.periodic
                0x000000000000b264       0x28 build/sky/contiki-ng-sky.a(link-stats.o)
 .text.link_stats_from_lladdr
                0x000000000000b28c        0xc build/sky/contiki-ng-sky.a(link-stats.o)
                0x000000000000b28c                link_stats_from_lladdr
 .text.link_stats_is_fresh
                0x000000000000b298       0x2e build/sky/contiki-ng-sky.a(link-stats.o)
                0x000000000000b298                link_stats_is_fresh
 .text.guess_etx_from_rssi
                0x000000000000b2c6       0x42 build/sky/contiki-ng-sky.a(link-stats.o)
                0x000000000000b2c6                guess_etx_from_rssi
 .text.link_stats_packet_sent
                0x000000000000b308       0xde build/sky/contiki-ng-sky.a(link-stats.o)
                0x000000000000b308                link_stats_packet_sent
 .text.link_stats_input_callback
                0x000000000000b3e6       0xb6 build/sky/contiki-ng-sky.a(link-stats.o)
                0x000000000000b3e6                link_stats_input_callback
 .text.link_stats_reset
                0x000000000000b49c       0x2a build/sky/contiki-ng-sky.a(link-stats.o)
                0x000000000000b49c                link_stats_reset
 .text.link_stats_init
                0x000000000000b4c6       0x22 build/sky/contiki-ng-sky.a(link-stats.o)
                0x000000000000b4c6                link_stats_init
 .text.mac_sequence_is_duplicate
                0x000000000000b4e8       0x78 build/sky/contiki-ng-sky.a(mac-sequence.o)
                0x000000000000b4e8                mac_sequence_is_duplicate
 .text.mac_sequence_register_seqno
                0x000000000000b560       0x98 build/sky/contiki-ng-sky.a(mac-sequence.o)
                0x000000000000b560                mac_sequence_register_seqno
 .text.mac_call_sent_callback
                0x000000000000b5f8       0x14 build/sky/contiki-ng-sky.a(mac.o)
                0x000000000000b5f8                mac_call_sent_callback
 .text.parse    0x000000000000b60c       0xa0 build/sky/contiki-ng-sky.a(framer-802154.o)
 .text.framer_802154_setup_params
                0x000000000000b6ac       0xb8 build/sky/contiki-ng-sky.a(framer-802154.o)
                0x000000000000b6ac                framer_802154_setup_params
 .text.create_frame
                0x000000000000b764       0xde build/sky/contiki-ng-sky.a(framer-802154.o)
 .text.create   0x000000000000b842        0x8 build/sky/contiki-ng-sky.a(framer-802154.o)
 .text.hdr_length
                0x000000000000b84a        0x8 build/sky/contiki-ng-sky.a(framer-802154.o)
 .text.frame802154_get_pan_id
                0x000000000000b852        0x6 build/sky/contiki-ng-sky.a(frame802154.o)
                0x000000000000b852                frame802154_get_pan_id
 .text.frame802154_has_panid
                0x000000000000b858       0xdc build/sky/contiki-ng-sky.a(frame802154.o)
                0x000000000000b858                frame802154_has_panid
 .text.field_len
                0x000000000000b934       0xb2 build/sky/contiki-ng-sky.a(frame802154.o)
 .text.frame802154_is_broadcast_addr
                0x000000000000b9e6       0x24 build/sky/contiki-ng-sky.a(frame802154.o)
                0x000000000000b9e6                frame802154_is_broadcast_addr
 .text.frame802154_hdrlen
                0x000000000000ba0a       0x32 build/sky/contiki-ng-sky.a(frame802154.o)
                0x000000000000ba0a                frame802154_hdrlen
 .text.frame802154_create_fcf
                0x000000000000ba3c       0x96 build/sky/contiki-ng-sky.a(frame802154.o)
                0x000000000000ba3c                frame802154_create_fcf
 .text.frame802154_create
                0x000000000000bad2       0xe4 build/sky/contiki-ng-sky.a(frame802154.o)
                0x000000000000bad2                frame802154_create
 .text.frame802154_parse_fcf
                0x000000000000bbb6       0xbe build/sky/contiki-ng-sky.a(frame802154.o)
                0x000000000000bbb6                frame802154_parse_fcf
 .text.frame802154_parse
                0x000000000000bc74      0x18c build/sky/contiki-ng-sky.a(frame802154.o)
                0x000000000000bc74                frame802154_parse
 .text.csma_security_create_frame
                0x000000000000be00       0x10 build/sky/contiki-ng-sky.a(csma-security.o)
                0x000000000000be00                csma_security_create_frame
 .text.csma_security_parse_frame
                0x000000000000be10        0x6 build/sky/contiki-ng-sky.a(csma-security.o)
                0x000000000000be10                csma_security_parse_frame
 .text.uipbuf_add_ext_hdr
                0x000000000000be16       0x1c build/sky/contiki-ng-sky.a(uipbuf.o)
                0x000000000000be16                uipbuf_add_ext_hdr
 .text.uipbuf_set_len
                0x000000000000be32       0x12 build/sky/contiki-ng-sky.a(uipbuf.o)
                0x000000000000be32                uipbuf_set_len
 .text.uipbuf_set_len_field
                0x000000000000be44        0xe build/sky/contiki-ng-sky.a(uipbuf.o)
                0x000000000000be44                uipbuf_set_len_field
 .text.uipbuf_get_len_field
                0x000000000000be52        0xe build/sky/contiki-ng-sky.a(uipbuf.o)
                0x000000000000be52                uipbuf_get_len_field
 .text.uipbuf_get_next_header
                0x000000000000be60       0x62 build/sky/contiki-ng-sky.a(uipbuf.o)
                0x000000000000be60                uipbuf_get_next_header
 .text.uipbuf_get_last_header
                0x000000000000bec2       0x7a build/sky/contiki-ng-sky.a(uipbuf.o)
                0x000000000000bec2                uipbuf_get_last_header
 .text.uipbuf_search_header
                0x000000000000bf3c       0x88 build/sky/contiki-ng-sky.a(uipbuf.o)
                0x000000000000bf3c                uipbuf_search_header
 .text.uipbuf_get_attr
                0x000000000000bfc4       0x14 build/sky/contiki-ng-sky.a(uipbuf.o)
                0x000000000000bfc4                uipbuf_get_attr
 .text.uipbuf_clear_attr
                0x000000000000bfd8       0x12 build/sky/contiki-ng-sky.a(uipbuf.o)
                0x000000000000bfd8                uipbuf_clear_attr
 .text.uipbuf_clear
                0x000000000000bfea       0x12 build/sky/contiki-ng-sky.a(uipbuf.o)
                0x000000000000bfea                uipbuf_clear
 .text.uipbuf_init
                0x000000000000bffc       0x1a build/sky/contiki-ng-sky.a(uipbuf.o)
                0x000000000000bffc                uipbuf_init
 .text.echo_reply_input
                0x000000000000c016       0x68 build/sky/contiki-ng-sky.a(uip-icmp6.o)
 .text.echo_request_input
                0x000000000000c07e       0x86 build/sky/contiki-ng-sky.a(uip-icmp6.o)
 .text.uip_icmp6_input
                0x000000000000c104       0x44 build/sky/contiki-ng-sky.a(uip-icmp6.o)
                0x000000000000c104                uip_icmp6_input
 .text.uip_icmp6_register_input_handler
                0x000000000000c148        0xc build/sky/contiki-ng-sky.a(uip-icmp6.o)
                0x000000000000c148                uip_icmp6_register_input_handler
 .text.uip_icmp6_error_output
                0x000000000000c154      0x146 build/sky/contiki-ng-sky.a(uip-icmp6.o)
                0x000000000000c154                uip_icmp6_error_output
 .text.uip_icmp6_send
                0x000000000000c29a       0x94 build/sky/contiki-ng-sky.a(uip-icmp6.o)
                0x000000000000c29a                uip_icmp6_send
 .text.uip_icmp6_init
                0x000000000000c32e       0x12 build/sky/contiki-ng-sky.a(uip-icmp6.o)
                0x000000000000c32e                uip_icmp6_init
 .text.uip_sr_get_node
                0x000000000000c340       0x54 build/sky/contiki-ng-sky.a(uip-sr.o)
                0x000000000000c340                uip_sr_get_node
 .text.uip_sr_is_addr_reachable
                0x000000000000c394       0x4e build/sky/contiki-ng-sky.a(uip-sr.o)
                0x000000000000c394                uip_sr_is_addr_reachable
 .text.uip_sr_expire_parent
                0x000000000000c3e2       0x56 build/sky/contiki-ng-sky.a(uip-sr.o)
                0x000000000000c3e2                uip_sr_expire_parent
 .text.uip_sr_update_node
                0x000000000000c438       0xbc build/sky/contiki-ng-sky.a(uip-sr.o)
                0x000000000000c438                uip_sr_update_node
 .text.uip_sr_init
                0x000000000000c4f4       0x16 build/sky/contiki-ng-sky.a(uip-sr.o)
                0x000000000000c4f4                uip_sr_init
 .text.uip_sr_periodic
                0x000000000000c50a       0x9a build/sky/contiki-ng-sky.a(uip-sr.o)
                0x000000000000c50a                uip_sr_periodic
 .text.uip_sr_free_all
                0x000000000000c5a4       0x3c build/sky/contiki-ng-sky.a(uip-sr.o)
                0x000000000000c5a4                uip_sr_free_all
 .text.update_state
                0x000000000000c5e0       0x78 build/sky/contiki-ng-sky.a(rpl-nbr-policy.)
 .text.rpl_nbr_policy_find_removable
                0x000000000000c658       0x50 build/sky/contiki-ng-sky.a(rpl-nbr-policy.)
                0x000000000000c658                rpl_nbr_policy_find_removable
 .text.acceptable_rank
                0x000000000000c6a8       0x3c build/sky/contiki-ng-sky.a(rpl-neighbor.o)
 .text.remove_neighbor
                0x000000000000c6e4       0x24 build/sky/contiki-ng-sky.a(rpl-neighbor.o)
 .text.rpl_neighbor_get_from_lladdr
                0x000000000000c708        0xc build/sky/contiki-ng-sky.a(rpl-neighbor.o)
                0x000000000000c708                rpl_neighbor_get_from_lladdr
 .text.rpl_neighbor_rank_via_nbr
                0x000000000000c714       0x1c build/sky/contiki-ng-sky.a(rpl-neighbor.o)
                0x000000000000c714                rpl_neighbor_rank_via_nbr
 .text.rpl_neighbor_get_lladdr
                0x000000000000c730        0xc build/sky/contiki-ng-sky.a(rpl-neighbor.o)
                0x000000000000c730                rpl_neighbor_get_lladdr
 .text.rpl_neighbor_get_ipaddr
                0x000000000000c73c        0xa build/sky/contiki-ng-sky.a(rpl-neighbor.o)
                0x000000000000c73c                rpl_neighbor_get_ipaddr
 .text.rpl_neighbor_get_link_stats
                0x000000000000c746        0xa build/sky/contiki-ng-sky.a(rpl-neighbor.o)
                0x000000000000c746                rpl_neighbor_get_link_stats
 .text.rpl_neighbor_is_fresh
                0x000000000000c750        0xa build/sky/contiki-ng-sky.a(rpl-neighbor.o)
                0x000000000000c750                rpl_neighbor_is_fresh
 .text.best_parent
                0x000000000000c75a       0x72 build/sky/contiki-ng-sky.a(rpl-neighbor.o)
 .text.rpl_neighbor_is_parent
                0x000000000000c7cc       0x18 build/sky/contiki-ng-sky.a(rpl-neighbor.o)
                0x000000000000c7cc                rpl_neighbor_is_parent
 .text.rpl_neighbor_set_preferred_parent
                0x000000000000c7e4       0x44 build/sky/contiki-ng-sky.a(rpl-neighbor.o)
                0x000000000000c7e4                rpl_neighbor_set_preferred_parent
 .text.rpl_neighbor_remove_all
                0x000000000000c828       0x2a build/sky/contiki-ng-sky.a(rpl-neighbor.o)
                0x000000000000c828                rpl_neighbor_remove_all
 .text.rpl_neighbor_get_from_ipaddr
                0x000000000000c852       0x14 build/sky/contiki-ng-sky.a(rpl-neighbor.o)
                0x000000000000c852                rpl_neighbor_get_from_ipaddr
 .text.rpl_neighbor_select_best
                0x000000000000c866       0x52 build/sky/contiki-ng-sky.a(rpl-neighbor.o)
                0x000000000000c866                rpl_neighbor_select_best
 .text.rpl_neighbor_init
                0x000000000000c8b8        0xe build/sky/contiki-ng-sky.a(rpl-neighbor.o)
                0x000000000000c8b8                rpl_neighbor_init
 .text.handle_state_update
                0x000000000000c8c6        0x6 build/sky/contiki-ng-sky.a(rpl-timers.o)
 .text.handle_leaving_timer
                0x000000000000c8cc        0xc build/sky/contiki-ng-sky.a(rpl-timers.o)
 .text.schedule_dao_retransmission
                0x000000000000c8d8       0x34 build/sky/contiki-ng-sky.a(rpl-timers.o)
 .text.new_dio_interval
                0x000000000000c90c       0x8a build/sky/contiki-ng-sky.a(rpl-timers.o)
 .text.handle_unicast_dio_timer
                0x000000000000c996       0x12 build/sky/contiki-ng-sky.a(rpl-timers.o)
 .text.send_new_dao
                0x000000000000c9a8       0x28 build/sky/contiki-ng-sky.a(rpl-timers.o)
 .text.resend_dao
                0x000000000000c9d0       0x24 build/sky/contiki-ng-sky.a(rpl-timers.o)
 .text.handle_dao_ack_timer
                0x000000000000c9f4       0x12 build/sky/contiki-ng-sky.a(rpl-timers.o)
 .text.handle_dio_timer
                0x000000000000ca06       0x6e build/sky/contiki-ng-sky.a(rpl-timers.o)
 .text.rpl_timers_schedule_periodic_dis
                0x000000000000ca74       0x40 build/sky/contiki-ng-sky.a(rpl-timers.o)
                0x000000000000ca74                rpl_timers_schedule_periodic_dis
 .text.handle_periodic_timer
                0x000000000000cab4       0x3a build/sky/contiki-ng-sky.a(rpl-timers.o)
 .text.handle_dis_timer
                0x000000000000caee       0x26 build/sky/contiki-ng-sky.a(rpl-timers.o)
 .text.rpl_timers_dio_reset
                0x000000000000cb14       0x20 build/sky/contiki-ng-sky.a(rpl-timers.o)
                0x000000000000cb14                rpl_timers_dio_reset
 .text.rpl_timers_schedule_unicast_dio
                0x000000000000cb34       0x20 build/sky/contiki-ng-sky.a(rpl-timers.o)
                0x000000000000cb34                rpl_timers_schedule_unicast_dio
 .text.rpl_timers_schedule_dao
                0x000000000000cb54       0x3a build/sky/contiki-ng-sky.a(rpl-timers.o)
                0x000000000000cb54                rpl_timers_schedule_dao
 .text.rpl_timers_schedule_dao_ack
                0x000000000000cb8e       0x34 build/sky/contiki-ng-sky.a(rpl-timers.o)
                0x000000000000cb8e                rpl_timers_schedule_dao_ack
 .text.rpl_timers_notify_dao_ack
                0x000000000000cbc2       0x74 build/sky/contiki-ng-sky.a(rpl-timers.o)
                0x000000000000cbc2                rpl_timers_notify_dao_ack
 .text.get_probing_delay
                0x000000000000cc36       0x1c build/sky/contiki-ng-sky.a(rpl-timers.o)
                0x000000000000cc36                get_probing_delay
 .text.get_probing_target
                0x000000000000cc52       0xec build/sky/contiki-ng-sky.a(rpl-timers.o)
                0x000000000000cc52                get_probing_target
 .text.rpl_schedule_probing
                0x000000000000cd3e       0x20 build/sky/contiki-ng-sky.a(rpl-timers.o)
                0x000000000000cd3e                rpl_schedule_probing
 .text.handle_probing_timer
                0x000000000000cd5e       0x2a build/sky/contiki-ng-sky.a(rpl-timers.o)
 .text.rpl_schedule_probing_now
                0x000000000000cd88       0x32 build/sky/contiki-ng-sky.a(rpl-timers.o)
                0x000000000000cd88                rpl_schedule_probing_now
 .text.rpl_timers_unschedule_leaving
                0x000000000000cdba       0x1c build/sky/contiki-ng-sky.a(rpl-timers.o)
                0x000000000000cdba                rpl_timers_unschedule_leaving
 .text.rpl_timers_schedule_leaving
                0x000000000000cdd6       0x2a build/sky/contiki-ng-sky.a(rpl-timers.o)
                0x000000000000cdd6                rpl_timers_schedule_leaving
 .text.rpl_timers_init
                0x000000000000ce00       0x1c build/sky/contiki-ng-sky.a(rpl-timers.o)
                0x000000000000ce00                rpl_timers_init
 .text.rpl_timers_stop_dag_timers
                0x000000000000ce1c       0x4c build/sky/contiki-ng-sky.a(rpl-timers.o)
                0x000000000000ce1c                rpl_timers_stop_dag_timers
 .text.rpl_timers_unschedule_state_update
                0x000000000000ce68       0x10 build/sky/contiki-ng-sky.a(rpl-timers.o)
                0x000000000000ce68                rpl_timers_unschedule_state_update
 .text.rpl_timers_schedule_state_update
                0x000000000000ce78       0x1c build/sky/contiki-ng-sky.a(rpl-timers.o)
                0x000000000000ce78                rpl_timers_schedule_state_update
 .text.update_hbh_header
                0x000000000000ce94       0x4e build/sky/contiki-ng-sky.a(rpl-ext-header.)
 .text.rpl_ext_header_srh_get_next_hop
                0x000000000000cee2       0x86 build/sky/contiki-ng-sky.a(rpl-ext-header.)
                0x000000000000cee2                rpl_ext_header_srh_get_next_hop
 .text.rpl_ext_header_srh_update
                0x000000000000cf68      0x104 build/sky/contiki-ng-sky.a(rpl-ext-header.)
                0x000000000000cf68                rpl_ext_header_srh_update
 .text.rpl_ext_header_hbh_update
                0x000000000000d06c       0x98 build/sky/contiki-ng-sky.a(rpl-ext-header.)
                0x000000000000d06c                rpl_ext_header_hbh_update
 .text.rpl_ext_header_remove
                0x000000000000d104      0x164 build/sky/contiki-ng-sky.a(rpl-ext-header.)
                0x000000000000d104                rpl_ext_header_remove
 .text.rpl_ext_header_update
                0x000000000000d268      0x2c8 build/sky/contiki-ng-sky.a(rpl-ext-header.)
                0x000000000000d268                rpl_ext_header_update
 .text.reset    0x000000000000d530        0x2 build/sky/contiki-ng-sky.a(rpl-mrhof.o)
 .text.update_metric_container
                0x000000000000d532        0x6 build/sky/contiki-ng-sky.a(rpl-mrhof.o)
 .text.nbr_link_metric
                0x000000000000d538       0x12 build/sky/contiki-ng-sky.a(rpl-mrhof.o)
 .text.nbr_has_usable_link
                0x000000000000d54a       0x14 build/sky/contiki-ng-sky.a(rpl-mrhof.o)
 .text.nbr_path_cost
                0x000000000000d55e       0x38 build/sky/contiki-ng-sky.a(rpl-mrhof.o)
 .text.within_hysteresis
                0x000000000000d596       0x5a build/sky/contiki-ng-sky.a(rpl-mrhof.o)
 .text.nbr_is_acceptable_parent
                0x000000000000d5f0       0x2c build/sky/contiki-ng-sky.a(rpl-mrhof.o)
 .text.rank_via_nbr
                0x000000000000d61c       0x48 build/sky/contiki-ng-sky.a(rpl-mrhof.o)
 .text.best_parent
                0x000000000000d664       0x7e build/sky/contiki-ng-sky.a(rpl-mrhof.o)
 .text.spi_init
                0x000000000000d6e2       0x32 build/sky/contiki-ng-sky.a(spi-legacy.o)
                0x000000000000d6e2                spi_init
 .text.libgcc   0x000000000000d714       0x2c /usr/lib/gcc/msp430/4.6.3/mmpy-16/libgcc.a(_mulsi3.o)
                0x000000000000d714                __mulsi3
 .text.libgcc   0x000000000000d740       0x22 /usr/lib/gcc/msp430/4.6.3/mmpy-16/libgcc.a(_udivmod16.o)
                0x000000000000d740                __udivhi3
                0x000000000000d740                __ext_udivmod16
                0x000000000000d75a                __umodhi3
 .text.libgcc   0x000000000000d762       0x3a /usr/lib/gcc/msp430/4.6.3/mmpy-16/libgcc.a(_divmod16.o)
                0x000000000000d762                __ext_divmod16
                0x000000000000d762                __divhi3
                0x000000000000d794                __modhi3
 .text.libgcc   0x000000000000d79c       0x40 /usr/lib/gcc/msp430/4.6.3/mmpy-16/libgcc.a(_udivmod32.o)
                0x000000000000d79c                __udivsi3
                0x000000000000d79c                __ext_udivmod32
                0x000000000000d7d2                __umodsi3
 .text.libgcc   0x000000000000d7dc       0x4c /usr/lib/gcc/msp430/4.6.3/mmpy-16/libgcc.a(_divmod32.o)
                0x000000000000d7dc                __ext_divmod32
                0x000000000000d7dc                __divsi3
                0x000000000000d81e                __modsi3
 .text          0x000000000000d828       0x1e /usr/lib/gcc/msp430/4.6.3/../../../../msp430/lib/mmpy-16/libc.a(strcmp.o)
                0x000000000000d828                strcmp
 .text          0x000000000000d846       0x20 /usr/lib/gcc/msp430/4.6.3/../../../../msp430/lib/mmpy-16/libc.a(memcmp.o)
                0x000000000000d846                memcmp
 .text          0x000000000000d866       0xfa /usr/lib/gcc/msp430/4.6.3/../../../../msp430/lib/mmpy-16/libc.a(memcpy.o)
                0x000000000000d866                memcpy
 .text          0x000000000000d960       0xfa /usr/lib/gcc/msp430/4.6.3/../../../../msp430/lib/mmpy-16/libc.a(memmove.o)
                0x000000000000d960                memmove
 .text          0x000000000000da5a       0x6a /usr/lib/gcc/msp430/4.6.3/../../../../msp430/lib/mmpy-16/libc.a(memset.o)
                0x000000000000da5a                memset
 .text          0x000000000000dac4       0x1e /usr/lib/gcc/msp430/4.6.3/../../../../msp430/lib/mmpy-16/libc.a(printf.o)
                0x000000000000dac4                printf
                0x000000000000dad4                vprintf
 .text          0x000000000000dae2       0xbc /usr/lib/gcc/msp430/4.6.3/../../../../msp430/lib/mmpy-16/libc.a(sprintf.o)
                0x000000000000db40                sprintf
                0x000000000000db5c                snprintf
                0x000000000000db76                vsprintf
                0x000000000000db8c                vsnprintf
 .text          0x000000000000db9e      0x836 /usr/lib/gcc/msp430/4.6.3/../../../../msp430/lib/mmpy-16/libc.a(vuprintf.o)
                0x000000000000dd36                vuprintf
 .text          0x000000000000e3d4       0x2c /usr/lib/gcc/msp430/4.6.3/../../../../msp430/lib/mmpy-16/libc.a(puts.o)
                0x000000000000e3d4                puts
 .text          0x000000000000e400       0x54 /usr/lib/gcc/msp430/4.6.3/../../../../msp430/lib/mmpy-16/libc.a(rand.o)
                0x000000000000e400                rand_r
                0x000000000000e424                rand
                0x000000000000e44a                srand
 .text.libgcc   0x000000000000e454       0xf0 /usr/lib/gcc/msp430/4.6.3/mmpy-16/libgcc.a(_udivmod64.o)
                0x000000000000e454                __xabi_udivmod64
                0x000000000000e4b2                __udivdi3
                0x000000000000e4d8                __umoddi3
                0x000000000000e506                __udivmoddi4
 .text.crt0     0x000000000000e544        0x2 /usr/lib/gcc/msp430/4.6.3/mmpy-16/libcrt0.a(_unexpected_.o)
                0x000000000000e544                _unexpected_
                0x000000000000e546                . = ALIGN (0x2)

.rodata         0x000000000000e546      0x492
                0x000000000000e546                . = ALIGN (0x2)
 *(.rodata .rodata.* .gnu.linkonce.r.*)
 .rodata        0x000000000000e546       0x5e IDS.o
                0x000000000000e594                autostart_processes
 .rodata        0x000000000000e5a4       0xee build/sky/obj/contiki-main.o
 .rodata        0x000000000000e692       0x31 build/sky/contiki-ng-sky.a(platform.o)
 .rodata        0x000000000000e6c3        0xf build/sky/contiki-ng-sky.a(ctimer.o)
 .rodata        0x000000000000e6d2        0xc build/sky/contiki-ng-sky.a(etimer.o)
 .rodata        0x000000000000e6de       0xb2 build/sky/contiki-ng-sky.a(log.o)
 .rodata        0x000000000000e790        0x8 build/sky/contiki-ng-sky.a(linkaddr.o)
                0x000000000000e790                linkaddr_null
 .rodata        0x000000000000e798       0x14 build/sky/contiki-ng-sky.a(csma.o)
                0x000000000000e79e                csma_driver
 .rodata        0x000000000000e7ac        0xd build/sky/contiki-ng-sky.a(tcpip.o)
 .rodata        0x000000000000e7b9       0x13 build/sky/contiki-ng-sky.a(simple-udp.o)
 .rodata        0x000000000000e7cc       0x26 build/sky/contiki-ng-sky.a(sicslowpan.o)
                0x000000000000e7d8                sicslowpan_driver
                0x000000000000e7e0                llprefix
                0x000000000000e7e2                unc_mxconf
                0x000000000000e7e6                unc_ctxconf
                0x000000000000e7ea                unc_llconf
 .rodata        0x000000000000e7f2       0x2d build/sky/contiki-ng-sky.a(uiplib.o)
 *fill*         0x000000000000e81f        0x1 00
 .rodata        0x000000000000e820       0x32 build/sky/contiki-ng-sky.a(rpl.o)
                0x000000000000e82a                rpl_lite_driver
 .rodata        0x000000000000e852       0xe0 build/sky/contiki-ng-sky.a(rpl-dag.o)
 .rodata        0x000000000000e932       0x10 build/sky/contiki-ng-sky.a(button-sensor.o)
                0x000000000000e93a                button_sensor
 .rodata        0x000000000000e942        0x8 build/sky/contiki-ng-sky.a(sensors.o)
 .rodata        0x000000000000e94a       0x72 build/sky/contiki-ng-sky.a(cc2420.o)
                0x000000000000e97e                cc2420_aes_128_driver
                0x000000000000e982                cc2420_driver
 .rodata        0x000000000000e9bc        0x6 build/sky/contiki-ng-sky.a(framer-802154.o)
                0x000000000000e9bc                framer_802154
 .rodata        0x000000000000e9c2        0x2 build/sky/contiki-ng-sky.a(frame802154.o)
 .rodata        0x000000000000e9c4        0xc build/sky/contiki-ng-sky.a(rpl-timers.o)
 .rodata        0x000000000000e9d0        0x7 /usr/lib/gcc/msp430/4.6.3/../../../../msp430/lib/mmpy-16/libc.a(vuprintf.o)
                0x000000000000e9d8                . = ALIGN (0x2)
 *fill*         0x000000000000e9d7        0x1 00
                0x000000000000e9d8                _etext = .

.data           0x0000000000001100      0x134 load address 0x000000000000e9d8
                0x0000000000001100                . = ALIGN (0x2)
                0x0000000000001100                PROVIDE (__data_start, .)
 *(.data .data.* .gnu.linkonce.d.*)
 .data          0x0000000000001100        0xa IDS.o
                0x0000000000001100                udp_server_process
 .data          0x000000000000110a        0x2 build/sky/contiki-ng-sky.a(msp430.o)
 .data          0x000000000000110c        0xa build/sky/contiki-ng-sky.a(ctimer.o)
                0x000000000000110c                ctimer_process
 .data          0x0000000000001116        0xa build/sky/contiki-ng-sky.a(etimer.o)
                0x0000000000001116                etimer_process
 .data          0x0000000000001120       0x4a build/sky/contiki-ng-sky.a(log.o)
                0x0000000000001120                all_modules
                0x0000000000001168                curr_log_level_main
 .data          0x000000000000116a       0x10 build/sky/contiki-ng-sky.a(queuebuf.o)
 .data          0x000000000000117a       0x18 build/sky/contiki-ng-sky.a(csma-output.o)
 .data          0x0000000000001192        0xa build/sky/contiki-ng-sky.a(tcpip.o)
                0x0000000000001192                tcpip_process
 .data          0x000000000000119c        0x8 build/sky/contiki-ng-sky.a(uip-ds6-route.o)
 .data          0x00000000000011a4        0x8 build/sky/contiki-ng-sky.a(uip-ds6-nbr.o)
 .data          0x00000000000011ac        0x6 build/sky/contiki-ng-sky.a(uip-nd6.o)
 .data          0x00000000000011b2        0xa build/sky/contiki-ng-sky.a(simple-udp.o)
                0x00000000000011b2                simple_udp_process
 .data          0x00000000000011bc       0x18 build/sky/contiki-ng-sky.a(rpl-icmp6.o)
 .data          0x00000000000011d4        0x4 build/sky/contiki-ng-sky.a(contiki-sky-pla)
                0x00000000000011d4                sensors
 .data          0x00000000000011d8        0xa build/sky/contiki-ng-sky.a(sensors.o)
                0x00000000000011d8                sensors_process
 .data          0x00000000000011e2        0xc build/sky/contiki-ng-sky.a(cc2420.o)
                0x00000000000011e2                cc2420_process
 .data          0x00000000000011ee        0x8 build/sky/contiki-ng-sky.a(nbr-table.o)
 .data          0x00000000000011f6        0x8 build/sky/contiki-ng-sky.a(link-stats.o)
 .data          0x00000000000011fe        0x2 build/sky/contiki-ng-sky.a(frame802154.o)
 .data          0x0000000000001200        0xc build/sky/contiki-ng-sky.a(uip-icmp6.o)
 .data          0x000000000000120c        0x8 build/sky/contiki-ng-sky.a(uip-sr.o)
 .data          0x0000000000001214        0xa build/sky/contiki-ng-sky.a(rpl-neighbor.o)
                0x0000000000001214                rpl_neighbors